<html>
<body>
<pre>
<h1>礦ision Build Log</h1>
<h2>Tool Versions:</h2>
IDE-Version: μVision V5.21.1.0
Copyright (C) 2016 ARM Ltd and ARM Germany GmbH. All rights reserved.
License Information: 123 chen, abc, LIC=7YKYW-QE0BQ-RFDIZ-JQY6D-D2AWM-8BL90
 
Tool Versions:
Toolchain:       MDK-ARM Professional  Version: 5.21a
Toolchain Path:  D:\MDK\ARM\ARMCC\Bin
C Compiler:      Armcc.exe V5.06 update 3 (build 300)
Assembler:       Armasm.exe V5.06 update 3 (build 300)
Linker/Locator:  ArmLink.exe V5.06 update 3 (build 300)
Library Manager: ArmAr.exe V5.06 update 3 (build 300)
Hex Converter:   FromElf.exe V5.06 update 3 (build 300)
CPU DLL:         SARMCM3.DLL V5.21a
Dialog DLL:      DCM.DLL V1.13.8.0
Target DLL:      STLink\ST-LINKIII-KEIL_SWO.dll V2.0.18.0
Dialog DLL:      TCM.DLL V1.14.14.0
 
<h2>Project:</h2>
F:\biaozhun4\嵌入式大作业\Project\RVMDK\EID-V2.uvprojx
Project File Date:  01/06/2026

<h2>Output:</h2>
*** Using Compiler 'V5.06 update 3 (build 300)', folder: 'D:\MDK\ARM\ARMCC\Bin'
Build target 'STM3210E-EVAL'
compiling game_menu.c...
..\inc\DigitalTube.h(17): warning:  #1-D: last line of file ends without a newline
  /******END OF FILE****/
..\inc\EXTI.h(17): warning:  #1-D: last line of file ends without a newline
  /******END OF FILE****/
..\inc\game.h(89): warning:  #1-D: last line of file ends without a newline
  #endif
..\src\game_menu.c(53): warning:  #177-D: variable "buf" was declared but never referenced
      char buf[64];
..\src\game_menu.c(160): warning:  #1-D: last line of file ends without a newline
  }
..\src\game_menu.c: 5 warnings, 0 errors
linking...
Program Size: Code=14012 RO-data=6544 RW-data=220 ZI-data=988  
".\Obj\STM3210E-EVAL.axf" - 0 Error(s), 5 Warning(s).

<h2>Collection of Component include folders:</h2>
  F:\biaozhun4\嵌入式大作业\Project\RVMDK\RTE
  D:\MDK\ARM\PACK\Keil\STM32F1xx_DFP\2.1.0\Device\Include

<h2>Collection of Component Files used:</h2>
Build Time Elapsed:  00:00:01
</pre>
</body>
</html>
