Component: ARM Compiler 5.06 update 3 (build 300) Tool: armlink [4d35c9]

==============================================================================

Section Cross References

    main.o(i.main) refers to system_stm32f10x.o(i.SystemInit) for SystemInit
    main.o(i.main) refers to uart.o(i.RS232_Configuration) for RS232_Configuration
    main.o(i.main) refers to uart.o(i.NVIC_Configuration) for NVIC_Configuration
    main.o(i.main) refers to systick.o(i.systick_init) for systick_init
    main.o(i.main) refers to lcd.o(i.Touch_Init) for Touch_Init
    main.o(i.main) refers to lcd.o(i.LCD_Configuration) for LCD_Configuration
    main.o(i.main) refers to lcd.o(i.LCD_Init) for LCD_Init
    main.o(i.main) refers to game.o(i.game_init) for game_init
    main.o(i.main) refers to game_menu.o(i.menu_draw_start_screen) for menu_draw_start_screen
    main.o(i.main) refers to lcd.o(i.Touch_PenDown) for Touch_PenDown
    main.o(i.main) refers to lcd.o(i.TouchScreen) for TouchScreen
    main.o(i.main) refers to game_menu.o(i.menu_draw_start_touch_status) for menu_draw_start_touch_status
    main.o(i.main) refers to game.o(i.game_touch_in_rect) for game_touch_in_rect
    main.o(i.main) refers to game_menu.o(i.menu_start_game) for menu_start_game
    main.o(i.main) refers to game_menu.o(i.menu_handle_touch) for menu_handle_touch
    main.o(i.main) refers to sys.o(i.delay_ms) for delay_ms
    main.o(i.main) refers to uart.o(.data) for FrameFlag
    main.o(i.main) refers to lcd.o(.data) for PointX_ADmax
    main.o(i.main) refers to game.o(.data) for g_ui
    main.o(i.main) refers to main.o(.data) for diag_div
    dma.o(i.Delay_ms) refers to dma.o(i.Delay_us) for Delay_us
    dma.o(i.Delay_s) refers to dma.o(i.Delay_ms) for Delay_ms
    dma.o(i.MyDMA_Init) refers to stm32f10x_rcc.o(i.RCC_AHBPeriphClockCmd) for RCC_AHBPeriphClockCmd
    dma.o(i.MyDMA_Init) refers to stm32f10x_dma.o(i.DMA_Init) for DMA_Init
    dma.o(i.MyDMA_Init) refers to stm32f10x_dma.o(i.DMA_Cmd) for DMA_Cmd
    dma.o(i.MyDMA_Init) refers to dma.o(.data) for MyDMA_Size
    dma.o(i.MyDMA_Transfer) refers to stm32f10x_dma.o(i.DMA_Cmd) for DMA_Cmd
    dma.o(i.MyDMA_Transfer) refers to stm32f10x_dma.o(i.DMA_GetFlagStatus) for DMA_GetFlagStatus
    dma.o(i.MyDMA_Transfer) refers to stm32f10x_dma.o(i.DMA_ClearFlag) for DMA_ClearFlag
    exti.o(i.Count_KEY_Init) refers to stm32f10x_rcc.o(i.RCC_APB2PeriphClockCmd) for RCC_APB2PeriphClockCmd
    exti.o(i.Count_KEY_Init) refers to stm32f10x_gpio.o(i.GPIO_Init) for GPIO_Init
    exti.o(i.EXTI9_5_IRQHandler) refers to stm32f10x_exti.o(i.EXTI_GetITStatus) for EXTI_GetITStatus
    exti.o(i.EXTI9_5_IRQHandler) refers to stm32f10x_exti.o(i.EXTI_ClearITPendingBit) for EXTI_ClearITPendingBit
    exti.o(i.EXTI9_5_IRQHandler) refers to exti.o(.data) for temps
    exti.o(i.EXTIX_Init) refers to stm32f10x_rcc.o(i.RCC_APB2PeriphClockCmd) for RCC_APB2PeriphClockCmd
    exti.o(i.EXTIX_Init) refers to stm32f10x_gpio.o(i.GPIO_EXTILineConfig) for GPIO_EXTILineConfig
    exti.o(i.EXTIX_Init) refers to stm32f10x_exti.o(i.EXTI_Init) for EXTI_Init
    exti.o(i.EXTIX_Init) refers to misc.o(i.NVIC_Init) for NVIC_Init
    exti.o(i.EXTI_test) refers to exti.o(i.LED_Configuration) for LED_Configuration
    exti.o(i.EXTI_test) refers to exti.o(i.Count_KEY_Init) for Count_KEY_Init
    exti.o(i.EXTI_test) refers to exti.o(i.EXTIX_Init) for EXTIX_Init
    exti.o(i.LED_Configuration) refers to stm32f10x_rcc.o(i.RCC_APB2PeriphClockCmd) for RCC_APB2PeriphClockCmd
    exti.o(i.LED_Configuration) refers to stm32f10x_gpio.o(i.GPIO_Init) for GPIO_Init
    sys.o(i.delay_init) refers to misc.o(i.SysTick_CLKSourceConfig) for SysTick_CLKSourceConfig
    sys.o(i.delay_init) refers to sys.o(.data) for fac_us
    sys.o(i.delay_ms) refers to systick.o(.data) for g_ms_tick
    sys.o(i.delay_s) refers to sys.o(i.delay_ms) for delay_ms
    sys.o(i.delay_us) refers to stm32f10x_rcc.o(i.RCC_GetClocksFreq) for RCC_GetClocksFreq
    systick.o(i.SysTick_Handler) refers to systick.o(i.time_handle) for time_handle
    systick.o(i.systick_init) refers to stm32f10x_rcc.o(i.RCC_GetClocksFreq) for RCC_GetClocksFreq
    systick.o(i.systick_init) refers to misc.o(i.SysTick_CLKSourceConfig) for SysTick_CLKSourceConfig
    systick.o(i.time_handle) refers to systick.o(.data) for g_ms_tick
    systick.o(i.time_handle) refers to uart.o(.data) for RecvTimeOver
    uart.o(i.NVIC_Configuration) refers to misc.o(i.NVIC_SetVectorTable) for NVIC_SetVectorTable
    uart.o(i.NVIC_Configuration) refers to misc.o(i.NVIC_PriorityGroupConfig) for NVIC_PriorityGroupConfig
    uart.o(i.NVIC_Configuration) refers to misc.o(i.NVIC_Init) for NVIC_Init
    uart.o(i.RS232_Configuration) refers to stm32f10x_rcc.o(i.RCC_APB2PeriphClockCmd) for RCC_APB2PeriphClockCmd
    uart.o(i.RS232_Configuration) refers to stm32f10x_gpio.o(i.GPIO_Init) for GPIO_Init
    uart.o(i.RS232_Configuration) refers to stm32f10x_usart.o(i.USART_Init) for USART_Init
[...]
    Removing stm32f10x_fsmc.o(i.FSMC_PCCARDStructInit), (60 bytes).
    Removing stm32f10x_spi.o(i.I2S_Cmd), (24 bytes).
    Removing stm32f10x_spi.o(i.I2S_Init), (210 bytes).
    Removing stm32f10x_spi.o(i.I2S_StructInit), (20 bytes).
    Removing stm32f10x_spi.o(i.SPI_BiDirectionalLineConfig), (28 bytes).
    Removing stm32f10x_spi.o(i.SPI_CalculateCRC), (24 bytes).
    Removing stm32f10x_spi.o(i.SPI_Cmd), (24 bytes).
    Removing stm32f10x_spi.o(i.SPI_DataSizeConfig), (18 bytes).
    Removing stm32f10x_spi.o(i.SPI_GetCRC), (16 bytes).
    Removing stm32f10x_spi.o(i.SPI_GetCRCPolynomial), (6 bytes).
    Removing stm32f10x_spi.o(i.SPI_I2S_ClearFlag), (6 bytes).
    Removing stm32f10x_spi.o(i.SPI_I2S_ClearITPendingBit), (20 bytes).
    Removing stm32f10x_spi.o(i.SPI_I2S_DMACmd), (18 bytes).
    Removing stm32f10x_spi.o(i.SPI_I2S_DeInit), (92 bytes).
    Removing stm32f10x_spi.o(i.SPI_I2S_GetFlagStatus), (18 bytes).
    Removing stm32f10x_spi.o(i.SPI_I2S_GetITStatus), (52 bytes).
    Removing stm32f10x_spi.o(i.SPI_I2S_ITConfig), (32 bytes).
    Removing stm32f10x_spi.o(i.SPI_I2S_ReceiveData), (6 bytes).
    Removing stm32f10x_spi.o(i.SPI_I2S_SendData), (4 bytes).
    Removing stm32f10x_spi.o(i.SPI_Init), (60 bytes).
    Removing stm32f10x_spi.o(i.SPI_NSSInternalSoftwareConfig), (30 bytes).
    Removing stm32f10x_spi.o(i.SPI_SSOutputCmd), (24 bytes).
    Removing stm32f10x_spi.o(i.SPI_StructInit), (24 bytes).
    Removing stm32f10x_spi.o(i.SPI_TransmitCRC), (10 bytes).
    Removing stm32f10x_exti.o(i.EXTI_ClearFlag), (12 bytes).
    Removing stm32f10x_exti.o(i.EXTI_DeInit), (36 bytes).
    Removing stm32f10x_exti.o(i.EXTI_GenerateSWInterrupt), (16 bytes).
    Removing stm32f10x_exti.o(i.EXTI_GetFlagStatus), (24 bytes).
    Removing stm32f10x_exti.o(i.EXTI_Init), (184 bytes).
    Removing stm32f10x_exti.o(i.EXTI_StructInit), (16 bytes).
    Removing stm32f10x_rtc.o(i.RTC_ClearFlag), (16 bytes).
    Removing stm32f10x_rtc.o(i.RTC_ClearITPendingBit), (16 bytes).
    Removing stm32f10x_rtc.o(i.RTC_EnterConfigMode), (20 bytes).
    Removing stm32f10x_rtc.o(i.RTC_ExitConfigMode), (20 bytes).
    Removing stm32f10x_rtc.o(i.RTC_GetCounter), (20 bytes).
    Removing stm32f10x_rtc.o(i.RTC_GetDivider), (24 bytes).
    Removing stm32f10x_rtc.o(i.RTC_GetFlagStatus), (24 bytes).
    Removing stm32f10x_rtc.o(i.RTC_GetITStatus), (36 bytes).
    Removing stm32f10x_rtc.o(i.RTC_ITConfig), (32 bytes).
    Removing stm32f10x_rtc.o(i.RTC_SetAlarm), (28 bytes).
    Removing stm32f10x_rtc.o(i.RTC_SetCounter), (28 bytes).
    Removing stm32f10x_rtc.o(i.RTC_SetPrescaler), (32 bytes).
    Removing stm32f10x_rtc.o(i.RTC_WaitForLastTask), (20 bytes).
    Removing stm32f10x_rtc.o(i.RTC_WaitForSynchro), (36 bytes).
    Removing stm32f10x_pwr.o(i.PWR_BackupAccessCmd), (12 bytes).
    Removing stm32f10x_pwr.o(i.PWR_ClearFlag), (20 bytes).
    Removing stm32f10x_pwr.o(i.PWR_DeInit), (22 bytes).
    Removing stm32f10x_pwr.o(i.PWR_EnterSTANDBYMode), (52 bytes).
    Removing stm32f10x_pwr.o(i.PWR_EnterSTOPMode), (52 bytes).
    Removing stm32f10x_pwr.o(i.PWR_GetFlagStatus), (24 bytes).
    Removing stm32f10x_pwr.o(i.PWR_PVDCmd), (12 bytes).
    Removing stm32f10x_pwr.o(i.PWR_PVDLevelConfig), (24 bytes).
    Removing stm32f10x_pwr.o(i.PWR_WakeUpPinCmd), (12 bytes).
    Removing stm32f10x_dma.o(i.DMA_ClearFlag), (28 bytes).
    Removing stm32f10x_dma.o(i.DMA_ClearITPendingBit), (28 bytes).
    Removing stm32f10x_dma.o(i.DMA_Cmd), (22 bytes).
    Removing stm32f10x_dma.o(i.DMA_DeInit), (324 bytes).
    Removing stm32f10x_dma.o(i.DMA_GetCurrDataCounter), (8 bytes).
    Removing stm32f10x_dma.o(i.DMA_GetFlagStatus), (44 bytes).
    Removing stm32f10x_dma.o(i.DMA_GetITStatus), (44 bytes).
    Removing stm32f10x_dma.o(i.DMA_ITConfig), (18 bytes).
    Removing stm32f10x_dma.o(i.DMA_Init), (60 bytes).
    Removing stm32f10x_dma.o(i.DMA_StructInit), (26 bytes).
    Removing stm32f10x_crc.o(i.CRC_CalcBlockCRC), (36 bytes).
    Removing stm32f10x_crc.o(i.CRC_CalcCRC), (16 bytes).
    Removing stm32f10x_crc.o(i.CRC_GetCRC), (12 bytes).
    Removing stm32f10x_crc.o(i.CRC_GetIDRegister), (12 bytes).
    Removing stm32f10x_crc.o(i.CRC_ResetDR), (12 bytes).
    Removing stm32f10x_crc.o(i.CRC_SetIDRegister), (12 bytes).
    Removing stm32f10x_dbgmcu.o(i.DBGMCU_Config), (32 bytes).
    Removing stm32f10x_dbgmcu.o(i.DBGMCU_GetDEVID), (16 bytes).
    Removing stm32f10x_dbgmcu.o(i.DBGMCU_GetREVID), (12 bytes).
    Removing stm32f10x_flash.o(i.FLASH_ClearFlag), (12 bytes).
    Removing stm32f10x_flash.o(i.FLASH_EnableWriteProtection), (196 bytes).
    Removing stm32f10x_flash.o(i.FLASH_EraseAllPages), (76 bytes).
    Removing stm32f10x_flash.o(i.FLASH_EraseOptionBytes), (160 bytes).
    Removing stm32f10x_flash.o(i.FLASH_ErasePage), (80 bytes).
    Removing stm32f10x_flash.o(i.FLASH_GetFlagStatus), (48 bytes).
    Removing stm32f10x_flash.o(i.FLASH_GetPrefetchBufferStatus), (24 bytes).
    Removing stm32f10x_flash.o(i.FLASH_GetReadOutProtectionStatus), (24 bytes).
    Removing stm32f10x_flash.o(i.FLASH_GetStatus), (52 bytes).
    Removing stm32f10x_flash.o(i.FLASH_GetUserOptionByte), (12 bytes).
    Removing stm32f10x_flash.o(i.FLASH_GetWriteProtectionOptionByte), (12 bytes).
    Removing stm32f10x_flash.o(i.FLASH_HalfCycleAccessCmd), (28 bytes).
    Removing stm32f10x_flash.o(i.FLASH_ITConfig), (32 bytes).
    Removing stm32f10x_flash.o(i.FLASH_Lock), (20 bytes).
    Removing stm32f10x_flash.o(i.FLASH_PrefetchBufferCmd), (28 bytes).
    Removing stm32f10x_flash.o(i.FLASH_ProgramHalfWord), (68 bytes).
    Removing stm32f10x_flash.o(i.FLASH_ProgramOptionByteData), (84 bytes).
    Removing stm32f10x_flash.o(i.FLASH_ProgramWord), (104 bytes).
    Removing stm32f10x_flash.o(i.FLASH_ReadOutProtection), (172 bytes).
    Removing stm32f10x_flash.o(i.FLASH_SetLatency), (24 bytes).
    Removing stm32f10x_flash.o(i.FLASH_Unlock), (24 bytes).
    Removing stm32f10x_flash.o(i.FLASH_UserOptionByteConfig), (108 bytes).
    Removing stm32f10x_flash.o(i.FLASH_WaitForLastOperation), (42 bytes).
    Removing stm32f10x_flash.o(i.delay), (26 bytes).
    Removing stm32f10x_iwdg.o(i.IWDG_Enable), (16 bytes).
    Removing stm32f10x_iwdg.o(i.IWDG_GetFlagStatus), (24 bytes).
    Removing stm32f10x_iwdg.o(i.IWDG_ReloadCounter), (16 bytes).
    Removing stm32f10x_iwdg.o(i.IWDG_SetPrescaler), (12 bytes).
    Removing stm32f10x_iwdg.o(i.IWDG_SetReload), (12 bytes).
    Removing stm32f10x_iwdg.o(i.IWDG_WriteAccessCmd), (12 bytes).
    Removing stm32f10x_sdio.o(i.SDIO_CEATAITCmd), (16 bytes).
    Removing stm32f10x_sdio.o(i.SDIO_ClearFlag), (12 bytes).
    Removing stm32f10x_sdio.o(i.SDIO_ClearITPendingBit), (12 bytes).
    Removing stm32f10x_sdio.o(i.SDIO_ClockCmd), (12 bytes).
    Removing stm32f10x_sdio.o(i.SDIO_CmdStructInit), (14 bytes).
    Removing stm32f10x_sdio.o(i.SDIO_CommandCompletionCmd), (12 bytes).
    Removing stm32f10x_sdio.o(i.SDIO_DMACmd), (12 bytes).
    Removing stm32f10x_sdio.o(i.SDIO_DataConfig), (48 bytes).
    Removing stm32f10x_sdio.o(i.SDIO_DataStructInit), (20 bytes).
    Removing stm32f10x_sdio.o(i.SDIO_DeInit), (36 bytes).
    Removing stm32f10x_sdio.o(i.SDIO_GetCommandResponse), (12 bytes).
    Removing stm32f10x_sdio.o(i.SDIO_GetDataCounter), (12 bytes).
    Removing stm32f10x_sdio.o(i.SDIO_GetFIFOCount), (12 bytes).
    Removing stm32f10x_sdio.o(i.SDIO_GetFlagStatus), (24 bytes).
    Removing stm32f10x_sdio.o(i.SDIO_GetITStatus), (24 bytes).
    Removing stm32f10x_sdio.o(i.SDIO_GetPowerState), (16 bytes).
    Removing stm32f10x_sdio.o(i.SDIO_GetResponse), (16 bytes).
    Removing stm32f10x_sdio.o(i.SDIO_ITConfig), (32 bytes).
    Removing stm32f10x_sdio.o(i.SDIO_Init), (48 bytes).
    Removing stm32f10x_sdio.o(i.SDIO_ReadData), (12 bytes).
    Removing stm32f10x_sdio.o(i.SDIO_SendCEATACmd), (12 bytes).
    Removing stm32f10x_sdio.o(i.SDIO_SendCommand), (44 bytes).
    Removing stm32f10x_sdio.o(i.SDIO_SendSDIOSuspendCmd), (12 bytes).
    Removing stm32f10x_sdio.o(i.SDIO_SetPowerState), (28 bytes).
    Removing stm32f10x_sdio.o(i.SDIO_SetSDIOOperation), (12 bytes).
    Removing stm32f10x_sdio.o(i.SDIO_SetSDIOReadWaitMode), (12 bytes).
    Removing stm32f10x_sdio.o(i.SDIO_StartSDIOReadWait), (12 bytes).
    Removing stm32f10x_sdio.o(i.SDIO_StopSDIOReadWait), (12 bytes).
    Removing stm32f10x_sdio.o(i.SDIO_StructInit), (16 bytes).
    Removing stm32f10x_sdio.o(i.SDIO_WriteData), (12 bytes).
    Removing stm32f10x_wwdg.o(i.WWDG_ClearFlag), (12 bytes).
    Removing stm32f10x_wwdg.o(i.WWDG_DeInit), (22 bytes).
    Removing stm32f10x_wwdg.o(i.WWDG_Enable), (16 bytes).
    Removing stm32f10x_wwdg.o(i.WWDG_EnableIT), (12 bytes).
    Removing stm32f10x_wwdg.o(i.WWDG_GetFlagStatus), (12 bytes).
    Removing stm32f10x_wwdg.o(i.WWDG_SetCounter), (16 bytes).
    Removing stm32f10x_wwdg.o(i.WWDG_SetPrescaler), (24 bytes).
    Removing stm32f10x_wwdg.o(i.WWDG_SetWindowValue), (28 bytes).
    Removing startup_stm32f10x_hd.o(HEAP), (0 bytes).
    Removing system_stm32f10x.o(.constdata), (20 bytes).
    Removing dmul.o(.text), (228 bytes).
    Removing dfltui.o(.text), (26 bytes).
    Removing dfixui.o(.text), (50 bytes).
    Removing dadd.o(.text), (334 bytes).
    Removing ddiv.o(.text), (222 bytes).
    Removing dfixul.o(.text), (48 bytes).
    Removing cdcmple.o(.text), (48 bytes).
    Removing cdrcmple.o(.text), (48 bytes).

484 unused section(s) (total 20996 bytes) removed from the image.

==============================================================================

Image Symbol Table

    Local Symbols

    Symbol Name                              Value     Ov Type        Size  Object(Section)

    ../clib/microlib/division.c              0x00000000   Number         0  uidiv.o ABSOLUTE
    ../clib/microlib/division.c              0x00000000   Number         0  uldiv.o ABSOLUTE
    ../clib/microlib/division.c              0x00000000   Number         0  ldiv.o ABSOLUTE
    ../clib/microlib/errno.c                 0x00000000   Number         0  errno.o ABSOLUTE
    ../clib/microlib/init/entry.s            0x00000000   Number         0  entry10a.o ABSOLUTE
    ../clib/microlib/init/entry.s            0x00000000   Number         0  entry11a.o ABSOLUTE
    ../clib/microlib/init/entry.s            0x00000000   Number         0  entry.o ABSOLUTE
    ../clib/microlib/init/entry.s            0x00000000   Number         0  entry2.o ABSOLUTE
    ../clib/microlib/init/entry.s            0x00000000   Number         0  entry5.o ABSOLUTE
    ../clib/microlib/init/entry.s            0x00000000   Number         0  entry7a.o ABSOLUTE
    ../clib/microlib/init/entry.s            0x00000000   Number         0  entry7b.o ABSOLUTE
    ../clib/microlib/init/entry.s            0x00000000   Number         0  entry8a.o ABSOLUTE
    ../clib/microlib/init/entry.s            0x00000000   Number         0  entry10b.o ABSOLUTE
    ../clib/microlib/init/entry.s            0x00000000   Number         0  entry8b.o ABSOLUTE
    ../clib/microlib/init/entry.s            0x00000000   Number         0  entry11b.o ABSOLUTE
    ../clib/microlib/init/entry.s            0x00000000   Number         0  entry9a.o ABSOLUTE
    ../clib/microlib/init/entry.s            0x00000000   Number         0  entry9b.o ABSOLUTE
    ../clib/microlib/longlong.c              0x00000000   Number         0  llsshr.o ABSOLUTE
    ../clib/microlib/longlong.c              0x00000000   Number         0  llshl.o ABSOLUTE
    ../clib/microlib/longlong.c              0x00000000   Number         0  llushr.o ABSOLUTE
    ../clib/microlib/printf/printf.c         0x00000000   Number         0  printf4.o ABSOLUTE
    ../clib/microlib/printf/printf.c         0x00000000   Number         0  printf2.o ABSOLUTE
    ../clib/microlib/printf/printf.c         0x00000000   Number         0  printf3.o ABSOLUTE
    ../clib/microlib/printf/printf.c         0x00000000   Number         0  printf5.o ABSOLUTE
    ../clib/microlib/printf/printf.c         0x00000000   Number         0  printf7.o ABSOLUTE
    ../clib/microlib/printf/printf.c         0x00000000   Number         0  printfa.o ABSOLUTE
    ../clib/microlib/printf/printf.c         0x00000000   Number         0  printf6.o ABSOLUTE
    ../clib/microlib/printf/printf.c         0x00000000   Number         0  printf8.o ABSOLUTE
    ../clib/microlib/printf/printf.c         0x00000000   Number         0  printf1.o ABSOLUTE
    ../clib/microlib/printf/printf.c         0x00000000   Number         0  printf0.o ABSOLUTE
    ../clib/microlib/printf/printf.c         0x00000000   Number         0  printfb.o ABSOLUTE
    ../clib/microlib/printf/stubs.s          0x00000000   Number         0  stubs.o ABSOLUTE
    ../clib/microlib/stdio/fputc.c           0x00000000   Number         0  fputc.o ABSOLUTE
    ../clib/microlib/stdio/semi.s            0x00000000   Number         0  semi.o ABSOLUTE
    ../clib/microlib/stdio/streams.c         0x00000000   Number         0  stdout.o ABSOLUTE
    ../clib/microlib/stubs.s                 0x00000000   Number         0  iusesemip.o ABSOLUTE
    ../clib/microlib/stubs.s                 0x00000000   Number         0  iusefp.o ABSOLUTE
    ../fplib/microlib/fpadd.c                0x00000000   Number         0  dadd.o ABSOLUTE
    ../fplib/microlib/fpdiv.c                0x00000000   Number         0  ddiv.o ABSOLUTE
    ../fplib/microlib/fpdiv.c                0x00000000   Number         0  fdiv.o ABSOLUTE
    ../fplib/microlib/fpepilogue.c           0x00000000   Number         0  depilogue.o ABSOLUTE
    ../fplib/microlib/fpepilogue.c           0x00000000   Number         0  fepilogue.o ABSOLUTE
    ../fplib/microlib/fpfix.c                0x00000000   Number         0  dfixui.o ABSOLUTE
    ../fplib/microlib/fpfix.c                0x00000000   Number         0  dfixi.o ABSOLUTE
    ../fplib/microlib/fpfix.c                0x00000000   Number         0  ffixi.o ABSOLUTE
    ../fplib/microlib/fpfix.c                0x00000000   Number         0  dfixul.o ABSOLUTE
    ../fplib/microlib/fpflt.c                0x00000000   Number         0  dfltui.o ABSOLUTE
    ../fplib/microlib/fpflt.c                0x00000000   Number         0  dflti.o ABSOLUTE
    ../fplib/microlib/fpflt.c                0x00000000   Number         0  fflti.o ABSOLUTE
    ../fplib/microlib/fpmul.c                0x00000000   Number         0  dmul.o ABSOLUTE
    ../fplib/microlib/fpmul.c                0x00000000   Number         0  fmul.o ABSOLUTE
    ../fplib/microlib/fpsqrt.c               0x00000000   Number         0  dsqrt.o ABSOLUTE
    ../mathlib/sqrt.c                        0x00000000   Number         0  sqrt_x.o ABSOLUTE
    ../mathlib/sqrt.c                        0x00000000   Number         0  sqrt.o ABSOLUTE
    ..\..\Libraries\CMSIS\Core\CM3\startup\arm\startup_stm32f10x_hd.s 0x00000000   Number         0  startup_stm32f10x_hd.o ABSOLUTE
    ..\..\Libraries\CMSIS\Core\CM3\system_stm32f10x.c 0x00000000   Number         0  system_stm32f10x.o ABSOLUTE
    ..\..\Libraries\STM32F10x_StdPeriph_Driver\src\misc.c 0x00000000   Number         0  misc.o ABSOLUTE
    ..\..\Libraries\STM32F10x_StdPeriph_Driver\src\stm32f10x_adc.c 0x00000000   Number         0  stm32f10x_adc.o ABSOLUTE
    ..\..\Libraries\STM32F10x_StdPeriph_Driver\src\stm32f10x_bkp.c 0x00000000   Number         0  stm32f10x_bkp.o ABSOLUTE
    ..\..\Libraries\STM32F10x_StdPeriph_Driver\src\stm32f10x_can.c 0x00000000   Number         0  stm32f10x_can.o ABSOLUTE
    ..\..\Libraries\STM32F10x_StdPeriph_Driver\src\stm32f10x_crc.c 0x00000000   Number         0  stm32f10x_crc.o ABSOLUTE
    ..\..\Libraries\STM32F10x_StdPeriph_Driver\src\stm32f10x_dac.c 0x00000000   Number         0  stm32f10x_dac.o ABSOLUTE
    ..\..\Libraries\STM32F10x_StdPeriph_Driver\src\stm32f10x_dbgmcu.c 0x00000000   Number         0  stm32f10x_dbgmcu.o ABSOLUTE
    ..\..\Libraries\STM32F10x_StdPeriph_Driver\src\stm32f10x_dma.c 0x00000000   Number         0  stm32f10x_dma.o ABSOLUTE
    ..\..\Libraries\STM32F10x_StdPeriph_Driver\src\stm32f10x_exti.c 0x00000000   Number         0  stm32f10x_exti.o ABSOLUTE
    ..\..\Libraries\STM32F10x_StdPeriph_Driver\src\stm32f10x_flash.c 0x00000000   Number         0  stm32f10x_flash.o ABSOLUTE
    ..\..\Libraries\STM32F10x_StdPeriph_Driver\src\stm32f10x_fsmc.c 0x00000000   Number         0  stm32f10x_fsmc.o ABSOLUTE
    ..\..\Libraries\STM32F10x_StdPeriph_Driver\src\stm32f10x_gpio.c 0x00000000   Number         0  stm32f10x_gpio.o ABSOLUTE
    ..\..\Libraries\STM32F10x_StdPeriph_Driver\src\stm32f10x_i2c.c 0x00000000   Number         0  stm32f10x_i2c.o ABSOLUTE
    ..\..\Libraries\STM32F10x_StdPeriph_Driver\src\stm32f10x_iwdg.c 0x00000000   Number         0  stm32f10x_iwdg.o ABSOLUTE
    ..\..\Libraries\STM32F10x_StdPeriph_Driver\src\stm32f10x_pwr.c 0x00000000   Number         0  stm32f10x_pwr.o ABSOLUTE
    ..\..\Libraries\STM32F10x_StdPeriph_Driver\src\stm32f10x_rcc.c 0x00000000   Number         0  stm32f10x_rcc.o ABSOLUTE
    ..\..\Libraries\STM32F10x_StdPeriph_Driver\src\stm32f10x_rtc.c 0x00000000   Number         0  stm32f10x_rtc.o ABSOLUTE
    ..\..\Libraries\STM32F10x_StdPeriph_Driver\src\stm32f10x_sdio.c 0x00000000   Number         0  stm32f10x_sdio.o ABSOLUTE
    ..\..\Libraries\STM32F10x_StdPeriph_Driver\src\stm32f10x_spi.c 0x00000000   Number         0  stm32f10x_spi.o ABSOLUTE
    ..\..\Libraries\STM32F10x_StdPeriph_Driver\src\stm32f10x_tim.c 0x00000000   Number         0  stm32f10x_tim.o ABSOLUTE
    ..\..\Libraries\STM32F10x_StdPeriph_Driver\src\stm32f10x_usart.c 0x00000000   Number         0  stm32f10x_usart.o ABSOLUTE
    ..\..\Libraries\STM32F10x_StdPeriph_Driver\src\stm32f10x_wwdg.c 0x00000000   Number         0  stm32f10x_wwdg.o ABSOLUTE
    ..\\src\\sys.c                           0x00000000   Number         0  sys.o ABSOLUTE
    ..\src\EXTI.c                            0x00000000   Number         0  exti.o ABSOLUTE
    ..\src\IIC-lib.c                         0x00000000   Number         0  iic-lib.o ABSOLUTE
    ..\src\SPI.c                             0x00000000   Number         0  spi.o ABSOLUTE
    ..\src\Timer.c                           0x00000000   Number         0  timer.o ABSOLUTE
    ..\src\UART.c                            0x00000000   Number         0  uart.o ABSOLUTE
    ..\src\dma.c                             0x00000000   Number         0  dma.o ABSOLUTE
    ..\src\game.c                            0x00000000   Number         0  game.o ABSOLUTE
    ..\src\game_ai.c                         0x00000000   Number         0  game_ai.o ABSOLUTE
    ..\src\game_display.c                    0x00000000   Number         0  game_display.o ABSOLUTE
    ..\src\game_menu.c                       0x00000000   Number         0  game_menu.o ABSOLUTE
    ..\src\lcd.c                             0x00000000   Number         0  lcd.o ABSOLUTE
    ..\src\main.c                            0x00000000   Number         0  main.o ABSOLUTE
    ..\src\stm32f10x_it.c                    0x00000000   Number         0  stm32f10x_it.o ABSOLUTE
    ..\src\sys.c                             0x00000000   Number         0  sys.o ABSOLUTE
    ..\src\systick.c                         0x00000000   Number         0  systick.o ABSOLUTE
    cdcmple.s                                0x00000000   Number         0  cdcmple.o ABSOLUTE
    cdrcmple.s                               0x00000000   Number         0  cdrcmple.o ABSOLUTE
    dc.s                                     0x00000000   Number         0  dc.o ABSOLUTE
    handlers.s                               0x00000000   Number         0  handlers.o ABSOLUTE
    init.s                                   0x00000000   Number         0  init.o ABSOLUTE
    RESET                                    0x08000000   Section      304  startup_stm32f10x_hd.o(RESET)
    .ARM.Collect$$$$00000000                 0x08000130   Section        0  entry.o(.ARM.Collect$$$$00000000)
    .ARM.Collect$$$$00000001                 0x08000130   Section        4  entry2.o(.ARM.Collect$$$$00000001)
    .ARM.Collect$$$$00000004                 0x08000134   Section        4  entry5.o(.ARM.Collect$$$$00000004)
    .ARM.Collect$$$$00000008                 0x08000138   Section        0  entry7b.o(.ARM.Collect$$$$00000008)
    .ARM.Collect$$$$0000000A                 0x08000138   Section        0  entry8b.o(.ARM.Collect$$$$0000000A)
    .ARM.Collect$$$$0000000B                 0x08000138   Section        8  entry9a.o(.ARM.Collect$$$$0000000B)
    .ARM.Collect$$$$0000000D                 0x08000140   Section        0  entry10a.o(.ARM.Collect$$$$0000000D)
    .ARM.Collect$$$$0000000F                 0x08000140   Section        0  entry11a.o(.ARM.Collect$$$$0000000F)
    .ARM.Collect$$$$00002712                 0x08000140   Section        4  entry2.o(.ARM.Collect$$$$00002712)
    __lit__00000000                          0x08000140   Data           4  entry2.o(.ARM.Collect$$$$00002712)
    .text                                    0x08000144   Section       48  startup_stm32f10x_hd.o(.text)
    .text                                    0x08000174   Section        0  ldiv.o(.text)
    .text                                    0x080001d6   Section        0  fmul.o(.text)
    .text                                    0x0800023a   Section        0  fdiv.o(.text)
    .text                                    0x080002b6   Section        0  fflti.o(.text)
    .text                                    0x080002c8   Section        0  dflti.o(.text)
    .text                                    0x080002ea   Section        0  ffixi.o(.text)
    .text                                    0x0800031c   Section        0  dfixi.o(.text)
    .text                                    0x0800035a   Section        0  uidiv.o(.text)
    .text                                    0x08000386   Section        0  uldiv.o(.text)
    .text                                    0x080003e8   Section        0  llushr.o(.text)
    .text                                    0x08000408   Section        0  fepilogue.o(.text)
    .text                                    0x08000408   Section        0  iusefp.o(.text)
    .text                                    0x08000476   Section        0  depilogue.o(.text)
    .text                                    0x08000530   Section        0  dsqrt.o(.text)
    .text                                    0x080005d4   Section       36  init.o(.text)
    .text                                    0x080005f8   Section        0  llshl.o(.text)
    i.BusFault_Handler                       0x08000616   Section        0  stm32f10x_it.o(i.BusFault_Handler)
    i.DATAIN                                 0x0800061c   Section        0  lcd.o(i.DATAIN)
    i.DATAOUT                                0x08000660   Section        0  lcd.o(i.DATAOUT)
    i.DebugMon_Handler                       0x080006b4   Section        0  stm32f10x_it.o(i.DebugMon_Handler)
    i.EXTI2_IRQHandler                       0x080006b8   Section        0  lcd.o(i.EXTI2_IRQHandler)
    i.EXTI9_5_IRQHandler                     0x080006e4   Section        0  exti.o(i.EXTI9_5_IRQHandler)
    i.EXTI_ClearITPendingBit                 0x08000704   Section        0  stm32f10x_exti.o(i.EXTI_ClearITPendingBit)
    i.EXTI_GetITStatus                       0x08000710   Section        0  stm32f10x_exti.o(i.EXTI_GetITStatus)
    i.GPIO_Init                              0x08000738   Section        0  stm32f10x_gpio.o(i.GPIO_Init)
    i.GPIO_PinRemapConfig                    0x08000850   Section        0  stm32f10x_gpio.o(i.GPIO_PinRemapConfig)
    i.GPIO_ReadInputDataBit                  0x080008c0   Section        0  stm32f10x_gpio.o(i.GPIO_ReadInputDataBit)
    i.HardFault_Handler                      0x080008d2   Section        0  stm32f10x_it.o(i.HardFault_Handler)
    i.LCD_Clear                              0x080008d8   Section        0  lcd.o(i.LCD_Clear)
    i.LCD_Config_DIN                         0x08000928   Section        0  lcd.o(i.LCD_Config_DIN)
    i.LCD_Config_DOUT                        0x0800096c   Section        0  lcd.o(i.LCD_Config_DOUT)
    i.LCD_Configuration                      0x080009a4   Section        0  lcd.o(i.LCD_Configuration)
    i.LCD_Display_Dir                        0x08000a1c   Section        0  lcd.o(i.LCD_Display_Dir)
    i.LCD_DrawLine                           0x08000a84   Section        0  lcd.o(i.LCD_DrawLine)
    i.LCD_DrawPoint                          0x08000b34   Section        0  lcd.o(i.LCD_DrawPoint)
    i.LCD_DrawRectangle                      0x08000b74   Section        0  lcd.o(i.LCD_DrawRectangle)
    i.LCD_Draw_Circle                        0x08000bb4   Section        0  lcd.o(i.LCD_Draw_Circle)
    i.LCD_Fast_DrawPoint                     0x08000c4c   Section        0  lcd.o(i.LCD_Fast_DrawPoint)
    i.LCD_Fill                               0x08000d44   Section        0  lcd.o(i.LCD_Fill)
    i.LCD_Init                               0x08000db4   Section        0  lcd.o(i.LCD_Init)
    i.LCD_RD_DATA                            0x08001060   Section        0  lcd.o(i.LCD_RD_DATA)
    i.LCD_ReadReg                            0x08001098   Section        0  lcd.o(i.LCD_ReadReg)
    i.LCD_Scan_Dir                           0x080010a8   Section        0  lcd.o(i.LCD_Scan_Dir)
    i.LCD_SetCursor                          0x0800110c   Section        0  lcd.o(i.LCD_SetCursor)
    i.LCD_ShowChar                           0x080011bc   Section        0  lcd.o(i.LCD_ShowChar)
    i.LCD_ShowString                         0x080012e4   Section        0  lcd.o(i.LCD_ShowString)
    i.LCD_WR_DATAX                           0x0800134c   Section        0  lcd.o(i.LCD_WR_DATAX)
    i.LCD_WR_REG                             0x08001378   Section        0  lcd.o(i.LCD_WR_REG)
    i.LCD_WriteRAM_Prepare                   0x080013a0   Section        0  lcd.o(i.LCD_WriteRAM_Prepare)
    i.LCD_WriteReg                           0x080013b0   Section        0  lcd.o(i.LCD_WriteReg)
    i.MemManage_Handler                      0x080013e4   Section        0  stm32f10x_it.o(i.MemManage_Handler)
    i.NMI_Handler                            0x080013e8   Section        0  stm32f10x_it.o(i.NMI_Handler)
    i.NVIC_Configuration                     0x080013ea   Section        0  uart.o(i.NVIC_Configuration)
    i.NVIC_Init                              0x08001420   Section        0  misc.o(i.NVIC_Init)
    i.NVIC_PriorityGroupConfig               0x08001490   Section        0  misc.o(i.NVIC_PriorityGroupConfig)
    i.NVIC_SetVectorTable                    0x080014a4   Section        0  misc.o(i.NVIC_SetVectorTable)
    i.PendSV_Handler                         0x080014b8   Section        0  stm32f10x_it.o(i.PendSV_Handler)
    i.RCC_APB2PeriphClockCmd                 0x080014bc   Section        0  stm32f10x_rcc.o(i.RCC_APB2PeriphClockCmd)
    i.RCC_GetClocksFreq                      0x080014dc   Section        0  stm32f10x_rcc.o(i.RCC_GetClocksFreq)
    i.RS232_Configuration                    0x080015b0   Section        0  uart.o(i.RS232_Configuration)
    i.SPI_X                                  0x08001664   Section        0  lcd.o(i.SPI_X)
    i.SPI_Y                                  0x08001744   Section        0  lcd.o(i.SPI_Y)
    i.SVC_Handler                            0x08001824   Section        0  stm32f10x_it.o(i.SVC_Handler)
    i.SetSysClock                            0x08001826   Section        0  system_stm32f10x.o(i.SetSysClock)
    SetSysClock                              0x08001827   Thumb Code     8  system_stm32f10x.o(i.SetSysClock)
    i.SetSysClockTo72                        0x08001830   Section        0  system_stm32f10x.o(i.SetSysClockTo72)
    SetSysClockTo72                          0x08001831   Thumb Code   220  system_stm32f10x.o(i.SetSysClockTo72)
    i.SysTick_CLKSourceConfig                0x08001914   Section        0  misc.o(i.SysTick_CLKSourceConfig)
    i.SysTick_Handler                        0x0800193c   Section        0  systick.o(i.SysTick_Handler)
    i.SystemInit                             0x08001944   Section        0  system_stm32f10x.o(i.SystemInit)
    i.TIM3_IRQHandler                        0x08001994   Section        0  stm32f10x_it.o(i.TIM3_IRQHandler)
    i.TIM_ClearITPendingBit                  0x08001a58   Section        0  stm32f10x_tim.o(i.TIM_ClearITPendingBit)
    i.TIM_GetCapture1                        0x08001a5e   Section        0  stm32f10x_tim.o(i.TIM_GetCapture1)
    i.TOUCH_INT_config                       0x08001a64   Section        0  lcd.o(i.TOUCH_INT_config)
    TOUCH_INT_config                         0x08001a65   Thumb Code    44  lcd.o(i.TOUCH_INT_config)
    i.TOUCH_SCREEN_INIT                      0x08001a98   Section        0  lcd.o(i.TOUCH_SCREEN_INIT)
    TOUCH_SCREEN_INIT                        0x08001a99   Thumb Code   328  lcd.o(i.TOUCH_SCREEN_INIT)
    i.TP_Init_IPU                            0x08001c18   Section        0  lcd.o(i.TP_Init_IPU)
    TP_Init_IPU                              0x08001c19   Thumb Code    26  lcd.o(i.TP_Init_IPU)
    i.TP_Read_AD                             0x08001c34   Section        0  lcd.o(i.TP_Read_AD)
    TP_Read_AD                               0x08001c35   Thumb Code   194  lcd.o(i.TP_Read_AD)
    i.TP_Write_Byte                          0x08001d24   Section        0  lcd.o(i.TP_Write_Byte)
    TP_Write_Byte                            0x08001d25   Thumb Code   138  lcd.o(i.TP_Write_Byte)
    i.TouchScreen                            0x08001dcc   Section        0  lcd.o(i.TouchScreen)
    i.Touch_Init                             0x08001ec8   Section        0  lcd.o(i.Touch_Init)
    i.Touch_PenDown                          0x08001ed4   Section        0  lcd.o(i.Touch_PenDown)
    i.Touch_ReadDiag                         0x08001f10   Section        0  lcd.o(i.Touch_ReadDiag)
    i.Touch_Scan_MISO                        0x0800214c   Section        0  lcd.o(i.Touch_Scan_MISO)
    i.USART1_IRQHandler                      0x08002274   Section        0  uart.o(i.USART1_IRQHandler)
    i.USART_ClearITPendingBit                0x08002300   Section        0  stm32f10x_usart.o(i.USART_ClearITPendingBit)
    i.USART_Cmd                              0x08002314   Section        0  stm32f10x_usart.o(i.USART_Cmd)
    i.USART_GetITStatus                      0x0800232c   Section        0  stm32f10x_usart.o(i.USART_GetITStatus)
    i.USART_ITConfig                         0x08002378   Section        0  stm32f10x_usart.o(i.USART_ITConfig)
    i.USART_Init                             0x080023b8   Section        0  stm32f10x_usart.o(i.USART_Init)
    i.USART_ReceiveData                      0x08002454   Section        0  stm32f10x_usart.o(i.USART_ReceiveData)
    i.USART_SendData                         0x0800245e   Section        0  stm32f10x_usart.o(i.USART_SendData)
    i.UsageFault_Handler                     0x08002466   Section        0  stm32f10x_it.o(i.UsageFault_Handler)
    i.__0sprintf$6                           0x0800246c   Section        0  printf6.o(i.__0sprintf$6)
    i.__scatterload_copy                     0x08002494   Section       14  handlers.o(i.__scatterload_copy)
    i.__scatterload_null                     0x080024a2   Section        2  handlers.o(i.__scatterload_null)
    i.__scatterload_zeroinit                 0x080024a4   Section       14  handlers.o(i.__scatterload_zeroinit)
    i.__set_errno                            0x080024b4   Section        0  errno.o(i.__set_errno)
    i._printf_core                           0x080024c0   Section        0  printf6.o(i._printf_core)
    _printf_core                             0x080024c1   Thumb Code   748  printf6.o(i._printf_core)
    i._printf_post_padding                   0x080027b0   Section        0  printf6.o(i._printf_post_padding)
    _printf_post_padding                     0x080027b1   Thumb Code    36  printf6.o(i._printf_post_padding)
    i._printf_pre_padding                    0x080027d4   Section        0  printf6.o(i._printf_pre_padding)
    _printf_pre_padding                      0x080027d5   Thumb Code    46  printf6.o(i._printf_pre_padding)
    i._sputc                                 0x08002802   Section        0  printf6.o(i._sputc)
    _sputc                                   0x08002803   Thumb Code    10  printf6.o(i._sputc)
    i.ai_turn                                0x0800280c   Section        0  game_ai.o(i.ai_turn)
    i.col_occupied_count                     0x08002978   Section        0  game.o(i.col_occupied_count)
    col_occupied_count                       0x08002979   Thumb Code    32  game.o(i.col_occupied_count)
    i.delay_ms                               0x08002998   Section        0  sys.o(i.delay_ms)
    i.display_clear_highlight                0x080029b0   Section        0  game_display.o(i.display_clear_highlight)
    i.display_draw_board_content             0x08002a7c   Section        0  game_display.o(i.display_draw_board_content)
    i.display_draw_board_lines               0x08002aac   Section        0  game_display.o(i.display_draw_board_lines)
    i.display_draw_button                    0x08002b44   Section        0  game_display.o(i.display_draw_button)
    i.display_draw_piece_at                  0x08002bec   Section        0  game_display.o(i.display_draw_piece_at)
    i.display_highlight_cell                 0x08002d30   Section        0  game_display.o(i.display_highlight_cell)
    i.display_init_game_view                 0x08002dc0   Section        0  game_display.o(i.display_init_game_view)
    i.display_set_game_over                  0x08002e48   Section        0  game_display.o(i.display_set_game_over)
    i.game_abs_i                             0x08002e88   Section        0  game.o(i.game_abs_i)
    i.game_apply_captures                    0x08002e98   Section        0  game.o(i.game_apply_captures)
    i.game_board_available_height            0x08003018   Section        0  game.o(i.game_board_available_height)
    i.game_board_available_width             0x0800301c   Section        0  game.o(i.game_board_available_width)
    i.game_board_x0                          0x08003020   Section        0  game.o(i.game_board_x0)
    i.game_board_y0                          0x08003038   Section        0  game.o(i.game_board_y0)
    i.game_cell_size                         0x08003054   Section        0  game.o(i.game_cell_size)
    i.game_check_game_end                    0x08003084   Section        0  game.o(i.game_check_game_end)
    i.game_count_pieces                      0x08003114   Section        0  game.o(i.game_count_pieces)
    i.game_cross_xy                          0x0800315a   Section        0  game.o(i.game_cross_xy)
    i.game_has_any_move                      0x08003188   Section        0  game.o(i.game_has_any_move)
    i.game_in_bounds                         0x080031fc   Section        0  game.o(i.game_in_bounds)
    i.game_init                              0x08003218   Section        0  game.o(i.game_init)
    i.game_reset_board                       0x0800324c   Section        0  game.o(i.game_reset_board)
    i.game_rng_next                          0x080032bc   Section        0  game.o(i.game_rng_next)
    i.game_touch_in_rect                     0x080032e0   Section        0  game.o(i.game_touch_in_rect)
    i.game_touch_to_cell                     0x08003318   Section        0  game.o(i.game_touch_to_cell)
    i.game_try_move                          0x08003418   Section        0  game.o(i.game_try_move)
    i.game_update_status_bar                 0x080034d8   Section        0  game_display.o(i.game_update_status_bar)
    i.main                                   0x08003584   Section        0  main.o(i.main)
    i.menu_draw_start_screen                 0x08003710   Section        0  game_menu.o(i.menu_draw_start_screen)
    i.menu_draw_start_touch_status           0x080037c8   Section        0  game_menu.o(i.menu_draw_start_touch_status)
    i.menu_handle_touch                      0x08003848   Section        0  game_menu.o(i.menu_handle_touch)
    i.menu_start_game                        0x08003a0c   Section        0  game_menu.o(i.menu_start_game)
    i.row_occupied_count                     0x08003a1c   Section        0  game.o(i.row_occupied_count)
    row_occupied_count                       0x08003a1d   Thumb Code    32  game.o(i.row_occupied_count)
    i.sqrt                                   0x08003a3c   Section        0  sqrt.o(i.sqrt)
    i.systick_init                           0x08003a88   Section        0  systick.o(i.systick_init)
    i.time_handle                            0x08003af4   Section        0  systick.o(i.time_handle)
    i.touch_delay_ms                         0x08003b5c   Section        0  lcd.o(i.touch_delay_ms)
    touch_delay_ms                           0x08003b5d   Thumb Code    24  lcd.o(i.touch_delay_ms)
    i.touch_delay_us                         0x08003b74   Section        0  lcd.o(i.touch_delay_us)
    touch_delay_us                           0x08003b75   Thumb Code    32  lcd.o(i.touch_delay_us)
    i.touch_exti_line                        0x08003b94   Section        0  lcd.o(i.touch_exti_line)
    touch_exti_line                          0x08003b95   Thumb Code    18  lcd.o(i.touch_exti_line)
    i.touch_gpio_rcc                         0x08003ba8   Section        0  lcd.o(i.touch_gpio_rcc)
    touch_gpio_rcc                           0x08003ba9   Thumb Code    56  lcd.o(i.touch_gpio_rcc)
    i.touch_pin_source                       0x08003bf4   Section        0  lcd.o(i.touch_pin_source)
    touch_pin_source                         0x08003bf5   Thumb Code    32  lcd.o(i.touch_pin_source)
    i.touch_raw_to_value                     0x08003c14   Section        0  lcd.o(i.touch_raw_to_value)
    touch_raw_to_value                       0x08003c15   Thumb Code     8  lcd.o(i.touch_raw_to_value)
    i.touch_read_axis_raw                    0x08003c1c   Section        0  lcd.o(i.touch_read_axis_raw)
    touch_read_axis_raw                      0x08003c1d   Thumb Code    12  lcd.o(i.touch_read_axis_raw)
    .constdata                               0x08003c28   Section     6144  lcd.o(.constdata)
    .constdata                               0x08005428   Section       32  game.o(.constdata)
    dr                                       0x08005428   Data          16  game.o(.constdata)
    dc                                       0x08005438   Data          16  game.o(.constdata)
    .constdata                               0x08005448   Section       32  game_ai.o(.constdata)
    dr                                       0x08005448   Data          16  game_ai.o(.constdata)
    dc                                       0x08005458   Data          16  game_ai.o(.constdata)
    .data                                    0x20000000   Section        5  main.o(.data)
    was_down                                 0x20000000   Data           4  main.o(.data)
    diag_div                                 0x20000004   Data           1  main.o(.data)
    .data                                    0x20000008   Section        4  exti.o(.data)
    .data                                    0x2000000c   Section       16  systick.o(.data)
    .data                                    0x2000001c   Section       12  uart.o(.data)
    .data                                    0x20000028   Section      119  lcd.o(.data)
    g_touch_cs_gpio                          0x20000070   Data           4  lcd.o(.data)
    g_touch_cs_pin                           0x20000074   Data           2  lcd.o(.data)
    g_touch_clk_gpio                         0x20000078   Data           4  lcd.o(.data)
    g_touch_clk_pin                          0x2000007c   Data           2  lcd.o(.data)
    g_touch_mosi_gpio                        0x20000080   Data           4  lcd.o(.data)
    g_touch_mosi_pin                         0x20000084   Data           2  lcd.o(.data)
    g_touch_mosi2_gpio                       0x20000088   Data           4  lcd.o(.data)
    g_touch_mosi2_pin                        0x2000008c   Data           2  lcd.o(.data)
    g_touch_use_mosi2                        0x2000008e   Data           1  lcd.o(.data)
    g_touch_miso_gpio                        0x20000090   Data           4  lcd.o(.data)
    g_touch_miso_pin                         0x20000094   Data           2  lcd.o(.data)
    g_touch_pen_gpio                         0x20000098   Data           4  lcd.o(.data)
    g_touch_pen_pin                          0x2000009c   Data           2  lcd.o(.data)
    g_touch_pen_active_low                   0x2000009e   Data           1  lcd.o(.data)
    .data                                    0x200000a0   Section       16  game.o(.data)
    .data                                    0x200000b0   Section       24  stm32f10x_it.o(.data)
    .data                                    0x200000c8   Section       20  stm32f10x_rcc.o(.data)
    APBAHBPrescTable                         0x200000c8   Data          16  stm32f10x_rcc.o(.data)
    ADCPrescTable                            0x200000d8   Data           4  stm32f10x_rcc.o(.data)
    .data                                    0x200000dc   Section        4  errno.o(.data)
    _errno                                   0x200000dc   Data           4  errno.o(.data)
    .bss                                     0x200000e0   Section      400  uart.o(.bss)
    .bss                                     0x20000270   Section       46  lcd.o(.bss)
    .bss                                     0x2000029e   Section       25  game.o(.bss)
    STACK                                    0x200002b8   Section      512  startup_stm32f10x_hd.o(STACK)

    Global Symbols

    Symbol Name                              Value     Ov Type        Size  Object(Section)

    BuildAttributes$$THM_ISAv4$P$D$K$B$S$PE$A:L22UL41UL21$X:L11$S22US41US21$IEEE1$IW$USESV6$~STKCKD$USESV7$~SHL$OTIME$ROPI$IEEEJ$EBA8$MICROLIB$REQ8$PRES8$EABIv2 0x00000000   Number         0  anon$$obj.o ABSOLUTE
    __ARM_use_no_argv                        0x00000000   Number         0  main.o ABSOLUTE
    _printf_a                                0x00000000   Number         0  stubs.o ABSOLUTE
    _printf_c                                0x00000000   Number         0  stubs.o ABSOLUTE
    _printf_charcount                        0x00000000   Number         0  stubs.o ABSOLUTE
    _printf_d                                0x00000000   Number         0  stubs.o ABSOLUTE
    _printf_e                                0x00000000   Number         0  stubs.o ABSOLUTE
    _printf_f                                0x00000000   Number         0  stubs.o ABSOLUTE
    _printf_flags                            0x00000000   Number         0  stubs.o ABSOLUTE
    _printf_fp_dec                           0x00000000   Number         0  stubs.o ABSOLUTE
    _printf_fp_hex                           0x00000000   Number         0  stubs.o ABSOLUTE
    _printf_g                                0x00000000   Number         0  stubs.o ABSOLUTE
    _printf_i                                0x00000000   Number         0  stubs.o ABSOLUTE
    _printf_int_dec                          0x00000000   Number         0  stubs.o ABSOLUTE
    _printf_l                                0x00000000   Number         0  stubs.o ABSOLUTE
    _printf_lc                               0x00000000   Number         0  stubs.o ABSOLUTE
    _printf_ll                               0x00000000   Number         0  stubs.o ABSOLUTE
    _printf_lld                              0x00000000   Number         0  stubs.o ABSOLUTE
    _printf_lli                              0x00000000   Number         0  stubs.o ABSOLUTE
    _printf_llo                              0x00000000   Number         0  stubs.o ABSOLUTE
    _printf_llu                              0x00000000   Number         0  stubs.o ABSOLUTE
    _printf_llx                              0x00000000   Number         0  stubs.o ABSOLUTE
    _printf_longlong_dec                     0x00000000   Number         0  stubs.o ABSOLUTE
    _printf_longlong_hex                     0x00000000   Number         0  stubs.o ABSOLUTE
    _printf_longlong_oct                     0x00000000   Number         0  stubs.o ABSOLUTE
    _printf_ls                               0x00000000   Number         0  stubs.o ABSOLUTE
    _printf_mbtowc                           0x00000000   Number         0  stubs.o ABSOLUTE
    _printf_n                                0x00000000   Number         0  stubs.o ABSOLUTE
    _printf_o                                0x00000000   Number         0  stubs.o ABSOLUTE
    _printf_p                                0x00000000   Number         0  stubs.o ABSOLUTE
    _printf_percent                          0x00000000   Number         0  stubs.o ABSOLUTE
    _printf_pre_padding                      0x00000000   Number         0  stubs.o ABSOLUTE
    _printf_return_value                     0x00000000   Number         0  stubs.o ABSOLUTE
    _printf_s                                0x00000000   Number         0  stubs.o ABSOLUTE
    _printf_sizespec                         0x00000000   Number         0  stubs.o ABSOLUTE
    _printf_str                              0x00000000   Number         0  stubs.o ABSOLUTE
    _printf_truncate_signed                  0x00000000   Number         0  stubs.o ABSOLUTE
    _printf_truncate_unsigned                0x00000000   Number         0  stubs.o ABSOLUTE
    _printf_u                                0x00000000   Number         0  stubs.o ABSOLUTE
    _printf_wc                               0x00000000   Number         0  stubs.o ABSOLUTE
    _printf_wctomb                           0x00000000   Number         0  stubs.o ABSOLUTE
    _printf_widthprec                        0x00000000   Number         0  stubs.o ABSOLUTE
    _printf_x                                0x00000000   Number         0  stubs.o ABSOLUTE
    __cpp_initialize__aeabi_                  - Undefined Weak Reference
    __cxa_finalize                            - Undefined Weak Reference
    __decompress                              - Undefined Weak Reference
    _clock_init                               - Undefined Weak Reference
    _microlib_exit                            - Undefined Weak Reference
    __Vectors_Size                           0x00000130   Number         0  startup_stm32f10x_hd.o ABSOLUTE
    __Vectors                                0x08000000   Data           4  startup_stm32f10x_hd.o(RESET)
    __Vectors_End                            0x08000130   Data           0  startup_stm32f10x_hd.o(RESET)
    __main                                   0x08000131   Thumb Code     0  entry.o(.ARM.Collect$$$$00000000)
    _main_stk                                0x08000131   Thumb Code     0  entry2.o(.ARM.Collect$$$$00000001)
    _main_scatterload                        0x08000135   Thumb Code     0  entry5.o(.ARM.Collect$$$$00000004)
    __main_after_scatterload                 0x08000139   Thumb Code     0  entry5.o(.ARM.Collect$$$$00000004)
    _main_clock                              0x08000139   Thumb Code     0  entry7b.o(.ARM.Collect$$$$00000008)
    _main_cpp_init                           0x08000139   Thumb Code     0  entry8b.o(.ARM.Collect$$$$0000000A)
    _main_init                               0x08000139   Thumb Code     0  entry9a.o(.ARM.Collect$$$$0000000B)
    __rt_final_cpp                           0x08000141   Thumb Code     0  entry10a.o(.ARM.Collect$$$$0000000D)
    __rt_final_exit                          0x08000141   Thumb Code     0  entry11a.o(.ARM.Collect$$$$0000000F)
    SystemInit_ExtMemCtl                     0x08000145   Thumb Code     2  startup_stm32f10x_hd.o(.text)
    Reset_Handler                            0x08000147   Thumb Code    14  startup_stm32f10x_hd.o(.text)
    ADC1_2_IRQHandler                        0x08000167   Thumb Code     0  startup_stm32f10x_hd.o(.text)
    ADC3_IRQHandler                          0x08000167   Thumb Code     0  startup_stm32f10x_hd.o(.text)
    CAN1_RX1_IRQHandler                      0x08000167   Thumb Code     0  startup_stm32f10x_hd.o(.text)
    CAN1_SCE_IRQHandler                      0x08000167   Thumb Code     0  startup_stm32f10x_hd.o(.text)
    DMA1_Channel1_IRQHandler                 0x08000167   Thumb Code     0  startup_stm32f10x_hd.o(.text)
    DMA1_Channel2_IRQHandler                 0x08000167   Thumb Code     0  startup_stm32f10x_hd.o(.text)
    DMA1_Channel3_IRQHandler                 0x08000167   Thumb Code     0  startup_stm32f10x_hd.o(.text)
    DMA1_Channel4_IRQHandler                 0x08000167   Thumb Code     0  startup_stm32f10x_hd.o(.text)
    DMA1_Channel5_IRQHandler                 0x08000167   Thumb Code     0  startup_stm32f10x_hd.o(.text)
    DMA1_Channel6_IRQHandler                 0x08000167   Thumb Code     0  startup_stm32f10x_hd.o(.text)
    DMA1_Channel7_IRQHandler                 0x08000167   Thumb Code     0  startup_stm32f10x_hd.o(.text)
    DMA2_Channel1_IRQHandler                 0x08000167   Thumb Code     0  startup_stm32f10x_hd.o(.text)
    DMA2_Channel2_IRQHandler                 0x08000167   Thumb Code     0  startup_stm32f10x_hd.o(.text)
    DMA2_Channel3_IRQHandler                 0x08000167   Thumb Code     0  startup_stm32f10x_hd.o(.text)
    DMA2_Channel4_5_IRQHandler               0x08000167   Thumb Code     0  startup_stm32f10x_hd.o(.text)
    EXTI0_IRQHandler                         0x08000167   Thumb Code     0  startup_stm32f10x_hd.o(.text)
    EXTI15_10_IRQHandler                     0x08000167   Thumb Code     0  startup_stm32f10x_hd.o(.text)
    EXTI1_IRQHandler                         0x08000167   Thumb Code     0  startup_stm32f10x_hd.o(.text)
    EXTI3_IRQHandler                         0x08000167   Thumb Code     0  startup_stm32f10x_hd.o(.text)
    EXTI4_IRQHandler                         0x08000167   Thumb Code     0  startup_stm32f10x_hd.o(.text)
    FLASH_IRQHandler                         0x08000167   Thumb Code     0  startup_stm32f10x_hd.o(.text)
    FSMC_IRQHandler                          0x08000167   Thumb Code     0  startup_stm32f10x_hd.o(.text)
    I2C1_ER_IRQHandler                       0x08000167   Thumb Code     0  startup_stm32f10x_hd.o(.text)
    I2C1_EV_IRQHandler                       0x08000167   Thumb Code     0  startup_stm32f10x_hd.o(.text)
    I2C2_ER_IRQHandler                       0x08000167   Thumb Code     0  startup_stm32f10x_hd.o(.text)
    I2C2_EV_IRQHandler                       0x08000167   Thumb Code     0  startup_stm32f10x_hd.o(.text)
    PVD_IRQHandler                           0x08000167   Thumb Code     0  startup_stm32f10x_hd.o(.text)
    RCC_IRQHandler                           0x08000167   Thumb Code     0  startup_stm32f10x_hd.o(.text)
    RTCAlarm_IRQHandler                      0x08000167   Thumb Code     0  startup_stm32f10x_hd.o(.text)
    RTC_IRQHandler                           0x08000167   Thumb Code     0  startup_stm32f10x_hd.o(.text)
    SDIO_IRQHandler                          0x08000167   Thumb Code     0  startup_stm32f10x_hd.o(.text)
    SPI1_IRQHandler                          0x08000167   Thumb Code     0  startup_stm32f10x_hd.o(.text)
    SPI2_IRQHandler                          0x08000167   Thumb Code     0  startup_stm32f10x_hd.o(.text)
    SPI3_IRQHandler                          0x08000167   Thumb Code     0  startup_stm32f10x_hd.o(.text)
    TAMPER_IRQHandler                        0x08000167   Thumb Code     0  startup_stm32f10x_hd.o(.text)
    TIM1_BRK_IRQHandler                      0x08000167   Thumb Code     0  startup_stm32f10x_hd.o(.text)
    TIM1_CC_IRQHandler                       0x08000167   Thumb Code     0  startup_stm32f10x_hd.o(.text)
    TIM1_TRG_COM_IRQHandler                  0x08000167   Thumb Code     0  startup_stm32f10x_hd.o(.text)
    TIM1_UP_IRQHandler                       0x08000167   Thumb Code     0  startup_stm32f10x_hd.o(.text)
    TIM2_IRQHandler                          0x08000167   Thumb Code     0  startup_stm32f10x_hd.o(.text)
    TIM4_IRQHandler                          0x08000167   Thumb Code     0  startup_stm32f10x_hd.o(.text)
    TIM5_IRQHandler                          0x08000167   Thumb Code     0  startup_stm32f10x_hd.o(.text)
    TIM6_IRQHandler                          0x08000167   Thumb Code     0  startup_stm32f10x_hd.o(.text)
    TIM7_IRQHandler                          0x08000167   Thumb Code     0  startup_stm32f10x_hd.o(.text)
    TIM8_BRK_IRQHandler                      0x08000167   Thumb Code     0  startup_stm32f10x_hd.o(.text)
    TIM8_CC_IRQHandler                       0x08000167   Thumb Code     0  startup_stm32f10x_hd.o(.text)
    TIM8_TRG_COM_IRQHandler                  0x08000167   Thumb Code     0  startup_stm32f10x_hd.o(.text)
    TIM8_UP_IRQHandler                       0x08000167   Thumb Code     0  startup_stm32f10x_hd.o(.text)
    UART4_IRQHandler                         0x08000167   Thumb Code     0  startup_stm32f10x_hd.o(.text)
    UART5_IRQHandler                         0x08000167   Thumb Code     0  startup_stm32f10x_hd.o(.text)
    USART2_IRQHandler                        0x08000167   Thumb Code     0  startup_stm32f10x_hd.o(.text)
    USART3_IRQHandler                        0x08000167   Thumb Code     0  startup_stm32f10x_hd.o(.text)
    USBWakeUp_IRQHandler                     0x08000167   Thumb Code     0  startup_stm32f10x_hd.o(.text)
    USB_HP_CAN1_TX_IRQHandler                0x08000167   Thumb Code     0  startup_stm32f10x_hd.o(.text)
    USB_LP_CAN1_RX0_IRQHandler               0x08000167   Thumb Code     0  startup_stm32f10x_hd.o(.text)
    WWDG_IRQHandler                          0x08000167   Thumb Code     0  startup_stm32f10x_hd.o(.text)
    __aeabi_ldivmod                          0x08000175   Thumb Code    98  ldiv.o(.text)
    __aeabi_fmul                             0x080001d7   Thumb Code   100  fmul.o(.text)
    __aeabi_fdiv                             0x0800023b   Thumb Code   124  fdiv.o(.text)
    __aeabi_i2f                              0x080002b7   Thumb Code    18  fflti.o(.text)
    __aeabi_i2d                              0x080002c9   Thumb Code    34  dflti.o(.text)
    __aeabi_f2iz                             0x080002eb   Thumb Code    50  ffixi.o(.text)
    __aeabi_d2iz                             0x0800031d   Thumb Code    62  dfixi.o(.text)
    __aeabi_uidiv                            0x0800035b   Thumb Code     0  uidiv.o(.text)
    __aeabi_uidivmod                         0x0800035b   Thumb Code    44  uidiv.o(.text)
    __aeabi_uldivmod                         0x08000387   Thumb Code    98  uldiv.o(.text)
    __aeabi_llsr                             0x080003e9   Thumb Code    32  llushr.o(.text)
    _ll_ushift_r                             0x080003e9   Thumb Code     0  llushr.o(.text)
    __I$use$fp                               0x08000409   Thumb Code     0  iusefp.o(.text)
    _float_round                             0x08000409   Thumb Code    18  fepilogue.o(.text)
    _float_epilogue                          0x0800041b   Thumb Code    92  fepilogue.o(.text)
    _double_round                            0x08000477   Thumb Code    30  depilogue.o(.text)
    _double_epilogue                         0x08000495   Thumb Code   156  depilogue.o(.text)
    _dsqrt                                   0x08000531   Thumb Code   162  dsqrt.o(.text)
    __scatterload                            0x080005d5   Thumb Code    28  init.o(.text)
    __scatterload_rt2                        0x080005d5   Thumb Code     0  init.o(.text)
    __aeabi_llsl                             0x080005f9   Thumb Code    30  llshl.o(.text)
    _ll_shift_l                              0x080005f9   Thumb Code     0  llshl.o(.text)
    BusFault_Handler                         0x08000617   Thumb Code     4  stm32f10x_it.o(i.BusFault_Handler)
    DATAIN                                   0x0800061d   Thumb Code    58  lcd.o(i.DATAIN)
    DATAOUT                                  0x08000661   Thumb Code    76  lcd.o(i.DATAOUT)
    DebugMon_Handler                         0x080006b5   Thumb Code     2  stm32f10x_it.o(i.DebugMon_Handler)
    EXTI2_IRQHandler                         0x080006b9   Thumb Code    38  lcd.o(i.EXTI2_IRQHandler)
    EXTI9_5_IRQHandler                       0x080006e5   Thumb Code    28  exti.o(i.EXTI9_5_IRQHandler)
    EXTI_ClearITPendingBit                   0x08000705   Thumb Code     6  stm32f10x_exti.o(i.EXTI_ClearITPendingBit)
    EXTI_GetITStatus                         0x08000711   Thumb Code    34  stm32f10x_exti.o(i.EXTI_GetITStatus)
    GPIO_Init                                0x08000739   Thumb Code   278  stm32f10x_gpio.o(i.GPIO_Init)
    GPIO_PinRemapConfig                      0x08000851   Thumb Code   106  stm32f10x_gpio.o(i.GPIO_PinRemapConfig)
    GPIO_ReadInputDataBit                    0x080008c1   Thumb Code    18  stm32f10x_gpio.o(i.GPIO_ReadInputDataBit)
    HardFault_Handler                        0x080008d3   Thumb Code     4  stm32f10x_it.o(i.HardFault_Handler)
    LCD_Clear                                0x080008d9   Thumb Code    72  lcd.o(i.LCD_Clear)
    LCD_Config_DIN                           0x08000929   Thumb Code    48  lcd.o(i.LCD_Config_DIN)
    LCD_Config_DOUT                          0x0800096d   Thumb Code    48  lcd.o(i.LCD_Config_DOUT)
    LCD_Configuration                        0x080009a5   Thumb Code    98  lcd.o(i.LCD_Configuration)
    LCD_Display_Dir                          0x08000a1d   Thumb Code   100  lcd.o(i.LCD_Display_Dir)
    LCD_DrawLine                             0x08000a85   Thumb Code   176  lcd.o(i.LCD_DrawLine)
    LCD_DrawPoint                            0x08000b35   Thumb Code    56  lcd.o(i.LCD_DrawPoint)
    LCD_DrawRectangle                        0x08000b75   Thumb Code    64  lcd.o(i.LCD_DrawRectangle)
    LCD_Draw_Circle                          0x08000bb5   Thumb Code   152  lcd.o(i.LCD_Draw_Circle)
    LCD_Fast_DrawPoint                       0x08000c4d   Thumb Code   238  lcd.o(i.LCD_Fast_DrawPoint)
    LCD_Fill                                 0x08000d45   Thumb Code   108  lcd.o(i.LCD_Fill)
    LCD_Init                                 0x08000db5   Thumb Code   674  lcd.o(i.LCD_Init)
    LCD_RD_DATA                              0x08001061   Thumb Code    52  lcd.o(i.LCD_RD_DATA)
    LCD_ReadReg                              0x08001099   Thumb Code    16  lcd.o(i.LCD_ReadReg)
    LCD_Scan_Dir                             0x080010a9   Thumb Code    96  lcd.o(i.LCD_Scan_Dir)
    LCD_SetCursor                            0x0800110d   Thumb Code   168  lcd.o(i.LCD_SetCursor)
    LCD_ShowChar                             0x080011bd   Thumb Code   272  lcd.o(i.LCD_ShowChar)
    LCD_ShowString                           0x080012e5   Thumb Code   102  lcd.o(i.LCD_ShowString)
    LCD_WR_DATAX                             0x0800134d   Thumb Code    40  lcd.o(i.LCD_WR_DATAX)
    LCD_WR_REG                               0x08001379   Thumb Code    36  lcd.o(i.LCD_WR_REG)
    LCD_WriteRAM_Prepare                     0x080013a1   Thumb Code    12  lcd.o(i.LCD_WriteRAM_Prepare)
    LCD_WriteReg                             0x080013b1   Thumb Code    48  lcd.o(i.LCD_WriteReg)
    MemManage_Handler                        0x080013e5   Thumb Code     4  stm32f10x_it.o(i.MemManage_Handler)
    NMI_Handler                              0x080013e9   Thumb Code     2  stm32f10x_it.o(i.NMI_Handler)
    NVIC_Configuration                       0x080013eb   Thumb Code    52  uart.o(i.NVIC_Configuration)
    NVIC_Init                                0x08001421   Thumb Code   100  misc.o(i.NVIC_Init)
    NVIC_PriorityGroupConfig                 0x08001491   Thumb Code    10  misc.o(i.NVIC_PriorityGroupConfig)
    NVIC_SetVectorTable                      0x080014a5   Thumb Code    12  misc.o(i.NVIC_SetVectorTable)
    PendSV_Handler                           0x080014b9   Thumb Code     2  stm32f10x_it.o(i.PendSV_Handler)
    RCC_APB2PeriphClockCmd                   0x080014bd   Thumb Code    26  stm32f10x_rcc.o(i.RCC_APB2PeriphClockCmd)
    RCC_GetClocksFreq                        0x080014dd   Thumb Code   192  stm32f10x_rcc.o(i.RCC_GetClocksFreq)
    RS232_Configuration                      0x080015b1   Thumb Code   170  uart.o(i.RS232_Configuration)
    SPI_X                                    0x08001665   Thumb Code   216  lcd.o(i.SPI_X)
    SPI_Y                                    0x08001745   Thumb Code   216  lcd.o(i.SPI_Y)
    SVC_Handler                              0x08001825   Thumb Code     2  stm32f10x_it.o(i.SVC_Handler)
    SysTick_CLKSourceConfig                  0x08001915   Thumb Code    40  misc.o(i.SysTick_CLKSourceConfig)
    SysTick_Handler                          0x0800193d   Thumb Code     8  systick.o(i.SysTick_Handler)
    SystemInit                               0x08001945   Thumb Code    68  system_stm32f10x.o(i.SystemInit)
    TIM3_IRQHandler                          0x08001995   Thumb Code   164  stm32f10x_it.o(i.TIM3_IRQHandler)
    TIM_ClearITPendingBit                    0x08001a59   Thumb Code     6  stm32f10x_tim.o(i.TIM_ClearITPendingBit)
    TIM_GetCapture1                          0x08001a5f   Thumb Code     6  stm32f10x_tim.o(i.TIM_GetCapture1)
    TouchScreen                              0x08001dcd   Thumb Code   206  lcd.o(i.TouchScreen)
    Touch_Init                               0x08001ec9   Thumb Code    12  lcd.o(i.Touch_Init)
    Touch_PenDown                            0x08001ed5   Thumb Code    48  lcd.o(i.Touch_PenDown)
    Touch_ReadDiag                           0x08001f11   Thumb Code   548  lcd.o(i.Touch_ReadDiag)
    Touch_Scan_MISO                          0x0800214d   Thumb Code   268  lcd.o(i.Touch_Scan_MISO)
    USART1_IRQHandler                        0x08002275   Thumb Code   112  uart.o(i.USART1_IRQHandler)
    USART_ClearITPendingBit                  0x08002301   Thumb Code    20  stm32f10x_usart.o(i.USART_ClearITPendingBit)
    USART_Cmd                                0x08002315   Thumb Code    24  stm32f10x_usart.o(i.USART_Cmd)
    USART_GetITStatus                        0x0800232d   Thumb Code    76  stm32f10x_usart.o(i.USART_GetITStatus)
    USART_ITConfig                           0x08002379   Thumb Code    64  stm32f10x_usart.o(i.USART_ITConfig)
    USART_Init                               0x080023b9   Thumb Code   150  stm32f10x_usart.o(i.USART_Init)
    USART_ReceiveData                        0x08002455   Thumb Code    10  stm32f10x_usart.o(i.USART_ReceiveData)
    USART_SendData                           0x0800245f   Thumb Code     8  stm32f10x_usart.o(i.USART_SendData)
    UsageFault_Handler                       0x08002467   Thumb Code     4  stm32f10x_it.o(i.UsageFault_Handler)
    __0sprintf$6                             0x0800246d   Thumb Code    34  printf6.o(i.__0sprintf$6)
    __1sprintf$6                             0x0800246d   Thumb Code     0  printf6.o(i.__0sprintf$6)
    __2sprintf                               0x0800246d   Thumb Code     0  printf6.o(i.__0sprintf$6)
    __scatterload_copy                       0x08002495   Thumb Code    14  handlers.o(i.__scatterload_copy)
    __scatterload_null                       0x080024a3   Thumb Code     2  handlers.o(i.__scatterload_null)
    __scatterload_zeroinit                   0x080024a5   Thumb Code    14  handlers.o(i.__scatterload_zeroinit)
    __set_errno                              0x080024b5   Thumb Code     6  errno.o(i.__set_errno)
    ai_turn                                  0x0800280d   Thumb Code   348  game_ai.o(i.ai_turn)
    delay_ms                                 0x08002999   Thumb Code    18  sys.o(i.delay_ms)
    display_clear_highlight                  0x080029b1   Thumb Code   196  game_display.o(i.display_clear_highlight)
    display_draw_board_content               0x08002a7d   Thumb Code    42  game_display.o(i.display_draw_board_content)
    display_draw_board_lines                 0x08002aad   Thumb Code   144  game_display.o(i.display_draw_board_lines)
    display_draw_button                      0x08002b45   Thumb Code   162  game_display.o(i.display_draw_button)
    display_draw_piece_at                    0x08002bed   Thumb Code   320  game_display.o(i.display_draw_piece_at)
    display_highlight_cell                   0x08002d31   Thumb Code   136  game_display.o(i.display_highlight_cell)
    display_init_game_view                   0x08002dc1   Thumb Code    98  game_display.o(i.display_init_game_view)
    display_set_game_over                    0x08002e49   Thumb Code    56  game_display.o(i.display_set_game_over)
    game_abs_i                               0x08002e89   Thumb Code    14  game.o(i.game_abs_i)
    game_apply_captures                      0x08002e99   Thumb Code   378  game.o(i.game_apply_captures)
    game_board_available_height              0x08003019   Thumb Code     4  game.o(i.game_board_available_height)
    game_board_available_width               0x0800301d   Thumb Code     4  game.o(i.game_board_available_width)
    game_board_x0                            0x08003021   Thumb Code    24  game.o(i.game_board_x0)
    game_board_y0                            0x08003039   Thumb Code    28  game.o(i.game_board_y0)
    game_cell_size                           0x08003055   Thumb Code    48  game.o(i.game_cell_size)
    game_check_game_end                      0x08003085   Thumb Code    78  game.o(i.game_check_game_end)
    game_count_pieces                        0x08003115   Thumb Code    70  game.o(i.game_count_pieces)
    game_cross_xy                            0x0800315b   Thumb Code    44  game.o(i.game_cross_xy)
    game_has_any_move                        0x08003189   Thumb Code   106  game.o(i.game_has_any_move)
    game_in_bounds                           0x080031fd   Thumb Code    26  game.o(i.game_in_bounds)
    game_init                                0x08003219   Thumb Code    28  game.o(i.game_init)
    game_reset_board                         0x0800324d   Thumb Code    90  game.o(i.game_reset_board)
    game_rng_next                            0x080032bd   Thumb Code    22  game.o(i.game_rng_next)
    game_touch_in_rect                       0x080032e1   Thumb Code    56  game.o(i.game_touch_in_rect)
    game_touch_to_cell                       0x08003319   Thumb Code   254  game.o(i.game_touch_to_cell)
    game_try_move                            0x08003419   Thumb Code   182  game.o(i.game_try_move)
    game_update_status_bar                   0x080034d9   Thumb Code   106  game_display.o(i.game_update_status_bar)
    main                                     0x08003585   Thumb Code   338  main.o(i.main)
    menu_draw_start_screen                   0x08003711   Thumb Code   110  game_menu.o(i.menu_draw_start_screen)
    menu_draw_start_touch_status             0x080037c9   Thumb Code   118  game_menu.o(i.menu_draw_start_touch_status)
    menu_handle_touch                        0x08003849   Thumb Code   416  game_menu.o(i.menu_handle_touch)
    menu_start_game                          0x08003a0d   Thumb Code    16  game_menu.o(i.menu_start_game)
    sqrt                                     0x08003a3d   Thumb Code    76  sqrt.o(i.sqrt)
    systick_init                             0x08003a89   Thumb Code    98  systick.o(i.systick_init)
    time_handle                              0x08003af5   Thumb Code    82  systick.o(i.time_handle)
    asc2_1206                                0x08003c28   Data        1140  lcd.o(.constdata)
    asc2_1608                                0x0800409c   Data        1520  lcd.o(.constdata)
    asc2_2412                                0x0800468c   Data        3420  lcd.o(.constdata)
    CN_DataBuf                               0x080053e8   Data          64  lcd.o(.constdata)
    Region$$Table$$Base                      0x08005468   Number         0  anon$$obj.o(Region$$Table)
    Region$$Table$$Limit                     0x08005488   Number         0  anon$$obj.o(Region$$Table)
    temps                                    0x20000008   Data           4  exti.o(.data)
    TimeSecond                               0x2000000c   Data           4  systick.o(.data)
    Time1msConunt                            0x20000010   Data           4  systick.o(.data)
    g_ms_tick                                0x20000014   Data           4  systick.o(.data)
    time1ms                                  0x20000018   Data           4  systick.o(.data)
    RS232InData                              0x2000001c   Data           1  uart.o(.data)
    RXPos                                    0x2000001e   Data           2  uart.o(.data)
    FrameFlag                                0x20000020   Data           2  uart.o(.data)
    RecvTimeOver                             0x20000022   Data           2  uart.o(.data)
    SendPos                                  0x20000024   Data           2  uart.o(.data)
    SendBufLen                               0x20000026   Data           2  uart.o(.data)
    POINT_COLOR                              0x20000028   Data           2  lcd.o(.data)
    BACK_COLOR                               0x2000002a   Data           2  lcd.o(.data)
    PressFlag                                0x2000002c   Data           4  lcd.o(.data)
    x_addata                                 0x20000030   Data           8  lcd.o(.data)
    z_addata                                 0x20000038   Data           8  lcd.o(.data)
    y_addata                                 0x20000040   Data           8  lcd.o(.data)
    Temp                                     0x20000048   Data           4  lcd.o(.data)
    r                                        0x2000004c   Data           4  lcd.o(.data)
    sx                                       0x20000050   Data           4  lcd.o(.data)
    sy                                       0x20000054   Data           4  lcd.o(.data)
    xScreenAD                                0x20000058   Data           4  lcd.o(.data)
    yScreenAD                                0x2000005c   Data           4  lcd.o(.data)
    xScreen                                  0x20000060   Data           4  lcd.o(.data)
    yScreen                                  0x20000064   Data           4  lcd.o(.data)
    PointX_ADmin                             0x20000068   Data           2  lcd.o(.data)
    PointY_ADmin                             0x2000006a   Data           2  lcd.o(.data)
    PointX_ADmax                             0x2000006c   Data           2  lcd.o(.data)
    PointY_ADmax                             0x2000006e   Data           2  lcd.o(.data)
    g_turn                                   0x200000a0   Data           1  game.o(.data)
    g_mode                                   0x200000a1   Data           1  game.o(.data)
    g_state                                  0x200000a2   Data           1  game.o(.data)
    g_ui                                     0x200000a3   Data           1  game.o(.data)
    g_sel_r                                  0x200000a4   Data           4  game.o(.data)
    g_sel_c                                  0x200000a8   Data           4  game.o(.data)
    g_rng                                    0x200000ac   Data           4  game.o(.data)
    MSB                                      0x200000b0   Data           4  stm32f10x_it.o(.data)
    LSB                                      0x200000b4   Data           4  stm32f10x_it.o(.data)
    MSB1                                     0x200000b8   Data           4  stm32f10x_it.o(.data)
    MSB2                                     0x200000bc   Data           4  stm32f10x_it.o(.data)
    ExtSignalFreq                            0x200000c0   Data           4  stm32f10x_it.o(.data)
    i                                        0x200000c4   Data           4  stm32f10x_it.o(.data)
    USART_Rxbuf                              0x200000e0   Data         200  uart.o(.bss)
    USART_Txbuf                              0x200001a8   Data         200  uart.o(.bss)
    lcddev                                   0x20000270   Data          14  lcd.o(.bss)
    showstr                                  0x2000027e   Data          32  lcd.o(.bss)
    g_board                                  0x2000029e   Data          25  game.o(.bss)
    __initial_sp                             0x200004b8   Data           0  startup_stm32f10x_hd.o(STACK)



==============================================================================

Memory Map of the image

  Image Entry point : 0x08000131

  Load Region LR_IROM1 (Base: 0x08000000, Size: 0x00005568, Max: 0x00040000, ABSOLUTE)

    Execution Region ER_IROM1 (Base: 0x08000000, Size: 0x00005488, Max: 0x00040000, ABSOLUTE)

    Base Addr    Size         Type   Attr      Idx    E Section Name        Object

    0x08000000   0x00000130   Data   RO         3905    RESET               startup_stm32f10x_hd.o
    0x08000130   0x00000000   Code   RO         3946  * .ARM.Collect$$$$00000000  mc_w.l(entry.o)
    0x08000130   0x00000004   Code   RO         4230    .ARM.Collect$$$$00000001  mc_w.l(entry2.o)
    0x08000134   0x00000004   Code   RO         4233    .ARM.Collect$$$$00000004  mc_w.l(entry5.o)
    0x08000138   0x00000000   Code   RO         4235    .ARM.Collect$$$$00000008  mc_w.l(entry7b.o)
    0x08000138   0x00000000   Code   RO         4237    .ARM.Collect$$$$0000000A  mc_w.l(entry8b.o)
    0x08000138   0x00000008   Code   RO         4238    .ARM.Collect$$$$0000000B  mc_w.l(entry9a.o)
    0x08000140   0x00000000   Code   RO         4240    .ARM.Collect$$$$0000000D  mc_w.l(entry10a.o)
    0x08000140   0x00000000   Code   RO         4242    .ARM.Collect$$$$0000000F  mc_w.l(entry11a.o)
    0x08000140   0x00000004   Code   RO         4231    .ARM.Collect$$$$00002712  mc_w.l(entry2.o)
    0x08000144   0x00000030   Code   RO         3906    .text               startup_stm32f10x_hd.o
    0x08000174   0x00000062   Code   RO         3949    .text               mc_w.l(ldiv.o)
    0x080001d6   0x00000064   Code   RO         4212    .text               mf_w.l(fmul.o)
    0x0800023a   0x0000007c   Code   RO         4214    .text               mf_w.l(fdiv.o)
    0x080002b6   0x00000012   Code   RO         4218    .text               mf_w.l(fflti.o)
    0x080002c8   0x00000022   Code   RO         4220    .text               mf_w.l(dflti.o)
    0x080002ea   0x00000032   Code   RO         4224    .text               mf_w.l(ffixi.o)
    0x0800031c   0x0000003e   Code   RO         4226    .text               mf_w.l(dfixi.o)
    0x0800035a   0x0000002c   Code   RO         4247    .text               mc_w.l(uidiv.o)
    0x08000386   0x00000062   Code   RO         4249    .text               mc_w.l(uldiv.o)
    0x080003e8   0x00000020   Code   RO         4251    .text               mc_w.l(llushr.o)
    0x08000408   0x00000000   Code   RO         4260    .text               mc_w.l(iusefp.o)
    0x08000408   0x0000006e   Code   RO         4261    .text               mf_w.l(fepilogue.o)
    0x08000476   0x000000ba   Code   RO         4263    .text               mf_w.l(depilogue.o)
    0x08000530   0x000000a2   Code   RO         4269    .text               mf_w.l(dsqrt.o)
    0x080005d2   0x00000002   PAD
    0x080005d4   0x00000024   Code   RO         4277    .text               mc_w.l(init.o)
    0x080005f8   0x0000001e   Code   RO         4280    .text               mc_w.l(llshl.o)
    0x08000616   0x00000004   Code   RO         1012    i.BusFault_Handler  stm32f10x_it.o
    0x0800061a   0x00000002   PAD
    0x0800061c   0x00000044   Code   RO          394    i.DATAIN            lcd.o
    0x08000660   0x00000054   Code   RO          395    i.DATAOUT           lcd.o
    0x080006b4   0x00000002   Code   RO         1013    i.DebugMon_Handler  stm32f10x_it.o
    0x080006b6   0x00000002   PAD
    0x080006b8   0x0000002c   Code   RO          396    i.EXTI2_IRQHandler  lcd.o
    0x080006e4   0x00000020   Code   RO          124    i.EXTI9_5_IRQHandler  exti.o
    0x08000704   0x0000000c   Code   RO         3113    i.EXTI_ClearITPendingBit  stm32f10x_exti.o
    0x08000710   0x00000028   Code   RO         3117    i.EXTI_GetITStatus  stm32f10x_exti.o
    0x08000738   0x00000116   Code   RO         1667    i.GPIO_Init         stm32f10x_gpio.o
    0x0800084e   0x00000002   PAD
    0x08000850   0x00000070   Code   RO         1669    i.GPIO_PinRemapConfig  stm32f10x_gpio.o
    0x080008c0   0x00000012   Code   RO         1671    i.GPIO_ReadInputDataBit  stm32f10x_gpio.o
    0x080008d2   0x00000004   Code   RO         1014    i.HardFault_Handler  stm32f10x_it.o
    0x080008d6   0x00000002   PAD
    0x080008d8   0x00000050   Code   RO          397    i.LCD_Clear         lcd.o
    0x08000928   0x00000044   Code   RO          399    i.LCD_Config_DIN    lcd.o
    0x0800096c   0x00000038   Code   RO          400    i.LCD_Config_DOUT   lcd.o
    0x080009a4   0x00000078   Code   RO          401    i.LCD_Configuration  lcd.o
    0x08000a1c   0x00000068   Code   RO          404    i.LCD_Display_Dir   lcd.o
    0x08000a84   0x000000b0   Code   RO          405    i.LCD_DrawLine      lcd.o
    0x08000b34   0x00000040   Code   RO          406    i.LCD_DrawPoint     lcd.o
    0x08000b74   0x00000040   Code   RO          407    i.LCD_DrawRectangle  lcd.o
    0x08000bb4   0x00000098   Code   RO          408    i.LCD_Draw_Circle   lcd.o
    0x08000c4c   0x000000f8   Code   RO          409    i.LCD_Fast_DrawPoint  lcd.o
    0x08000d44   0x00000070   Code   RO          410    i.LCD_Fill          lcd.o
    0x08000db4   0x000002ac   Code   RO          411    i.LCD_Init          lcd.o
    0x08001060   0x00000038   Code   RO          413    i.LCD_RD_DATA       lcd.o
    0x08001098   0x00000010   Code   RO          415    i.LCD_ReadReg       lcd.o
    0x080010a8   0x00000064   Code   RO          417    i.LCD_Scan_Dir      lcd.o
    0x0800110c   0x000000b0   Code   RO          418    i.LCD_SetCursor     lcd.o
    0x080011bc   0x00000128   Code   RO          420    i.LCD_ShowChar      lcd.o
    0x080012e4   0x00000066   Code   RO          422    i.LCD_ShowString    lcd.o
    0x0800134a   0x00000002   PAD
    0x0800134c   0x0000002c   Code   RO          424    i.LCD_WR_DATAX      lcd.o
    0x08001378   0x00000028   Code   RO          425    i.LCD_WR_REG        lcd.o
    0x080013a0   0x00000010   Code   RO          427    i.LCD_WriteRAM_Prepare  lcd.o
    0x080013b0   0x00000034   Code   RO          428    i.LCD_WriteReg      lcd.o
    0x080013e4   0x00000004   Code   RO         1015    i.MemManage_Handler  stm32f10x_it.o
    0x080013e8   0x00000002   Code   RO         1016    i.NMI_Handler       stm32f10x_it.o
    0x080013ea   0x00000034   Code   RO          256    i.NVIC_Configuration  uart.o
    0x0800141e   0x00000002   PAD
    0x08001420   0x00000070   Code   RO         1626    i.NVIC_Init         misc.o
    0x08001490   0x00000014   Code   RO         1627    i.NVIC_PriorityGroupConfig  misc.o
    0x080014a4   0x00000014   Code   RO         1628    i.NVIC_SetVectorTable  misc.o
    0x080014b8   0x00000002   Code   RO         1017    i.PendSV_Handler    stm32f10x_it.o
    0x080014ba   0x00000002   PAD
    0x080014bc   0x00000020   Code   RO         1774    i.RCC_APB2PeriphClockCmd  stm32f10x_rcc.o
    0x080014dc   0x000000d4   Code   RO         1782    i.RCC_GetClocksFreq  stm32f10x_rcc.o
    0x080015b0   0x000000b4   Code   RO          257    i.RS232_Configuration  uart.o
    0x08001664   0x000000e0   Code   RO          430    i.SPI_X             lcd.o
    0x08001744   0x000000e0   Code   RO          431    i.SPI_Y             lcd.o
    0x08001824   0x00000002   Code   RO         1018    i.SVC_Handler       stm32f10x_it.o
    0x08001826   0x00000008   Code   RO         3910    i.SetSysClock       system_stm32f10x.o
    0x0800182e   0x00000002   PAD
    0x08001830   0x000000e4   Code   RO         3911    i.SetSysClockTo72   system_stm32f10x.o
    0x08001914   0x00000028   Code   RO         1630    i.SysTick_CLKSourceConfig  misc.o
    0x0800193c   0x00000008   Code   RO          225    i.SysTick_Handler   systick.o
    0x08001944   0x00000050   Code   RO         3912    i.SystemInit        system_stm32f10x.o
    0x08001994   0x000000c4   Code   RO         1019    i.TIM3_IRQHandler   stm32f10x_it.o
    0x08001a58   0x00000006   Code   RO         1089    i.TIM_ClearITPendingBit  stm32f10x_tim.o
    0x08001a5e   0x00000006   Code   RO         1109    i.TIM_GetCapture1   stm32f10x_tim.o
    0x08001a64   0x00000034   Code   RO          433    i.TOUCH_INT_config  lcd.o
    0x08001a98   0x00000180   Code   RO          435    i.TOUCH_SCREEN_INIT  lcd.o
    0x08001c18   0x0000001a   Code   RO          436    i.TP_Init_IPU       lcd.o
    0x08001c32   0x00000002   PAD
    0x08001c34   0x000000f0   Code   RO          437    i.TP_Read_AD        lcd.o
    0x08001d24   0x000000a8   Code   RO          438    i.TP_Write_Byte     lcd.o
    0x08001dcc   0x000000fc   Code   RO          439    i.TouchScreen       lcd.o
    0x08001ec8   0x0000000c   Code   RO          441    i.Touch_Init        lcd.o
    0x08001ed4   0x0000003c   Code   RO          442    i.Touch_PenDown     lcd.o
    0x08001f10   0x0000023c   Code   RO          443    i.Touch_ReadDiag    lcd.o
    0x0800214c   0x00000128   Code   RO          444    i.Touch_Scan_MISO   lcd.o
    0x08002274   0x0000008c   Code   RO          260    i.USART1_IRQHandler  uart.o
    0x08002300   0x00000014   Code   RO         2678    i.USART_ClearITPendingBit  stm32f10x_usart.o
    0x08002314   0x00000018   Code   RO         2681    i.USART_Cmd         stm32f10x_usart.o
    0x0800232c   0x0000004c   Code   RO         2685    i.USART_GetITStatus  stm32f10x_usart.o
    0x08002378   0x00000040   Code   RO         2687    i.USART_ITConfig    stm32f10x_usart.o
    0x080023b8   0x0000009c   Code   RO         2688    i.USART_Init        stm32f10x_usart.o
    0x08002454   0x0000000a   Code   RO         2693    i.USART_ReceiveData  stm32f10x_usart.o
    0x0800245e   0x00000008   Code   RO         2696    i.USART_SendData    stm32f10x_usart.o
    0x08002466   0x00000004   Code   RO         1020    i.UsageFault_Handler  stm32f10x_it.o
    0x0800246a   0x00000002   PAD
    0x0800246c   0x00000028   Code   RO         4108    i.__0sprintf$6      mc_w.l(printf6.o)
    0x08002494   0x0000000e   Code   RO         4287    i.__scatterload_copy  mc_w.l(handlers.o)
    0x080024a2   0x00000002   Code   RO         4288    i.__scatterload_null  mc_w.l(handlers.o)
    0x080024a4   0x0000000e   Code   RO         4289    i.__scatterload_zeroinit  mc_w.l(handlers.o)
    0x080024b2   0x00000002   PAD
    0x080024b4   0x0000000c   Code   RO         4255    i.__set_errno       mc_w.l(errno.o)
    0x080024c0   0x000002f0   Code   RO         4113    i._printf_core      mc_w.l(printf6.o)
    0x080027b0   0x00000024   Code   RO         4114    i._printf_post_padding  mc_w.l(printf6.o)
    0x080027d4   0x0000002e   Code   RO         4115    i._printf_pre_padding  mc_w.l(printf6.o)
    0x08002802   0x0000000a   Code   RO         4117    i._sputc            mc_w.l(printf6.o)
    0x0800280c   0x0000016c   Code   RO          905    i.ai_turn           game_ai.o
    0x08002978   0x00000020   Code   RO          772    i.col_occupied_count  game.o
    0x08002998   0x00000018   Code   RO          171    i.delay_ms          sys.o
    0x080029b0   0x000000cc   Code   RO          918    i.display_clear_highlight  game_display.o
    0x08002a7c   0x00000030   Code   RO          919    i.display_draw_board_content  game_display.o
    0x08002aac   0x00000098   Code   RO          920    i.display_draw_board_lines  game_display.o
    0x08002b44   0x000000a8   Code   RO          921    i.display_draw_button  game_display.o
    0x08002bec   0x00000144   Code   RO          922    i.display_draw_piece_at  game_display.o
    0x08002d30   0x00000090   Code   RO          923    i.display_highlight_cell  game_display.o
    0x08002dc0   0x00000088   Code   RO          924    i.display_init_game_view  game_display.o
    0x08002e48   0x00000040   Code   RO          925    i.display_set_game_over  game_display.o
    0x08002e88   0x0000000e   Code   RO          773    i.game_abs_i        game.o
    0x08002e96   0x00000002   PAD
    0x08002e98   0x00000180   Code   RO          774    i.game_apply_captures  game.o
    0x08003018   0x00000004   Code   RO          775    i.game_board_available_height  game.o
    0x0800301c   0x00000004   Code   RO          776    i.game_board_available_width  game.o
    0x08003020   0x00000018   Code   RO          777    i.game_board_x0     game.o
    0x08003038   0x0000001c   Code   RO          778    i.game_board_y0     game.o
    0x08003054   0x00000030   Code   RO          779    i.game_cell_size    game.o
    0x08003084   0x00000090   Code   RO          780    i.game_check_game_end  game.o
    0x08003114   0x00000046   Code   RO          781    i.game_count_pieces  game.o
    0x0800315a   0x0000002c   Code   RO          782    i.game_cross_xy     game.o
    0x08003186   0x00000002   PAD
    0x08003188   0x00000074   Code   RO          783    i.game_has_any_move  game.o
    0x080031fc   0x0000001a   Code   RO          784    i.game_in_bounds    game.o
    0x08003216   0x00000002   PAD
    0x08003218   0x00000034   Code   RO          785    i.game_init         game.o
    0x0800324c   0x00000070   Code   RO          786    i.game_reset_board  game.o
    0x080032bc   0x00000024   Code   RO          787    i.game_rng_next     game.o
    0x080032e0   0x00000038   Code   RO          788    i.game_touch_in_rect  game.o
    0x08003318   0x000000fe   Code   RO          789    i.game_touch_to_cell  game.o
    0x08003416   0x00000002   PAD
    0x08003418   0x000000c0   Code   RO          790    i.game_try_move     game.o
    0x080034d8   0x000000ac   Code   RO          926    i.game_update_status_bar  game_display.o
    0x08003584   0x0000018c   Code   RO            1    i.main              main.o
    0x08003710   0x000000b8   Code   RO          982    i.menu_draw_start_screen  game_menu.o
    0x080037c8   0x00000080   Code   RO          983    i.menu_draw_start_touch_status  game_menu.o
    0x08003848   0x000001c4   Code   RO          984    i.menu_handle_touch  game_menu.o
    0x08003a0c   0x00000010   Code   RO          985    i.menu_start_game   game_menu.o
    0x08003a1c   0x00000020   Code   RO          791    i.row_occupied_count  game.o
    0x08003a3c   0x0000004c   Code   RO         3939    i.sqrt              m_ws.l(sqrt.o)
    0x08003a88   0x0000006c   Code   RO          226    i.systick_init      systick.o
    0x08003af4   0x00000068   Code   RO          227    i.time_handle       systick.o
    0x08003b5c   0x00000018   Code   RO          448    i.touch_delay_ms    lcd.o
    0x08003b74   0x00000020   Code   RO          449    i.touch_delay_us    lcd.o
    0x08003b94   0x00000012   Code   RO          451    i.touch_exti_line   lcd.o
    0x08003ba6   0x00000002   PAD
    0x08003ba8   0x0000004c   Code   RO          453    i.touch_gpio_rcc    lcd.o
    0x08003bf4   0x00000020   Code   RO          454    i.touch_pin_source  lcd.o
    0x08003c14   0x00000008   Code   RO          455    i.touch_raw_to_value  lcd.o
    0x08003c1c   0x0000000c   Code   RO          456    i.touch_read_axis_raw  lcd.o
    0x08003c28   0x00001800   Data   RO          458    .constdata          lcd.o
    0x08005428   0x00000020   Data   RO          793    .constdata          game.o
    0x08005448   0x00000020   Data   RO          906    .constdata          game_ai.o
    0x08005468   0x00000020   Data   RO         4285    Region$$Table       anon$$obj.o


    Execution Region RW_IRAM1 (Base: 0x20000000, Size: 0x000004b8, Max: 0x0000c000, ABSOLUTE)

    Base Addr    Size         Type   Attr      Idx    E Section Name        Object

    0x20000000   0x00000005   Data   RW            2    .data               main.o
    0x20000005   0x00000003   PAD
    0x20000008   0x00000004   Data   RW          128    .data               exti.o
    0x2000000c   0x00000010   Data   RW          228    .data               systick.o
    0x2000001c   0x0000000c   Data   RW          262    .data               uart.o
    0x20000028   0x00000077   Data   RW          459    .data               lcd.o
    0x2000009f   0x00000001   PAD
    0x200000a0   0x00000010   Data   RW          794    .data               game.o
    0x200000b0   0x00000018   Data   RW         1021    .data               stm32f10x_it.o
    0x200000c8   0x00000014   Data   RW         1802    .data               stm32f10x_rcc.o
    0x200000dc   0x00000004   Data   RW         4256    .data               mc_w.l(errno.o)
    0x200000e0   0x00000190   Zero   RW          261    .bss                uart.o
    0x20000270   0x0000002e   Zero   RW          457    .bss                lcd.o
    0x2000029e   0x00000019   Zero   RW          792    .bss                game.o
    0x200002b7   0x00000001   PAD
    0x200002b8   0x00000200   Zero   RW         3903    STACK               startup_stm32f10x_hd.o


==============================================================================

Image component sizes


      Code (inc. data)   RO Data    RW Data    ZI Data      Debug   Object Name

        32          4          0          4          0        633   exti.o
      1672        152         32         16         25      13286   game.o
       364         16         32          0          0       1290   game_ai.o
      1412        152          0          0          0       5975   game_display.o
       780        120          0          0          0       2446   game_menu.o
      5734        468       6144        119         46      31397   lcd.o
       396         58          0          5          0     244079   main.o
       192         30          0          0          0       2755   misc.o
        48         12        304          0        512        892   startup_stm32f10x_hd.o
        52         12          0          0          0       1188   stm32f10x_exti.o
       408          6          0          0          0       3298   stm32f10x_gpio.o
       220         32          0         24          0       4370   stm32f10x_it.o
       244         26          0         20          0       3981   stm32f10x_rcc.o
        12          0          0          0          0       4154   stm32f10x_tim.o
       358          6          0          0          0       6305   stm32f10x_usart.o
        24          6          0          0          0        467   sys.o
       316         20          0          0          0       1953   system_stm32f10x.o
       220         32          0         16          0       6621   systick.o
       372         38          0         12        400       9137   uart.o

    ----------------------------------------------------------------------
     12886       1190       6544        220        984     344227   Object Totals
         0          0         32          0          0          0   (incl. Generated)
        30          0          0          4          1          0   (incl. Padding)

    ----------------------------------------------------------------------

      Code (inc. data)   RO Data    RW Data    ZI Data      Debug   Library Member Name

        76          0          0          0          0         84   sqrt.o
         0          0          0          0          0          0   entry.o
         0          0          0          0          0          0   entry10a.o
         0          0          0          0          0          0   entry11a.o
         8          4          0          0          0          0   entry2.o
         4          0          0          0          0          0   entry5.o
         0          0          0          0          0          0   entry7b.o
         0          0          0          0          0          0   entry8b.o
         8          4          0          0          0          0   entry9a.o
        12          6          0          4          0         68   errno.o
        30          0          0          0          0          0   handlers.o
        36          8          0          0          0         68   init.o
         0          0          0          0          0          0   iusefp.o
        98          0          0          0          0         84   ldiv.o
        30          0          0          0          0         68   llshl.o
        32          0          0          0          0         68   llushr.o
       884         10          0          0          0        420   printf6.o
        44          0          0          0          0         80   uidiv.o
        98          0          0          0          0         92   uldiv.o
       186          0          0          0          0        176   depilogue.o
        62          0          0          0          0         80   dfixi.o
        34          0          0          0          0         76   dflti.o
       162          0          0          0          0        100   dsqrt.o
       124          0          0          0          0         88   fdiv.o
       110          0          0          0          0        168   fepilogue.o
        50          0          0          0          0         68   ffixi.o
        18          0          0          0          0         68   fflti.o
       100          0          0          0          0         76   fmul.o

    ----------------------------------------------------------------------
      2210         32          0          4          0       1932   Library Totals
         4          0          0          0          0          0   (incl. Padding)

    ----------------------------------------------------------------------

      Code (inc. data)   RO Data    RW Data    ZI Data      Debug   Library Name

        76          0          0          0          0         84   m_ws.l
      1284         32          0          4          0        948   mc_w.l
       846          0          0          0          0        900   mf_w.l

    ----------------------------------------------------------------------
      2210         32          0          4          0       1932   Library Totals

    ----------------------------------------------------------------------

==============================================================================


      Code (inc. data)   RO Data    RW Data    ZI Data      Debug   

     15096       1222       6544        224        984     339343   Grand Totals
     15096       1222       6544        224        984     339343   ELF Image Totals
     15096       1222       6544        224          0          0   ROM Totals

==============================================================================

    Total RO  Size (Code + RO Data)                21640 (  21.13kB)
    Total RW  Size (RW Data + ZI Data)              1208 (   1.18kB)
    Total ROM Size (Code + RO Data + RW Data)      21864 (  21.35kB)

==============================================================================

