Component: ARM Compiler 5.06 update 3 (build 300) Tool: armlink [4d35c9]

==============================================================================

Section Cross References

    main.o(i.ai_turn) refers to main.o(i.in_bounds) for in_bounds
    main.o(i.ai_turn) refers to main.o(i.apply_captures) for apply_captures
    main.o(i.ai_turn) refers to main.o(i.count_pieces) for count_pieces
    main.o(i.ai_turn) refers to main.o(i.has_any_move) for has_any_move
    main.o(i.ai_turn) refers to main.o(i.rng_next) for rng_next
    main.o(i.ai_turn) refers to main.o(i.check_game_end) for check_game_end
    main.o(i.ai_turn) refers to main.o(i.draw_scene) for draw_scene
    main.o(i.ai_turn) refers to main.o(i.try_move) for try_move
    main.o(i.ai_turn) refers to main.o(.bss) for g_board
    main.o(i.ai_turn) refers to main.o(.constdata) for dr
    main.o(i.ai_turn) refers to main.o(.data) for g_turn
    main.o(i.apply_captures) refers to main.o(i.row_occupied_count) for row_occupied_count
    main.o(i.apply_captures) refers to main.o(i.col_occupied_count) for col_occupied_count
    main.o(i.cell_cx) refers to main.o(i.board_x0) for board_x0
    main.o(i.cell_cx) refers to main.o(i.cell_size) for cell_size
    main.o(i.cell_cy) refers to main.o(i.board_y0) for board_y0
    main.o(i.cell_cy) refers to main.o(i.cell_size) for cell_size
    main.o(i.check_game_end) refers to main.o(i.count_pieces) for count_pieces
    main.o(i.check_game_end) refers to main.o(i.set_game_over) for set_game_over
    main.o(i.check_game_end) refers to main.o(i.has_any_move) for has_any_move
    main.o(i.check_game_end) refers to main.o(.bss) for g_board
    main.o(i.check_game_end) refers to main.o(.data) for g_turn
    main.o(i.draw_board_lines) refers to main.o(i.board_x0) for board_x0
    main.o(i.draw_board_lines) refers to main.o(i.board_y0) for board_y0
    main.o(i.draw_board_lines) refers to main.o(i.cell_size) for cell_size
    main.o(i.draw_board_lines) refers to lcd.o(i.LCD_Fill) for LCD_Fill
    main.o(i.draw_board_lines) refers to lcd.o(i.LCD_DrawLine) for LCD_DrawLine
    main.o(i.draw_board_lines) refers to lcd.o(.data) for POINT_COLOR
    main.o(i.draw_button) refers to lcd.o(i.LCD_Fill) for LCD_Fill
    main.o(i.draw_button) refers to lcd.o(i.LCD_DrawRectangle) for LCD_DrawRectangle
    main.o(i.draw_button) refers to lcd.o(i.LCD_ShowString) for LCD_ShowString
    main.o(i.draw_button) refers to lcd.o(.data) for POINT_COLOR
    main.o(i.draw_piece_at) refers to main.o(i.cell_size) for cell_size
    main.o(i.draw_piece_at) refers to main.o(i.board_x0) for board_x0
    main.o(i.draw_piece_at) refers to main.o(i.board_y0) for board_y0
    main.o(i.draw_piece_at) refers to lcd.o(i.LCD_Fill) for LCD_Fill
    main.o(i.draw_piece_at) refers to lcd.o(i.LCD_DrawRectangle) for LCD_DrawRectangle
    main.o(i.draw_piece_at) refers to lcd.o(.data) for POINT_COLOR
    main.o(i.draw_scene) refers to _printf_percent.o(.ARM.Collect$$_printf_percent$$00000000) for _printf_percent
    main.o(i.draw_scene) refers to _printf_s.o(.ARM.Collect$$_printf_percent$$00000014) for _printf_s
    main.o(i.draw_scene) refers to _printf_str.o(.text) for _printf_str
    main.o(i.draw_scene) refers to _printf_pad.o(.text) for _printf_pre_padding
    main.o(i.draw_scene) refers to _printf_d.o(.ARM.Collect$$_printf_percent$$00000009) for _printf_d
    main.o(i.draw_scene) refers to _printf_dec.o(.text) for _printf_int_dec
    main.o(i.draw_scene) refers to main.o(i.board_x0) for board_x0
    main.o(i.draw_scene) refers to main.o(i.board_y0) for board_y0
    main.o(i.draw_scene) refers to main.o(i.cell_size) for cell_size
    main.o(i.draw_scene) refers to lcd.o(i.LCD_Clear) for LCD_Clear
    main.o(i.draw_scene) refers to main.o(i.count_pieces) for count_pieces
    main.o(i.draw_scene) refers to noretval__2sprintf.o(.text) for __2sprintf
    main.o(i.draw_scene) refers to lcd.o(i.LCD_ShowString) for LCD_ShowString
    main.o(i.draw_scene) refers to main.o(i.draw_board_lines) for draw_board_lines
    main.o(i.draw_scene) refers to main.o(i.draw_piece_at) for draw_piece_at
    main.o(i.draw_scene) refers to lcd.o(i.LCD_DrawRectangle) for LCD_DrawRectangle
    main.o(i.draw_scene) refers to main.o(i.draw_button) for draw_button
    main.o(i.draw_scene) refers to lcd.o(.data) for POINT_COLOR
    main.o(i.draw_scene) refers to main.o(.bss) for g_board
    main.o(i.draw_scene) refers to main.o(.data) for g_turn
    main.o(i.draw_start_screen) refers to lcd.o(i.LCD_Clear) for LCD_Clear
    main.o(i.draw_start_screen) refers to lcd.o(i.LCD_ShowString) for LCD_ShowString
    main.o(i.draw_start_screen) refers to main.o(i.draw_button) for draw_button
    main.o(i.draw_start_screen) refers to lcd.o(.data) for POINT_COLOR
    main.o(i.handle_touch) refers to main.o(i.touch_in_rect) for touch_in_rect
    main.o(i.handle_touch) refers to main.o(i.start_game) for start_game
    main.o(i.handle_touch) refers to main.o(i.draw_scene) for draw_scene
[...]
    ../fplib/fpinit.s                        0x00000000   Number         0  fpinit.o ABSOLUTE
    ../fplib/fretinf.s                       0x00000000   Number         0  fretinf.o ABSOLUTE
    ../fplib/usenofp.s                       0x00000000   Number         0  usenofp.o ABSOLUTE
    ..\..\Libraries\CMSIS\Core\CM3\startup\arm\startup_stm32f10x_md.s 0x00000000   Number         0  startup_stm32f10x_md.o ABSOLUTE
    ..\..\Libraries\CMSIS\Core\CM3\system_stm32f10x.c 0x00000000   Number         0  system_stm32f10x.o ABSOLUTE
    ..\..\Libraries\STM32F10x_StdPeriph_Driver\src\misc.c 0x00000000   Number         0  misc.o ABSOLUTE
    ..\..\Libraries\STM32F10x_StdPeriph_Driver\src\stm32f10x_adc.c 0x00000000   Number         0  stm32f10x_adc.o ABSOLUTE
    ..\..\Libraries\STM32F10x_StdPeriph_Driver\src\stm32f10x_bkp.c 0x00000000   Number         0  stm32f10x_bkp.o ABSOLUTE
    ..\..\Libraries\STM32F10x_StdPeriph_Driver\src\stm32f10x_can.c 0x00000000   Number         0  stm32f10x_can.o ABSOLUTE
    ..\..\Libraries\STM32F10x_StdPeriph_Driver\src\stm32f10x_crc.c 0x00000000   Number         0  stm32f10x_crc.o ABSOLUTE
    ..\..\Libraries\STM32F10x_StdPeriph_Driver\src\stm32f10x_dac.c 0x00000000   Number         0  stm32f10x_dac.o ABSOLUTE
    ..\..\Libraries\STM32F10x_StdPeriph_Driver\src\stm32f10x_dbgmcu.c 0x00000000   Number         0  stm32f10x_dbgmcu.o ABSOLUTE
    ..\..\Libraries\STM32F10x_StdPeriph_Driver\src\stm32f10x_dma.c 0x00000000   Number         0  stm32f10x_dma.o ABSOLUTE
    ..\..\Libraries\STM32F10x_StdPeriph_Driver\src\stm32f10x_exti.c 0x00000000   Number         0  stm32f10x_exti.o ABSOLUTE
    ..\..\Libraries\STM32F10x_StdPeriph_Driver\src\stm32f10x_flash.c 0x00000000   Number         0  stm32f10x_flash.o ABSOLUTE
    ..\..\Libraries\STM32F10x_StdPeriph_Driver\src\stm32f10x_fsmc.c 0x00000000   Number         0  stm32f10x_fsmc.o ABSOLUTE
    ..\..\Libraries\STM32F10x_StdPeriph_Driver\src\stm32f10x_gpio.c 0x00000000   Number         0  stm32f10x_gpio.o ABSOLUTE
    ..\..\Libraries\STM32F10x_StdPeriph_Driver\src\stm32f10x_i2c.c 0x00000000   Number         0  stm32f10x_i2c.o ABSOLUTE
    ..\..\Libraries\STM32F10x_StdPeriph_Driver\src\stm32f10x_iwdg.c 0x00000000   Number         0  stm32f10x_iwdg.o ABSOLUTE
    ..\..\Libraries\STM32F10x_StdPeriph_Driver\src\stm32f10x_pwr.c 0x00000000   Number         0  stm32f10x_pwr.o ABSOLUTE
    ..\..\Libraries\STM32F10x_StdPeriph_Driver\src\stm32f10x_rcc.c 0x00000000   Number         0  stm32f10x_rcc.o ABSOLUTE
    ..\..\Libraries\STM32F10x_StdPeriph_Driver\src\stm32f10x_rtc.c 0x00000000   Number         0  stm32f10x_rtc.o ABSOLUTE
    ..\..\Libraries\STM32F10x_StdPeriph_Driver\src\stm32f10x_sdio.c 0x00000000   Number         0  stm32f10x_sdio.o ABSOLUTE
    ..\..\Libraries\STM32F10x_StdPeriph_Driver\src\stm32f10x_spi.c 0x00000000   Number         0  stm32f10x_spi.o ABSOLUTE
    ..\..\Libraries\STM32F10x_StdPeriph_Driver\src\stm32f10x_tim.c 0x00000000   Number         0  stm32f10x_tim.o ABSOLUTE
    ..\..\Libraries\STM32F10x_StdPeriph_Driver\src\stm32f10x_usart.c 0x00000000   Number         0  stm32f10x_usart.o ABSOLUTE
    ..\..\Libraries\STM32F10x_StdPeriph_Driver\src\stm32f10x_wwdg.c 0x00000000   Number         0  stm32f10x_wwdg.o ABSOLUTE
    ..\\src\\sys.c                           0x00000000   Number         0  sys.o ABSOLUTE
    ..\src\EXTI.c                            0x00000000   Number         0  exti.o ABSOLUTE
    ..\src\IIC-lib.c                         0x00000000   Number         0  iic-lib.o ABSOLUTE
    ..\src\SPI.c                             0x00000000   Number         0  spi.o ABSOLUTE
    ..\src\Timer.c                           0x00000000   Number         0  timer.o ABSOLUTE
    ..\src\UART.c                            0x00000000   Number         0  uart.o ABSOLUTE
    ..\src\dma.c                             0x00000000   Number         0  dma.o ABSOLUTE
    ..\src\lcd.c                             0x00000000   Number         0  lcd.o ABSOLUTE
    ..\src\main.c                            0x00000000   Number         0  main.o ABSOLUTE
    ..\src\stm32f10x_it.c                    0x00000000   Number         0  stm32f10x_it.o ABSOLUTE
    ..\src\sys.c                             0x00000000   Number         0  sys.o ABSOLUTE
    ..\src\systick.c                         0x00000000   Number         0  systick.o ABSOLUTE
    dc.s                                     0x00000000   Number         0  dc.o ABSOLUTE
    RESET                                    0x08000000   Section      304  startup_stm32f10x_md.o(RESET)
    !!!main                                  0x08000130   Section        8  __main.o(!!!main)
    !!!scatter                               0x08000138   Section       52  __scatter.o(!!!scatter)
    !!handler_copy                           0x0800016c   Section       26  __scatter_copy.o(!!handler_copy)
    !!handler_zi                             0x08000188   Section       28  __scatter_zi.o(!!handler_zi)
    .ARM.Collect$$_printf_percent$$00000000  0x080001a4   Section        0  _printf_percent.o(.ARM.Collect$$_printf_percent$$00000000)
    .ARM.Collect$$_printf_percent$$00000009  0x080001a4   Section        6  _printf_d.o(.ARM.Collect$$_printf_percent$$00000009)
    .ARM.Collect$$_printf_percent$$0000000A  0x080001aa   Section        6  _printf_u.o(.ARM.Collect$$_printf_percent$$0000000A)
    .ARM.Collect$$_printf_percent$$00000013  0x080001b0   Section        6  _printf_c.o(.ARM.Collect$$_printf_percent$$00000013)
    .ARM.Collect$$_printf_percent$$00000014  0x080001b6   Section        6  _printf_s.o(.ARM.Collect$$_printf_percent$$00000014)
    .ARM.Collect$$_printf_percent$$00000017  0x080001bc   Section        4  _printf_percent_end.o(.ARM.Collect$$_printf_percent$$00000017)
    .ARM.Collect$$libinit$$00000000          0x080001c0   Section        2  libinit.o(.ARM.Collect$$libinit$$00000000)
    .ARM.Collect$$libinit$$00000002          0x080001c2   Section        0  libinit2.o(.ARM.Collect$$libinit$$00000002)
    .ARM.Collect$$libinit$$00000004          0x080001c2   Section        0  libinit2.o(.ARM.Collect$$libinit$$00000004)
    .ARM.Collect$$libinit$$0000000A          0x080001c2   Section        0  libinit2.o(.ARM.Collect$$libinit$$0000000A)
    .ARM.Collect$$libinit$$0000000C          0x080001c2   Section        0  libinit2.o(.ARM.Collect$$libinit$$0000000C)
    .ARM.Collect$$libinit$$0000000E          0x080001c2   Section        0  libinit2.o(.ARM.Collect$$libinit$$0000000E)
    .ARM.Collect$$libinit$$00000011          0x080001c2   Section        0  libinit2.o(.ARM.Collect$$libinit$$00000011)
    .ARM.Collect$$libinit$$00000013          0x080001c2   Section        0  libinit2.o(.ARM.Collect$$libinit$$00000013)
    .ARM.Collect$$libinit$$00000015          0x080001c2   Section        0  libinit2.o(.ARM.Collect$$libinit$$00000015)
    .ARM.Collect$$libinit$$00000017          0x080001c2   Section        0  libinit2.o(.ARM.Collect$$libinit$$00000017)
    .ARM.Collect$$libinit$$00000019          0x080001c2   Section        0  libinit2.o(.ARM.Collect$$libinit$$00000019)
    .ARM.Collect$$libinit$$0000001B          0x080001c2   Section        0  libinit2.o(.ARM.Collect$$libinit$$0000001B)
    .ARM.Collect$$libinit$$0000001D          0x080001c2   Section        0  libinit2.o(.ARM.Collect$$libinit$$0000001D)
    .ARM.Collect$$libinit$$0000001F          0x080001c2   Section        0  libinit2.o(.ARM.Collect$$libinit$$0000001F)
    .ARM.Collect$$libinit$$00000021          0x080001c2   Section        0  libinit2.o(.ARM.Collect$$libinit$$00000021)
    .ARM.Collect$$libinit$$00000023          0x080001c2   Section        0  libinit2.o(.ARM.Collect$$libinit$$00000023)
    .ARM.Collect$$libinit$$00000025          0x080001c2   Section        0  libinit2.o(.ARM.Collect$$libinit$$00000025)
    .ARM.Collect$$libinit$$0000002C          0x080001c2   Section        0  libinit2.o(.ARM.Collect$$libinit$$0000002C)
    .ARM.Collect$$libinit$$0000002E          0x080001c2   Section        0  libinit2.o(.ARM.Collect$$libinit$$0000002E)
    .ARM.Collect$$libinit$$00000030          0x080001c2   Section        0  libinit2.o(.ARM.Collect$$libinit$$00000030)
    .ARM.Collect$$libinit$$00000032          0x080001c2   Section        0  libinit2.o(.ARM.Collect$$libinit$$00000032)
    .ARM.Collect$$libinit$$00000033          0x080001c2   Section        2  libinit2.o(.ARM.Collect$$libinit$$00000033)
    .ARM.Collect$$libshutdown$$00000000      0x080001c4   Section        2  libshutdown.o(.ARM.Collect$$libshutdown$$00000000)
    .ARM.Collect$$libshutdown$$00000002      0x080001c6   Section        0  libshutdown2.o(.ARM.Collect$$libshutdown$$00000002)
    .ARM.Collect$$libshutdown$$00000004      0x080001c6   Section        0  libshutdown2.o(.ARM.Collect$$libshutdown$$00000004)
    .ARM.Collect$$libshutdown$$00000007      0x080001c6   Section        0  libshutdown2.o(.ARM.Collect$$libshutdown$$00000007)
    .ARM.Collect$$libshutdown$$0000000A      0x080001c6   Section        0  libshutdown2.o(.ARM.Collect$$libshutdown$$0000000A)
    .ARM.Collect$$libshutdown$$0000000C      0x080001c6   Section        0  libshutdown2.o(.ARM.Collect$$libshutdown$$0000000C)
    .ARM.Collect$$libshutdown$$0000000F      0x080001c6   Section        0  libshutdown2.o(.ARM.Collect$$libshutdown$$0000000F)
    .ARM.Collect$$libshutdown$$00000010      0x080001c6   Section        2  libshutdown2.o(.ARM.Collect$$libshutdown$$00000010)
    .ARM.Collect$$rtentry$$00000000          0x080001c8   Section        0  __rtentry.o(.ARM.Collect$$rtentry$$00000000)
    .ARM.Collect$$rtentry$$00000002          0x080001c8   Section        0  __rtentry2.o(.ARM.Collect$$rtentry$$00000002)
    .ARM.Collect$$rtentry$$00000004          0x080001c8   Section        6  __rtentry4.o(.ARM.Collect$$rtentry$$00000004)
    .ARM.Collect$$rtentry$$00000009          0x080001ce   Section        0  __rtentry2.o(.ARM.Collect$$rtentry$$00000009)
    .ARM.Collect$$rtentry$$0000000A          0x080001ce   Section        4  __rtentry2.o(.ARM.Collect$$rtentry$$0000000A)
    .ARM.Collect$$rtentry$$0000000C          0x080001d2   Section        0  __rtentry2.o(.ARM.Collect$$rtentry$$0000000C)
    .ARM.Collect$$rtentry$$0000000D          0x080001d2   Section        8  __rtentry2.o(.ARM.Collect$$rtentry$$0000000D)
    .ARM.Collect$$rtexit$$00000000           0x080001da   Section        2  rtexit.o(.ARM.Collect$$rtexit$$00000000)
    .ARM.Collect$$rtexit$$00000002           0x080001dc   Section        0  rtexit2.o(.ARM.Collect$$rtexit$$00000002)
    .ARM.Collect$$rtexit$$00000003           0x080001dc   Section        4  rtexit2.o(.ARM.Collect$$rtexit$$00000003)
    .ARM.Collect$$rtexit$$00000004           0x080001e0   Section        6  rtexit2.o(.ARM.Collect$$rtexit$$00000004)
    .text                                    0x080001e8   Section       52  startup_stm32f10x_md.o(.text)
    .text                                    0x0800021c   Section       72  llsdiv.o(.text)
    .text                                    0x08000264   Section        0  noretval__2sprintf.o(.text)
    .text                                    0x0800028c   Section        0  _printf_pad.o(.text)
    .text                                    0x080002da   Section        0  _printf_str.o(.text)
    .text                                    0x0800032c   Section        0  _printf_dec.o(.text)
    .text                                    0x080003a4   Section        0  __printf_ss_wp.o(.text)
    .text                                    0x08000504   Section        0  heapauxi.o(.text)
    .text                                    0x0800050a   Section      238  lludivv7m.o(.text)
    .text                                    0x080005f8   Section        0  _printf_intcommon.o(.text)
    .text                                    0x080006ac   Section        0  _printf_char_common.o(.text)
    _printf_input_char                       0x080006ad   Thumb Code    10  _printf_char_common.o(.text)
    .text                                    0x080006dc   Section        0  _sputc.o(.text)
    .text                                    0x080006e6   Section        0  _printf_char.o(.text)
    .text                                    0x08000712   Section       74  sys_stackheap_outer.o(.text)
    .text                                    0x0800075c   Section        0  exit.o(.text)
    .text                                    0x08000770   Section        8  libspace.o(.text)
    .text                                    0x08000778   Section        2  use_no_semi.o(.text)
    .text                                    0x0800077a   Section        0  indicate_semi.o(.text)
    .text                                    0x0800077c   Section        0  sys_exit.o(.text)
    i.BusFault_Handler                       0x08000788   Section        0  stm32f10x_it.o(i.BusFault_Handler)
    i.DATAIN                                 0x0800078c   Section        0  lcd.o(i.DATAIN)
    i.DATAOUT                                0x080007d0   Section        0  lcd.o(i.DATAOUT)
    i.DebugMon_Handler                       0x08000824   Section        0  stm32f10x_it.o(i.DebugMon_Handler)
    i.EXTI1_IRQHandler                       0x08000826   Section        0  lcd.o(i.EXTI1_IRQHandler)
    i.EXTI2_IRQHandler                       0x08000842   Section        0  lcd.o(i.EXTI2_IRQHandler)
    i.EXTI9_5_IRQHandler                     0x08000860   Section        0  exti.o(i.EXTI9_5_IRQHandler)
    i.EXTI_ClearITPendingBit                 0x08000880   Section        0  stm32f10x_exti.o(i.EXTI_ClearITPendingBit)
    i.EXTI_GetITStatus                       0x0800088c   Section        0  stm32f10x_exti.o(i.EXTI_GetITStatus)
    i.EXTI_Init                              0x080008b4   Section        0  stm32f10x_exti.o(i.EXTI_Init)
    i.GPIO_EXTILineConfig                    0x0800096c   Section        0  stm32f10x_gpio.o(i.GPIO_EXTILineConfig)
    i.GPIO_Init                              0x080009ac   Section        0  stm32f10x_gpio.o(i.GPIO_Init)
    i.GPIO_ResetBits                         0x08000ac2   Section        0  stm32f10x_gpio.o(i.GPIO_ResetBits)
    i.GPIO_SetBits                           0x08000ac6   Section        0  stm32f10x_gpio.o(i.GPIO_SetBits)
    i.HardFault_Handler                      0x08000aca   Section        0  stm32f10x_it.o(i.HardFault_Handler)
    i.LCD_Clear                              0x08000ad0   Section        0  lcd.o(i.LCD_Clear)
    i.LCD_Config_DIN                         0x08000b20   Section        0  lcd.o(i.LCD_Config_DIN)
    i.LCD_Config_DOUT                        0x08000b64   Section        0  lcd.o(i.LCD_Config_DOUT)
    i.LCD_Configuration                      0x08000b9c   Section        0  lcd.o(i.LCD_Configuration)
    i.LCD_Display_Dir                        0x08000c14   Section        0  lcd.o(i.LCD_Display_Dir)
    i.LCD_DrawLine                           0x08000c7c   Section        0  lcd.o(i.LCD_DrawLine)
    i.LCD_DrawPoint                          0x08000d2c   Section        0  lcd.o(i.LCD_DrawPoint)
    i.LCD_DrawRectangle                      0x08000d6c   Section        0  lcd.o(i.LCD_DrawRectangle)
    i.LCD_Fast_DrawPoint                     0x08000dac   Section        0  lcd.o(i.LCD_Fast_DrawPoint)
    i.LCD_Fill                               0x08000ea4   Section        0  lcd.o(i.LCD_Fill)
    i.LCD_Init                               0x08000f14   Section        0  lcd.o(i.LCD_Init)
    i.LCD_RD_DATA                            0x080011c0   Section        0  lcd.o(i.LCD_RD_DATA)
    i.LCD_ReadReg                            0x080011f8   Section        0  lcd.o(i.LCD_ReadReg)
    i.LCD_Scan_Dir                           0x08001208   Section        0  lcd.o(i.LCD_Scan_Dir)
    i.LCD_SetCursor                          0x0800126c   Section        0  lcd.o(i.LCD_SetCursor)
    i.LCD_ShowChar                           0x0800131c   Section        0  lcd.o(i.LCD_ShowChar)
    i.LCD_ShowString                         0x08001444   Section        0  lcd.o(i.LCD_ShowString)
    i.LCD_WR_DATAX                           0x080014ac   Section        0  lcd.o(i.LCD_WR_DATAX)
    i.LCD_WR_REG                             0x080014d8   Section        0  lcd.o(i.LCD_WR_REG)
    i.LCD_WriteRAM_Prepare                   0x08001500   Section        0  lcd.o(i.LCD_WriteRAM_Prepare)
    i.LCD_WriteReg                           0x08001510   Section        0  lcd.o(i.LCD_WriteReg)
    i.MemManage_Handler                      0x08001544   Section        0  stm32f10x_it.o(i.MemManage_Handler)
    i.NMI_Handler                            0x08001548   Section        0  stm32f10x_it.o(i.NMI_Handler)
    i.NVIC_Configuration                     0x0800154a   Section        0  uart.o(i.NVIC_Configuration)
    i.NVIC_Init                              0x08001580   Section        0  misc.o(i.NVIC_Init)
    i.NVIC_PriorityGroupConfig               0x080015f0   Section        0  misc.o(i.NVIC_PriorityGroupConfig)
    i.NVIC_SetVectorTable                    0x08001604   Section        0  misc.o(i.NVIC_SetVectorTable)
    i.PendSV_Handler                         0x08001618   Section        0  stm32f10x_it.o(i.PendSV_Handler)
    i.RCC_APB2PeriphClockCmd                 0x0800161c   Section        0  stm32f10x_rcc.o(i.RCC_APB2PeriphClockCmd)
    i.RCC_GetClocksFreq                      0x0800163c   Section        0  stm32f10x_rcc.o(i.RCC_GetClocksFreq)
    i.RS232_Configuration                    0x08001710   Section        0  uart.o(i.RS232_Configuration)
    i.SPI_X                                  0x080017c4   Section        0  lcd.o(i.SPI_X)
    i.SPI_Y                                  0x080018a4   Section        0  lcd.o(i.SPI_Y)
    i.SVC_Handler                            0x08001984   Section        0  stm32f10x_it.o(i.SVC_Handler)
    i.SetSysClock                            0x08001986   Section        0  system_stm32f10x.o(i.SetSysClock)
    SetSysClock                              0x08001987   Thumb Code     8  system_stm32f10x.o(i.SetSysClock)
    i.SetSysClockTo72                        0x08001990   Section        0  system_stm32f10x.o(i.SetSysClockTo72)
    SetSysClockTo72                          0x08001991   Thumb Code   220  system_stm32f10x.o(i.SetSysClockTo72)
    i.SysTick_CLKSourceConfig                0x08001a74   Section        0  misc.o(i.SysTick_CLKSourceConfig)
    i.SysTick_Handler                        0x08001a9c   Section        0  systick.o(i.SysTick_Handler)
    i.SystemInit                             0x08001aa4   Section        0  system_stm32f10x.o(i.SystemInit)
    i.TIM3_IRQHandler                        0x08001af4   Section        0  stm32f10x_it.o(i.TIM3_IRQHandler)
    i.TIM_ClearITPendingBit                  0x08001bb8   Section        0  stm32f10x_tim.o(i.TIM_ClearITPendingBit)
    i.TIM_GetCapture1                        0x08001bbe   Section        0  stm32f10x_tim.o(i.TIM_GetCapture1)
    i.TOUCH_INT_EXIT_Init                    0x08001bc4   Section        0  lcd.o(i.TOUCH_INT_EXIT_Init)
    TOUCH_INT_EXIT_Init                      0x08001bc5   Thumb Code    94  lcd.o(i.TOUCH_INT_EXIT_Init)
    i.TOUCH_INT_config                       0x08001c28   Section        0  lcd.o(i.TOUCH_INT_config)
    TOUCH_INT_config                         0x08001c29   Thumb Code    34  lcd.o(i.TOUCH_INT_config)
    i.TOUCH_InterruptConfig                  0x08001c54   Section        0  lcd.o(i.TOUCH_InterruptConfig)
    TOUCH_InterruptConfig                    0x08001c55   Thumb Code    44  lcd.o(i.TOUCH_InterruptConfig)
    i.TOUCH_SCREEN_INIT                      0x08001c84   Section        0  lcd.o(i.TOUCH_SCREEN_INIT)
    TOUCH_SCREEN_INIT                        0x08001c85   Thumb Code   130  lcd.o(i.TOUCH_SCREEN_INIT)
    i.TP_Read_AD                             0x08001d1c   Section        0  lcd.o(i.TP_Read_AD)
    TP_Read_AD                               0x08001d1d   Thumb Code   150  lcd.o(i.TP_Read_AD)
    i.TP_Write_Byte                          0x08001dc4   Section        0  lcd.o(i.TP_Write_Byte)
    TP_Write_Byte                            0x08001dc5   Thumb Code    80  lcd.o(i.TP_Write_Byte)
    i.TouchScreen                            0x08001e18   Section        0  lcd.o(i.TouchScreen)
    i.Touch_AutoWireIfNeeded                 0x08001f14   Section        0  lcd.o(i.Touch_AutoWireIfNeeded)
    i.Touch_Debug_Show_OnePage               0x08002150   Section        0  lcd.o(i.Touch_Debug_Show_OnePage)
    i.Touch_Init                             0x08002e94   Section        0  lcd.o(i.Touch_Init)
    i.Touch_PenDown                          0x08002ea8   Section        0  lcd.o(i.Touch_PenDown)
    i.Touch_PenDownAny                       0x08002ec4   Section        0  lcd.o(i.Touch_PenDownAny)
    i.USART1_IRQHandler                      0x08002ee4   Section        0  uart.o(i.USART1_IRQHandler)
    i.USART_ClearITPendingBit                0x08002f70   Section        0  stm32f10x_usart.o(i.USART_ClearITPendingBit)
    i.USART_Cmd                              0x08002f84   Section        0  stm32f10x_usart.o(i.USART_Cmd)
    i.USART_GetITStatus                      0x08002f9c   Section        0  stm32f10x_usart.o(i.USART_GetITStatus)
    i.USART_ITConfig                         0x08002fe8   Section        0  stm32f10x_usart.o(i.USART_ITConfig)
    i.USART_Init                             0x08003028   Section        0  stm32f10x_usart.o(i.USART_Init)
    i.USART_ReceiveData                      0x080030c4   Section        0  stm32f10x_usart.o(i.USART_ReceiveData)
    i.USART_SendData                         0x080030ce   Section        0  stm32f10x_usart.o(i.USART_SendData)
    i.UsageFault_Handler                     0x080030d6   Section        0  stm32f10x_it.o(i.UsageFault_Handler)
    i._is_digit                              0x080030da   Section        0  __printf_wp.o(i._is_digit)
    i.abs_i                                  0x080030e8   Section        0  main.o(i.abs_i)
    abs_i                                    0x080030e9   Thumb Code    14  main.o(i.abs_i)
    i.ai_turn                                0x080030f8   Section        0  main.o(i.ai_turn)
    ai_turn                                  0x080030f9   Thumb Code   340  main.o(i.ai_turn)
    i.apply_captures                         0x0800325c   Section        0  main.o(i.apply_captures)
    apply_captures                           0x0800325d   Thumb Code   186  main.o(i.apply_captures)
    i.board_x0                               0x08003316   Section        0  main.o(i.board_x0)
    board_x0                                 0x08003317   Thumb Code     4  main.o(i.board_x0)
    i.board_y0                               0x0800331a   Section        0  main.o(i.board_y0)
    board_y0                                 0x0800331b   Thumb Code     4  main.o(i.board_y0)
    i.cell_size                              0x0800331e   Section        0  main.o(i.cell_size)
    cell_size                                0x0800331f   Thumb Code     4  main.o(i.cell_size)
    i.check_game_end                         0x08003324   Section        0  main.o(i.check_game_end)
    check_game_end                           0x08003325   Thumb Code    78  main.o(i.check_game_end)
    i.col_occupied_count                     0x080033b4   Section        0  main.o(i.col_occupied_count)
    col_occupied_count                       0x080033b5   Thumb Code    30  main.o(i.col_occupied_count)
    i.count_pieces                           0x080033d2   Section        0  main.o(i.count_pieces)
    count_pieces                             0x080033d3   Thumb Code    66  main.o(i.count_pieces)
    i.delay_ms                               0x08003414   Section        0  sys.o(i.delay_ms)
    i.draw_board_lines                       0x0800342c   Section        0  main.o(i.draw_board_lines)
    draw_board_lines                         0x0800342d   Thumb Code   144  main.o(i.draw_board_lines)
    i.draw_button                            0x080034c4   Section        0  main.o(i.draw_button)
    draw_button                              0x080034c5   Thumb Code   162  main.o(i.draw_button)
    i.draw_piece_at                          0x0800356c   Section        0  main.o(i.draw_piece_at)
    draw_piece_at                            0x0800356d   Thumb Code   232  main.o(i.draw_piece_at)
    i.draw_scene                             0x08003658   Section        0  main.o(i.draw_scene)
    draw_scene                               0x08003659   Thumb Code   406  main.o(i.draw_scene)
    i.draw_start_screen                      0x08003890   Section        0  main.o(i.draw_start_screen)
    draw_start_screen                        0x08003891   Thumb Code    86  main.o(i.draw_start_screen)
    i.handle_touch                           0x0800392c   Section        0  main.o(i.handle_touch)
    handle_touch                             0x0800392d   Thumb Code   330  main.o(i.handle_touch)
    i.has_any_move                           0x08003a98   Section        0  main.o(i.has_any_move)
    has_any_move                             0x08003a99   Thumb Code   102  main.o(i.has_any_move)
    i.in_bounds                              0x08003b08   Section        0  main.o(i.in_bounds)
    in_bounds                                0x08003b09   Thumb Code    26  main.o(i.in_bounds)
    i.main                                   0x08003b24   Section        0  main.o(i.main)
    i.reset_board                            0x08003c9c   Section        0  main.o(i.reset_board)
    reset_board                              0x08003c9d   Thumb Code    96  main.o(i.reset_board)
    i.rng_next                               0x08003d10   Section        0  main.o(i.rng_next)
    rng_next                                 0x08003d11   Thumb Code    22  main.o(i.rng_next)
    i.row_occupied_count                     0x08003d34   Section        0  main.o(i.row_occupied_count)
    row_occupied_count                       0x08003d35   Thumb Code    30  main.o(i.row_occupied_count)
    i.set_game_over                          0x08003d54   Section        0  main.o(i.set_game_over)
    set_game_over                            0x08003d55   Thumb Code    56  main.o(i.set_game_over)
    i.start_game                             0x08003d94   Section        0  main.o(i.start_game)
    start_game                               0x08003d95   Thumb Code    16  main.o(i.start_game)
    i.systick_init                           0x08003da4   Section        0  systick.o(i.systick_init)
    i.time_handle                            0x08003e10   Section        0  systick.o(i.time_handle)
    i.touch_apply_wiring                     0x08003e78   Section        0  lcd.o(i.touch_apply_wiring)
    touch_apply_wiring                       0x08003e79   Thumb Code   136  lcd.o(i.touch_apply_wiring)
    i.touch_config_pen_exti                  0x08003f14   Section        0  lcd.o(i.touch_config_pen_exti)
    touch_config_pen_exti                    0x08003f15   Thumb Code   184  lcd.o(i.touch_config_pen_exti)
    i.touch_delay_ms                         0x08003fcc   Section        0  lcd.o(i.touch_delay_ms)
    touch_delay_ms                           0x08003fcd   Thumb Code    24  lcd.o(i.touch_delay_ms)
    i.touch_delay_us                         0x08003fe4   Section        0  lcd.o(i.touch_delay_us)
    touch_delay_us                           0x08003fe5   Thumb Code    32  lcd.o(i.touch_delay_us)
    i.touch_in_rect                          0x08004004   Section        0  main.o(i.touch_in_rect)
    touch_in_rect                            0x08004005   Thumb Code    56  main.o(i.touch_in_rect)
    i.touch_pin_to_index                     0x0800403c   Section        0  lcd.o(i.touch_pin_to_index)
    touch_pin_to_index                       0x0800403d   Thumb Code    32  lcd.o(i.touch_pin_to_index)
    i.touch_raw_to_value                     0x0800405c   Section        0  lcd.o(i.touch_raw_to_value)
    touch_raw_to_value                       0x0800405d   Thumb Code     8  lcd.o(i.touch_raw_to_value)
    i.touch_read_axis_raw                    0x08004064   Section        0  lcd.o(i.touch_read_axis_raw)
    touch_read_axis_raw                      0x08004065   Thumb Code    12  lcd.o(i.touch_read_axis_raw)
    i.touch_to_cell                          0x08004070   Section        0  main.o(i.touch_to_cell)
    touch_to_cell                            0x08004071   Thumb Code   100  main.o(i.touch_to_cell)
    i.try_move                               0x080040d4   Section        0  main.o(i.try_move)
    try_move                                 0x080040d5   Thumb Code   154  main.o(i.try_move)
    x$fpl$fdiv                               0x08004178   Section      388  fdiv.o(x$fpl$fdiv)
    _fdiv1                                   0x08004179   Thumb Code     0  fdiv.o(x$fpl$fdiv)
    x$fpl$ffix                               0x080042fc   Section       54  ffix.o(x$fpl$ffix)
    x$fpl$fflt                               0x08004334   Section       48  fflt_clz.o(x$fpl$fflt)
    x$fpl$fmul                               0x08004364   Section      258  fmul.o(x$fpl$fmul)
    x$fpl$fnaninf                            0x08004466   Section      140  fnaninf.o(x$fpl$fnaninf)
    x$fpl$fretinf                            0x080044f2   Section       10  fretinf.o(x$fpl$fretinf)
    .constdata                               0x080044fc   Section       64  main.o(.constdata)
    x$fpl$usenofp                            0x080044fc   Section        0  usenofp.o(x$fpl$usenofp)
    dr                                       0x080044fc   Data          16  main.o(.constdata)
    dc                                       0x0800450c   Data          16  main.o(.constdata)
    dr                                       0x0800451c   Data          16  main.o(.constdata)
    dc                                       0x0800452c   Data          16  main.o(.constdata)
    .constdata                               0x0800453c   Section     6164  lcd.o(.constdata)
    cs_candidates                            0x08005d3c   Data          20  lcd.o(.constdata)
    .data                                    0x20000000   Section       20  main.o(.data)
    g_turn                                   0x20000000   Data           1  main.o(.data)
    g_mode                                   0x20000001   Data           1  main.o(.data)
    g_state                                  0x20000002   Data           1  main.o(.data)
    g_ui                                     0x20000003   Data           1  main.o(.data)
    g_sel_r                                  0x20000004   Data           4  main.o(.data)
    g_sel_c                                  0x20000008   Data           4  main.o(.data)
    g_rng                                    0x2000000c   Data           4  main.o(.data)
    was_down                                 0x20000010   Data           4  main.o(.data)
    .data                                    0x20000014   Section        4  exti.o(.data)
    .data                                    0x20000018   Section       16  systick.o(.data)
    .data                                    0x20000028   Section       12  uart.o(.data)
    .data                                    0x20000034   Section      121  lcd.o(.data)
    g_touch_cs_gpio                          0x20000078   Data           4  lcd.o(.data)
    g_touch_cs_pin                           0x2000007c   Data           2  lcd.o(.data)
    g_touch_pen_pin                          0x2000007e   Data           2  lcd.o(.data)
    g_touch_miso_pin                         0x20000080   Data           2  lcd.o(.data)
    g_touch_autowire_done                    0x20000082   Data           1  lcd.o(.data)
    g_touch_autowire_last_p1_low             0x20000083   Data           1  lcd.o(.data)
    g_touch_autowire_last_p2_low             0x20000084   Data           1  lcd.o(.data)
    g_touch_autowire_last_score              0x20000085   Data           1  lcd.o(.data)
    g_touch_autowire_last_raw_x              0x20000086   Data           2  lcd.o(.data)
    g_touch_autowire_last_raw_y              0x20000088   Data           2  lcd.o(.data)
    g_touch_autowire_last_cs_idx             0x2000008a   Data           1  lcd.o(.data)
    tick                                     0x20000090   Data           4  lcd.o(.data)
    raw_x                                    0x20000094   Data           2  lcd.o(.data)
    raw_y                                    0x20000096   Data           2  lcd.o(.data)
    raw_z1                                   0x20000098   Data           2  lcd.o(.data)
    raw_z2                                   0x2000009a   Data           2  lcd.o(.data)
    clk_tog                                  0x2000009c   Data           1  lcd.o(.data)
    mosi_tog                                 0x2000009d   Data           1  lcd.o(.data)
    cs_tog                                   0x2000009e   Data           1  lcd.o(.data)
    miso_pu                                  0x2000009f   Data           1  lcd.o(.data)
    miso_pd                                  0x200000a0   Data           1  lcd.o(.data)
    miso_float                               0x200000a1   Data           1  lcd.o(.data)
    cs_pc13_raw                              0x200000a2   Data           2  lcd.o(.data)
    cs_pc13_float                            0x200000a4   Data           1  lcd.o(.data)
    cs_scan_done                             0x200000a5   Data           1  lcd.o(.data)
    cs_scan_found                            0x200000a6   Data           1  lcd.o(.data)
    cs_scan_port                             0x200000a7   Data           1  lcd.o(.data)
    cs_scan_pin                              0x200000a8   Data           1  lcd.o(.data)
    cs_scan_raw                              0x200000aa   Data           2  lcd.o(.data)
    cs_scan_float                            0x200000ac   Data           1  lcd.o(.data)
    .data                                    0x200000b0   Section       24  stm32f10x_it.o(.data)
    .data                                    0x200000c8   Section       20  stm32f10x_rcc.o(.data)
    APBAHBPrescTable                         0x200000c8   Data          16  stm32f10x_rcc.o(.data)
    ADCPrescTable                            0x200000d8   Data           4  stm32f10x_rcc.o(.data)
    .bss                                     0x200000dc   Section       52  main.o(.bss)
    g_board                                  0x20000100   Data          16  main.o(.bss)
    .bss                                     0x20000110   Section      400  uart.o(.bss)
    .bss                                     0x200002a0   Section       46  lcd.o(.bss)
    .bss                                     0x200002d0   Section       96  libspace.o(.bss)
    HEAP                                     0x20000330   Section        0  startup_stm32f10x_md.o(HEAP)
    STACK                                    0x20000330   Section      512  startup_stm32f10x_md.o(STACK)
    Heap_Mem                                 0x20000330   Data           0  startup_stm32f10x_md.o(HEAP)
    Stack_Mem                                0x20000330   Data         512  startup_stm32f10x_md.o(STACK)
    __initial_sp                             0x20000530   Data           0  startup_stm32f10x_md.o(STACK)

    Global Symbols

    Symbol Name                              Value     Ov Type        Size  Object(Section)

    BuildAttributes$$THM_ISAv4$P$D$K$B$S$PE$A:L22UL41UL21$X:L11$S22US41US21$IEEE1$IW$USESV6$~STKCKD$USESV7$~SHL$OTIME$ROPI$EBA8$UX$STANDARDLIB$REQ8$PRES8$EABIv2 0x00000000   Number         0  anon$$obj.o ABSOLUTE
    __ARM_use_no_argv                        0x00000000   Number         0  main.o ABSOLUTE
    _printf_flags                            0x00000000   Number         0  printf_stubs.o ABSOLUTE
    _printf_return_value                     0x00000000   Number         0  printf_stubs.o ABSOLUTE
    _printf_sizespec                         0x00000000   Number         0  printf_stubs.o ABSOLUTE
    _printf_widthprec                        0x00000000   Number         0  printf_stubs.o ABSOLUTE
    __ARM_exceptions_init                     - Undefined Weak Reference
    __alloca_initialize                       - Undefined Weak Reference
    __arm_preinit_                            - Undefined Weak Reference
    __cpp_initialize__aeabi_                  - Undefined Weak Reference
    __cxa_finalize                            - Undefined Weak Reference
    __rt_locale                               - Undefined Weak Reference
    __sigvec_lookup                           - Undefined Weak Reference
    __user_heap_extent                        - Undefined Weak Reference
    _atexit_init                              - Undefined Weak Reference
    _call_atexit_fns                          - Undefined Weak Reference
    _clock_init                               - Undefined Weak Reference
    _fp_trap_init                             - Undefined Weak Reference
    _fp_trap_shutdown                         - Undefined Weak Reference
    _get_lc_collate                           - Undefined Weak Reference
    _get_lc_ctype                             - Undefined Weak Reference
    _get_lc_monetary                          - Undefined Weak Reference
    _get_lc_numeric                           - Undefined Weak Reference
    _get_lc_time                              - Undefined Weak Reference
    _getenv_init                              - Undefined Weak Reference
    _handle_redirection                       - Undefined Weak Reference
    _mutex_acquire                            - Undefined Weak Reference
    _mutex_free                               - Undefined Weak Reference
    _mutex_release                            - Undefined Weak Reference
    _printf_mbtowc                            - Undefined Weak Reference
    _printf_truncate_signed                   - Undefined Weak Reference
    _printf_truncate_unsigned                 - Undefined Weak Reference
    _rand_init                                - Undefined Weak Reference
    _signal_finish                            - Undefined Weak Reference
    _signal_init                              - Undefined Weak Reference
    __Vectors_Size                           0x00000130   Number         0  startup_stm32f10x_md.o ABSOLUTE
    __Vectors                                0x08000000   Data           4  startup_stm32f10x_md.o(RESET)
    __Vectors_End                            0x08000130   Data           0  startup_stm32f10x_md.o(RESET)
    __main                                   0x08000131   Thumb Code     8  __main.o(!!!main)
    __scatterload                            0x08000139   Thumb Code     0  __scatter.o(!!!scatter)
    __scatterload_rt2                        0x08000139   Thumb Code    44  __scatter.o(!!!scatter)
    __scatterload_rt2_thumb_only             0x08000139   Thumb Code     0  __scatter.o(!!!scatter)
    __scatterload_null                       0x08000147   Thumb Code     0  __scatter.o(!!!scatter)
    __scatterload_copy                       0x0800016d   Thumb Code    26  __scatter_copy.o(!!handler_copy)
    __scatterload_zeroinit                   0x08000189   Thumb Code    28  __scatter_zi.o(!!handler_zi)
    _printf_d                                0x080001a5   Thumb Code     0  _printf_d.o(.ARM.Collect$$_printf_percent$$00000009)
    _printf_percent                          0x080001a5   Thumb Code     0  _printf_percent.o(.ARM.Collect$$_printf_percent$$00000000)
    _printf_u                                0x080001ab   Thumb Code     0  _printf_u.o(.ARM.Collect$$_printf_percent$$0000000A)
    _printf_c                                0x080001b1   Thumb Code     0  _printf_c.o(.ARM.Collect$$_printf_percent$$00000013)
    _printf_s                                0x080001b7   Thumb Code     0  _printf_s.o(.ARM.Collect$$_printf_percent$$00000014)
    _printf_percent_end                      0x080001bd   Thumb Code     0  _printf_percent_end.o(.ARM.Collect$$_printf_percent$$00000017)
    __rt_lib_init                            0x080001c1   Thumb Code     0  libinit.o(.ARM.Collect$$libinit$$00000000)
    __rt_lib_init_alloca_1                   0x080001c3   Thumb Code     0  libinit2.o(.ARM.Collect$$libinit$$0000002E)
    __rt_lib_init_argv_1                     0x080001c3   Thumb Code     0  libinit2.o(.ARM.Collect$$libinit$$0000002C)
    __rt_lib_init_atexit_1                   0x080001c3   Thumb Code     0  libinit2.o(.ARM.Collect$$libinit$$0000001B)
    __rt_lib_init_clock_1                    0x080001c3   Thumb Code     0  libinit2.o(.ARM.Collect$$libinit$$00000021)
    __rt_lib_init_cpp_1                      0x080001c3   Thumb Code     0  libinit2.o(.ARM.Collect$$libinit$$00000032)
    __rt_lib_init_exceptions_1               0x080001c3   Thumb Code     0  libinit2.o(.ARM.Collect$$libinit$$00000030)
    __rt_lib_init_fp_1                       0x080001c3   Thumb Code     0  libinit2.o(.ARM.Collect$$libinit$$00000002)
    __rt_lib_init_fp_trap_1                  0x080001c3   Thumb Code     0  libinit2.o(.ARM.Collect$$libinit$$0000001F)
    __rt_lib_init_getenv_1                   0x080001c3   Thumb Code     0  libinit2.o(.ARM.Collect$$libinit$$00000023)
    __rt_lib_init_heap_1                     0x080001c3   Thumb Code     0  libinit2.o(.ARM.Collect$$libinit$$0000000A)
    __rt_lib_init_lc_collate_1               0x080001c3   Thumb Code     0  libinit2.o(.ARM.Collect$$libinit$$00000011)
    __rt_lib_init_lc_ctype_1                 0x080001c3   Thumb Code     0  libinit2.o(.ARM.Collect$$libinit$$00000013)
    __rt_lib_init_lc_monetary_1              0x080001c3   Thumb Code     0  libinit2.o(.ARM.Collect$$libinit$$00000015)
    __rt_lib_init_lc_numeric_1               0x080001c3   Thumb Code     0  libinit2.o(.ARM.Collect$$libinit$$00000017)
    __rt_lib_init_lc_time_1                  0x080001c3   Thumb Code     0  libinit2.o(.ARM.Collect$$libinit$$00000019)
    __rt_lib_init_preinit_1                  0x080001c3   Thumb Code     0  libinit2.o(.ARM.Collect$$libinit$$00000004)
    __rt_lib_init_rand_1                     0x080001c3   Thumb Code     0  libinit2.o(.ARM.Collect$$libinit$$0000000E)
    __rt_lib_init_return                     0x080001c3   Thumb Code     0  libinit2.o(.ARM.Collect$$libinit$$00000033)
    __rt_lib_init_signal_1                   0x080001c3   Thumb Code     0  libinit2.o(.ARM.Collect$$libinit$$0000001D)
    __rt_lib_init_stdio_1                    0x080001c3   Thumb Code     0  libinit2.o(.ARM.Collect$$libinit$$00000025)
    __rt_lib_init_user_alloc_1               0x080001c3   Thumb Code     0  libinit2.o(.ARM.Collect$$libinit$$0000000C)
    __rt_lib_shutdown                        0x080001c5   Thumb Code     0  libshutdown.o(.ARM.Collect$$libshutdown$$00000000)
    __rt_lib_shutdown_cpp_1                  0x080001c7   Thumb Code     0  libshutdown2.o(.ARM.Collect$$libshutdown$$00000002)
    __rt_lib_shutdown_fp_trap_1              0x080001c7   Thumb Code     0  libshutdown2.o(.ARM.Collect$$libshutdown$$00000007)
    __rt_lib_shutdown_heap_1                 0x080001c7   Thumb Code     0  libshutdown2.o(.ARM.Collect$$libshutdown$$0000000F)
    __rt_lib_shutdown_return                 0x080001c7   Thumb Code     0  libshutdown2.o(.ARM.Collect$$libshutdown$$00000010)
    __rt_lib_shutdown_signal_1               0x080001c7   Thumb Code     0  libshutdown2.o(.ARM.Collect$$libshutdown$$0000000A)
    __rt_lib_shutdown_stdio_1                0x080001c7   Thumb Code     0  libshutdown2.o(.ARM.Collect$$libshutdown$$00000004)
    __rt_lib_shutdown_user_alloc_1           0x080001c7   Thumb Code     0  libshutdown2.o(.ARM.Collect$$libshutdown$$0000000C)
    __rt_entry                               0x080001c9   Thumb Code     0  __rtentry.o(.ARM.Collect$$rtentry$$00000000)
    __rt_entry_presh_1                       0x080001c9   Thumb Code     0  __rtentry2.o(.ARM.Collect$$rtentry$$00000002)
    __rt_entry_sh                            0x080001c9   Thumb Code     0  __rtentry4.o(.ARM.Collect$$rtentry$$00000004)
    __rt_entry_li                            0x080001cf   Thumb Code     0  __rtentry2.o(.ARM.Collect$$rtentry$$0000000A)
    __rt_entry_postsh_1                      0x080001cf   Thumb Code     0  __rtentry2.o(.ARM.Collect$$rtentry$$00000009)
    __rt_entry_main                          0x080001d3   Thumb Code     0  __rtentry2.o(.ARM.Collect$$rtentry$$0000000D)
    __rt_entry_postli_1                      0x080001d3   Thumb Code     0  __rtentry2.o(.ARM.Collect$$rtentry$$0000000C)
    __rt_exit                                0x080001db   Thumb Code     0  rtexit.o(.ARM.Collect$$rtexit$$00000000)
    __rt_exit_ls                             0x080001dd   Thumb Code     0  rtexit2.o(.ARM.Collect$$rtexit$$00000003)
    __rt_exit_prels_1                        0x080001dd   Thumb Code     0  rtexit2.o(.ARM.Collect$$rtexit$$00000002)
    __rt_exit_exit                           0x080001e1   Thumb Code     0  rtexit2.o(.ARM.Collect$$rtexit$$00000004)
    Reset_Handler                            0x080001e9   Thumb Code     4  startup_stm32f10x_md.o(.text)
    ADC1_2_IRQHandler                        0x080001ff   Thumb Code     0  startup_stm32f10x_md.o(.text)
    ADC3_IRQHandler                          0x080001ff   Thumb Code     0  startup_stm32f10x_md.o(.text)
    CAN1_RX1_IRQHandler                      0x080001ff   Thumb Code     0  startup_stm32f10x_md.o(.text)
    CAN1_SCE_IRQHandler                      0x080001ff   Thumb Code     0  startup_stm32f10x_md.o(.text)
    DMA1_Channel1_IRQHandler                 0x080001ff   Thumb Code     0  startup_stm32f10x_md.o(.text)
    DMA1_Channel2_IRQHandler                 0x080001ff   Thumb Code     0  startup_stm32f10x_md.o(.text)
    DMA1_Channel3_IRQHandler                 0x080001ff   Thumb Code     0  startup_stm32f10x_md.o(.text)
    DMA1_Channel4_IRQHandler                 0x080001ff   Thumb Code     0  startup_stm32f10x_md.o(.text)
    DMA1_Channel5_IRQHandler                 0x080001ff   Thumb Code     0  startup_stm32f10x_md.o(.text)
    DMA1_Channel6_IRQHandler                 0x080001ff   Thumb Code     0  startup_stm32f10x_md.o(.text)
    DMA1_Channel7_IRQHandler                 0x080001ff   Thumb Code     0  startup_stm32f10x_md.o(.text)
    DMA2_Channel1_IRQHandler                 0x080001ff   Thumb Code     0  startup_stm32f10x_md.o(.text)
    DMA2_Channel2_IRQHandler                 0x080001ff   Thumb Code     0  startup_stm32f10x_md.o(.text)
    DMA2_Channel3_IRQHandler                 0x080001ff   Thumb Code     0  startup_stm32f10x_md.o(.text)
    DMA2_Channel4_5_IRQHandler               0x080001ff   Thumb Code     0  startup_stm32f10x_md.o(.text)
    EXTI0_IRQHandler                         0x080001ff   Thumb Code     0  startup_stm32f10x_md.o(.text)
    EXTI15_10_IRQHandler                     0x080001ff   Thumb Code     0  startup_stm32f10x_md.o(.text)
    EXTI3_IRQHandler                         0x080001ff   Thumb Code     0  startup_stm32f10x_md.o(.text)
    EXTI4_IRQHandler                         0x080001ff   Thumb Code     0  startup_stm32f10x_md.o(.text)
    FLASH_IRQHandler                         0x080001ff   Thumb Code     0  startup_stm32f10x_md.o(.text)
    FSMC_IRQHandler                          0x080001ff   Thumb Code     0  startup_stm32f10x_md.o(.text)
    I2C1_ER_IRQHandler                       0x080001ff   Thumb Code     0  startup_stm32f10x_md.o(.text)
    I2C1_EV_IRQHandler                       0x080001ff   Thumb Code     0  startup_stm32f10x_md.o(.text)
    I2C2_ER_IRQHandler                       0x080001ff   Thumb Code     0  startup_stm32f10x_md.o(.text)
    I2C2_EV_IRQHandler                       0x080001ff   Thumb Code     0  startup_stm32f10x_md.o(.text)
    PVD_IRQHandler                           0x080001ff   Thumb Code     0  startup_stm32f10x_md.o(.text)
    RCC_IRQHandler                           0x080001ff   Thumb Code     0  startup_stm32f10x_md.o(.text)
    RTCAlarm_IRQHandler                      0x080001ff   Thumb Code     0  startup_stm32f10x_md.o(.text)
    RTC_IRQHandler                           0x080001ff   Thumb Code     0  startup_stm32f10x_md.o(.text)
    SDIO_IRQHandler                          0x080001ff   Thumb Code     0  startup_stm32f10x_md.o(.text)
    SPI1_IRQHandler                          0x080001ff   Thumb Code     0  startup_stm32f10x_md.o(.text)
    SPI2_IRQHandler                          0x080001ff   Thumb Code     0  startup_stm32f10x_md.o(.text)
    SPI3_IRQHandler                          0x080001ff   Thumb Code     0  startup_stm32f10x_md.o(.text)
    TAMPER_IRQHandler                        0x080001ff   Thumb Code     0  startup_stm32f10x_md.o(.text)
    TIM1_BRK_IRQHandler                      0x080001ff   Thumb Code     0  startup_stm32f10x_md.o(.text)
    TIM1_CC_IRQHandler                       0x080001ff   Thumb Code     0  startup_stm32f10x_md.o(.text)
    TIM1_TRG_COM_IRQHandler                  0x080001ff   Thumb Code     0  startup_stm32f10x_md.o(.text)
    TIM1_UP_IRQHandler                       0x080001ff   Thumb Code     0  startup_stm32f10x_md.o(.text)
    TIM2_IRQHandler                          0x080001ff   Thumb Code     0  startup_stm32f10x_md.o(.text)
    TIM4_IRQHandler                          0x080001ff   Thumb Code     0  startup_stm32f10x_md.o(.text)
    TIM5_IRQHandler                          0x080001ff   Thumb Code     0  startup_stm32f10x_md.o(.text)
    TIM6_IRQHandler                          0x080001ff   Thumb Code     0  startup_stm32f10x_md.o(.text)
    TIM7_IRQHandler                          0x080001ff   Thumb Code     0  startup_stm32f10x_md.o(.text)
    TIM8_BRK_IRQHandler                      0x080001ff   Thumb Code     0  startup_stm32f10x_md.o(.text)
    TIM8_CC_IRQHandler                       0x080001ff   Thumb Code     0  startup_stm32f10x_md.o(.text)
    TIM8_TRG_COM_IRQHandler                  0x080001ff   Thumb Code     0  startup_stm32f10x_md.o(.text)
    TIM8_UP_IRQHandler                       0x080001ff   Thumb Code     0  startup_stm32f10x_md.o(.text)
    UART4_IRQHandler                         0x080001ff   Thumb Code     0  startup_stm32f10x_md.o(.text)
    UART5_IRQHandler                         0x080001ff   Thumb Code     0  startup_stm32f10x_md.o(.text)
    USART2_IRQHandler                        0x080001ff   Thumb Code     0  startup_stm32f10x_md.o(.text)
    USART3_IRQHandler                        0x080001ff   Thumb Code     0  startup_stm32f10x_md.o(.text)
    USBWakeUp_IRQHandler                     0x080001ff   Thumb Code     0  startup_stm32f10x_md.o(.text)
    USB_HP_CAN1_TX_IRQHandler                0x080001ff   Thumb Code     0  startup_stm32f10x_md.o(.text)
    USB_LP_CAN1_RX0_IRQHandler               0x080001ff   Thumb Code     0  startup_stm32f10x_md.o(.text)
    WWDG_IRQHandler                          0x080001ff   Thumb Code     0  startup_stm32f10x_md.o(.text)
    __user_initial_stackheap                 0x08000201   Thumb Code     0  startup_stm32f10x_md.o(.text)
    __aeabi_ldivmod                          0x0800021d   Thumb Code     0  llsdiv.o(.text)
    _ll_sdiv                                 0x0800021d   Thumb Code    72  llsdiv.o(.text)
    __2sprintf                               0x08000265   Thumb Code    34  noretval__2sprintf.o(.text)
    _printf_pre_padding                      0x0800028d   Thumb Code    44  _printf_pad.o(.text)
    _printf_post_padding                     0x080002b9   Thumb Code    34  _printf_pad.o(.text)
    _printf_str                              0x080002db   Thumb Code    82  _printf_str.o(.text)
    _printf_int_dec                          0x0800032d   Thumb Code   104  _printf_dec.o(.text)
    __printf                                 0x080003a5   Thumb Code   352  __printf_ss_wp.o(.text)
    __use_two_region_memory                  0x08000505   Thumb Code     2  heapauxi.o(.text)
    __rt_heap_escrow                         0x08000507   Thumb Code     2  heapauxi.o(.text)
    __rt_heap_expand                         0x08000509   Thumb Code     2  heapauxi.o(.text)
    __aeabi_uldivmod                         0x0800050b   Thumb Code     0  lludivv7m.o(.text)
    _ll_udiv                                 0x0800050b   Thumb Code   238  lludivv7m.o(.text)
    _printf_int_common                       0x080005f9   Thumb Code   178  _printf_intcommon.o(.text)
    _printf_char_common                      0x080006b7   Thumb Code    32  _printf_char_common.o(.text)
    _sputc                                   0x080006dd   Thumb Code    10  _sputc.o(.text)
    _printf_cs_common                        0x080006e7   Thumb Code    20  _printf_char.o(.text)
    _printf_char                             0x080006fb   Thumb Code    16  _printf_char.o(.text)
    _printf_string                           0x0800070b   Thumb Code     8  _printf_char.o(.text)
    __user_setup_stackheap                   0x08000713   Thumb Code    74  sys_stackheap_outer.o(.text)
    exit                                     0x0800075d   Thumb Code    18  exit.o(.text)
    __user_libspace                          0x08000771   Thumb Code     8  libspace.o(.text)
    __user_perproc_libspace                  0x08000771   Thumb Code     0  libspace.o(.text)
    __user_perthread_libspace                0x08000771   Thumb Code     0  libspace.o(.text)
    __I$use$semihosting                      0x08000779   Thumb Code     0  use_no_semi.o(.text)
    __use_no_semihosting_swi                 0x08000779   Thumb Code     2  use_no_semi.o(.text)
    __semihosting_library_function           0x0800077b   Thumb Code     0  indicate_semi.o(.text)
    _sys_exit                                0x0800077d   Thumb Code     8  sys_exit.o(.text)
    BusFault_Handler                         0x08000789   Thumb Code     4  stm32f10x_it.o(i.BusFault_Handler)
    DATAIN                                   0x0800078d   Thumb Code    58  lcd.o(i.DATAIN)
    DATAOUT                                  0x080007d1   Thumb Code    76  lcd.o(i.DATAOUT)
    DebugMon_Handler                         0x08000825   Thumb Code     2  stm32f10x_it.o(i.DebugMon_Handler)
    EXTI1_IRQHandler                         0x08000827   Thumb Code    28  lcd.o(i.EXTI1_IRQHandler)
    EXTI2_IRQHandler                         0x08000843   Thumb Code    28  lcd.o(i.EXTI2_IRQHandler)
    EXTI9_5_IRQHandler                       0x08000861   Thumb Code    28  exti.o(i.EXTI9_5_IRQHandler)
    EXTI_ClearITPendingBit                   0x08000881   Thumb Code     6  stm32f10x_exti.o(i.EXTI_ClearITPendingBit)
    EXTI_GetITStatus                         0x0800088d   Thumb Code    34  stm32f10x_exti.o(i.EXTI_GetITStatus)
    EXTI_Init                                0x080008b5   Thumb Code   174  stm32f10x_exti.o(i.EXTI_Init)
    GPIO_EXTILineConfig                      0x0800096d   Thumb Code    60  stm32f10x_gpio.o(i.GPIO_EXTILineConfig)
    GPIO_Init                                0x080009ad   Thumb Code   278  stm32f10x_gpio.o(i.GPIO_Init)
    GPIO_ResetBits                           0x08000ac3   Thumb Code     4  stm32f10x_gpio.o(i.GPIO_ResetBits)
    GPIO_SetBits                             0x08000ac7   Thumb Code     4  stm32f10x_gpio.o(i.GPIO_SetBits)
    HardFault_Handler                        0x08000acb   Thumb Code     4  stm32f10x_it.o(i.HardFault_Handler)
    LCD_Clear                                0x08000ad1   Thumb Code    72  lcd.o(i.LCD_Clear)
    LCD_Config_DIN                           0x08000b21   Thumb Code    48  lcd.o(i.LCD_Config_DIN)
    LCD_Config_DOUT                          0x08000b65   Thumb Code    48  lcd.o(i.LCD_Config_DOUT)
    LCD_Configuration                        0x08000b9d   Thumb Code    98  lcd.o(i.LCD_Configuration)
    LCD_Display_Dir                          0x08000c15   Thumb Code   100  lcd.o(i.LCD_Display_Dir)
    LCD_DrawLine                             0x08000c7d   Thumb Code   176  lcd.o(i.LCD_DrawLine)
    LCD_DrawPoint                            0x08000d2d   Thumb Code    56  lcd.o(i.LCD_DrawPoint)
    LCD_DrawRectangle                        0x08000d6d   Thumb Code    64  lcd.o(i.LCD_DrawRectangle)
    LCD_Fast_DrawPoint                       0x08000dad   Thumb Code   238  lcd.o(i.LCD_Fast_DrawPoint)
    LCD_Fill                                 0x08000ea5   Thumb Code   108  lcd.o(i.LCD_Fill)
    LCD_Init                                 0x08000f15   Thumb Code   674  lcd.o(i.LCD_Init)
    LCD_RD_DATA                              0x080011c1   Thumb Code    52  lcd.o(i.LCD_RD_DATA)
    LCD_ReadReg                              0x080011f9   Thumb Code    16  lcd.o(i.LCD_ReadReg)
    LCD_Scan_Dir                             0x08001209   Thumb Code    96  lcd.o(i.LCD_Scan_Dir)
    LCD_SetCursor                            0x0800126d   Thumb Code   168  lcd.o(i.LCD_SetCursor)
    LCD_ShowChar                             0x0800131d   Thumb Code   272  lcd.o(i.LCD_ShowChar)
    LCD_ShowString                           0x08001445   Thumb Code   102  lcd.o(i.LCD_ShowString)
    LCD_WR_DATAX                             0x080014ad   Thumb Code    40  lcd.o(i.LCD_WR_DATAX)
    LCD_WR_REG                               0x080014d9   Thumb Code    36  lcd.o(i.LCD_WR_REG)
    LCD_WriteRAM_Prepare                     0x08001501   Thumb Code    12  lcd.o(i.LCD_WriteRAM_Prepare)
    LCD_WriteReg                             0x08001511   Thumb Code    48  lcd.o(i.LCD_WriteReg)
    MemManage_Handler                        0x08001545   Thumb Code     4  stm32f10x_it.o(i.MemManage_Handler)
    NMI_Handler                              0x08001549   Thumb Code     2  stm32f10x_it.o(i.NMI_Handler)
    NVIC_Configuration                       0x0800154b   Thumb Code    52  uart.o(i.NVIC_Configuration)
    NVIC_Init                                0x08001581   Thumb Code   100  misc.o(i.NVIC_Init)
    NVIC_PriorityGroupConfig                 0x080015f1   Thumb Code    10  misc.o(i.NVIC_PriorityGroupConfig)
    NVIC_SetVectorTable                      0x08001605   Thumb Code    12  misc.o(i.NVIC_SetVectorTable)
    PendSV_Handler                           0x08001619   Thumb Code     2  stm32f10x_it.o(i.PendSV_Handler)
    RCC_APB2PeriphClockCmd                   0x0800161d   Thumb Code    26  stm32f10x_rcc.o(i.RCC_APB2PeriphClockCmd)
    RCC_GetClocksFreq                        0x0800163d   Thumb Code   192  stm32f10x_rcc.o(i.RCC_GetClocksFreq)
    RS232_Configuration                      0x08001711   Thumb Code   170  uart.o(i.RS232_Configuration)
    SPI_X                                    0x080017c5   Thumb Code   216  lcd.o(i.SPI_X)
    SPI_Y                                    0x080018a5   Thumb Code   216  lcd.o(i.SPI_Y)
    SVC_Handler                              0x08001985   Thumb Code     2  stm32f10x_it.o(i.SVC_Handler)
    SysTick_CLKSourceConfig                  0x08001a75   Thumb Code    40  misc.o(i.SysTick_CLKSourceConfig)
    SysTick_Handler                          0x08001a9d   Thumb Code     8  systick.o(i.SysTick_Handler)
    SystemInit                               0x08001aa5   Thumb Code    68  system_stm32f10x.o(i.SystemInit)
    TIM3_IRQHandler                          0x08001af5   Thumb Code   164  stm32f10x_it.o(i.TIM3_IRQHandler)
    TIM_ClearITPendingBit                    0x08001bb9   Thumb Code     6  stm32f10x_tim.o(i.TIM_ClearITPendingBit)
    TIM_GetCapture1                          0x08001bbf   Thumb Code     6  stm32f10x_tim.o(i.TIM_GetCapture1)
    TouchScreen                              0x08001e19   Thumb Code   206  lcd.o(i.TouchScreen)
    Touch_AutoWireIfNeeded                   0x08001f15   Thumb Code   522  lcd.o(i.Touch_AutoWireIfNeeded)
    Touch_Debug_Show_OnePage                 0x08002151   Thumb Code  3074  lcd.o(i.Touch_Debug_Show_OnePage)
    Touch_Init                               0x08002e95   Thumb Code    20  lcd.o(i.Touch_Init)
    Touch_PenDown                            0x08002ea9   Thumb Code    20  lcd.o(i.Touch_PenDown)
    Touch_PenDownAny                         0x08002ec5   Thumb Code    28  lcd.o(i.Touch_PenDownAny)
    USART1_IRQHandler                        0x08002ee5   Thumb Code   112  uart.o(i.USART1_IRQHandler)
    USART_ClearITPendingBit                  0x08002f71   Thumb Code    20  stm32f10x_usart.o(i.USART_ClearITPendingBit)
    USART_Cmd                                0x08002f85   Thumb Code    24  stm32f10x_usart.o(i.USART_Cmd)
    USART_GetITStatus                        0x08002f9d   Thumb Code    76  stm32f10x_usart.o(i.USART_GetITStatus)
    USART_ITConfig                           0x08002fe9   Thumb Code    64  stm32f10x_usart.o(i.USART_ITConfig)
    USART_Init                               0x08003029   Thumb Code   150  stm32f10x_usart.o(i.USART_Init)
    USART_ReceiveData                        0x080030c5   Thumb Code    10  stm32f10x_usart.o(i.USART_ReceiveData)
    USART_SendData                           0x080030cf   Thumb Code     8  stm32f10x_usart.o(i.USART_SendData)
    UsageFault_Handler                       0x080030d7   Thumb Code     4  stm32f10x_it.o(i.UsageFault_Handler)
    _is_digit                                0x080030db   Thumb Code    14  __printf_wp.o(i._is_digit)
    delay_ms                                 0x08003415   Thumb Code    18  sys.o(i.delay_ms)
    main                                     0x08003b25   Thumb Code   302  main.o(i.main)
    systick_init                             0x08003da5   Thumb Code    98  systick.o(i.systick_init)
    time_handle                              0x08003e11   Thumb Code    82  systick.o(i.time_handle)
    __aeabi_fdiv                             0x08004179   Thumb Code     0  fdiv.o(x$fpl$fdiv)
    _fdiv                                    0x08004179   Thumb Code   384  fdiv.o(x$fpl$fdiv)
    __aeabi_f2iz                             0x080042fd   Thumb Code     0  ffix.o(x$fpl$ffix)
    _ffix                                    0x080042fd   Thumb Code    54  ffix.o(x$fpl$ffix)
    __aeabi_i2f                              0x08004335   Thumb Code     0  fflt_clz.o(x$fpl$fflt)
    _fflt                                    0x08004335   Thumb Code    48  fflt_clz.o(x$fpl$fflt)
    __aeabi_fmul                             0x08004365   Thumb Code     0  fmul.o(x$fpl$fmul)
    _fmul                                    0x08004365   Thumb Code   258  fmul.o(x$fpl$fmul)
    __fpl_fnaninf                            0x08004467   Thumb Code   140  fnaninf.o(x$fpl$fnaninf)
    __fpl_fretinf                            0x080044f3   Thumb Code    10  fretinf.o(x$fpl$fretinf)
    __I$use$fp                               0x080044fc   Number         0  usenofp.o(x$fpl$usenofp)
    asc2_1206                                0x0800453c   Data        1140  lcd.o(.constdata)
    asc2_1608                                0x080049b0   Data        1520  lcd.o(.constdata)
    asc2_2412                                0x08004fa0   Data        3420  lcd.o(.constdata)
    CN_DataBuf                               0x08005cfc   Data          64  lcd.o(.constdata)
    Region$$Table$$Base                      0x08005d50   Number         0  anon$$obj.o(Region$$Table)
    Region$$Table$$Limit                     0x08005d70   Number         0  anon$$obj.o(Region$$Table)
    temps                                    0x20000014   Data           4  exti.o(.data)
    TimeSecond                               0x20000018   Data           4  systick.o(.data)
    Time1msConunt                            0x2000001c   Data           4  systick.o(.data)
    g_ms_tick                                0x20000020   Data           4  systick.o(.data)
    time1ms                                  0x20000024   Data           4  systick.o(.data)
    RS232InData                              0x20000028   Data           1  uart.o(.data)
    RXPos                                    0x2000002a   Data           2  uart.o(.data)
    FrameFlag                                0x2000002c   Data           2  uart.o(.data)
    RecvTimeOver                             0x2000002e   Data           2  uart.o(.data)
    SendPos                                  0x20000030   Data           2  uart.o(.data)
    SendBufLen                               0x20000032   Data           2  uart.o(.data)
    POINT_COLOR                              0x20000034   Data           2  lcd.o(.data)
    BACK_COLOR                               0x20000036   Data           2  lcd.o(.data)
    x_addata                                 0x20000038   Data           8  lcd.o(.data)
    z_addata                                 0x20000040   Data           8  lcd.o(.data)
    y_addata                                 0x20000048   Data           8  lcd.o(.data)
    Temp                                     0x20000050   Data           4  lcd.o(.data)
    r                                        0x20000054   Data           4  lcd.o(.data)
    sx                                       0x20000058   Data           4  lcd.o(.data)
    sy                                       0x2000005c   Data           4  lcd.o(.data)
    xScreenAD                                0x20000060   Data           4  lcd.o(.data)
    yScreenAD                                0x20000064   Data           4  lcd.o(.data)
    xScreen                                  0x20000068   Data           4  lcd.o(.data)
    yScreen                                  0x2000006c   Data           4  lcd.o(.data)
    PointX_ADmin                             0x20000070   Data           2  lcd.o(.data)
    PointY_ADmin                             0x20000072   Data           2  lcd.o(.data)
    PointX_ADmax                             0x20000074   Data           2  lcd.o(.data)
    PointY_ADmax                             0x20000076   Data           2  lcd.o(.data)
    PressFlag                                0x2000008c   Data           4  lcd.o(.data)
    MSB                                      0x200000b0   Data           4  stm32f10x_it.o(.data)
    LSB                                      0x200000b4   Data           4  stm32f10x_it.o(.data)
    MSB1                                     0x200000b8   Data           4  stm32f10x_it.o(.data)
    MSB2                                     0x200000bc   Data           4  stm32f10x_it.o(.data)
    ExtSignalFreq                            0x200000c0   Data           4  stm32f10x_it.o(.data)
    i                                        0x200000c4   Data           4  stm32f10x_it.o(.data)
    TIM_TimeBaseStructure                    0x200000dc   Data          10  main.o(.bss)
    TIM_ICInitStructure                      0x200000e6   Data          10  main.o(.bss)
    TIM_OCInitStructure                      0x200000f0   Data          16  main.o(.bss)
    USART_Rxbuf                              0x20000110   Data         200  uart.o(.bss)
    USART_Txbuf                              0x200001d8   Data         200  uart.o(.bss)
    lcddev                                   0x200002a0   Data          14  lcd.o(.bss)
    showstr                                  0x200002ae   Data          32  lcd.o(.bss)
    __libspace_start                         0x200002d0   Data          96  libspace.o(.bss)
    __temporary_stack_top$libspace           0x20000330   Data           0  libspace.o(.bss)



==============================================================================

Memory Map of the image

  Image Entry point : 0x08000131

  Load Region LR_IROM1 (Base: 0x08000000, Size: 0x00005e4c, Max: 0x00040000, ABSOLUTE)

    Execution Region ER_IROM1 (Base: 0x08000000, Size: 0x00005d70, Max: 0x00040000, ABSOLUTE)

    Base Addr    Size         Type   Attr      Idx    E Section Name        Object

    0x08000000   0x00000130   Data   RO         3802    RESET               startup_stm32f10x_md.o
    0x08000130   0x00000008   Code   RO         3882  * !!!main             c_w.l(__main.o)
    0x08000138   0x00000034   Code   RO         4286    !!!scatter          c_w.l(__scatter.o)
    0x0800016c   0x0000001a   Code   RO         4288    !!handler_copy      c_w.l(__scatter_copy.o)
    0x08000186   0x00000002   PAD
    0x08000188   0x0000001c   Code   RO         4290    !!handler_zi        c_w.l(__scatter_zi.o)
    0x080001a4   0x00000000   Code   RO         3879    .ARM.Collect$$_printf_percent$$00000000  c_w.l(_printf_percent.o)
    0x080001a4   0x00000006   Code   RO         3877    .ARM.Collect$$_printf_percent$$00000009  c_w.l(_printf_d.o)
    0x080001aa   0x00000006   Code   RO         3878    .ARM.Collect$$_printf_percent$$0000000A  c_w.l(_printf_u.o)
    0x080001b0   0x00000006   Code   RO         3875    .ARM.Collect$$_printf_percent$$00000013  c_w.l(_printf_c.o)
    0x080001b6   0x00000006   Code   RO         3876    .ARM.Collect$$_printf_percent$$00000014  c_w.l(_printf_s.o)
    0x080001bc   0x00000004   Code   RO         3925    .ARM.Collect$$_printf_percent$$00000017  c_w.l(_printf_percent_end.o)
    0x080001c0   0x00000002   Code   RO         4069    .ARM.Collect$$libinit$$00000000  c_w.l(libinit.o)
    0x080001c2   0x00000000   Code   RO         4071    .ARM.Collect$$libinit$$00000002  c_w.l(libinit2.o)
    0x080001c2   0x00000000   Code   RO         4073    .ARM.Collect$$libinit$$00000004  c_w.l(libinit2.o)
    0x080001c2   0x00000000   Code   RO         4076    .ARM.Collect$$libinit$$0000000A  c_w.l(libinit2.o)
    0x080001c2   0x00000000   Code   RO         4078    .ARM.Collect$$libinit$$0000000C  c_w.l(libinit2.o)
    0x080001c2   0x00000000   Code   RO         4080    .ARM.Collect$$libinit$$0000000E  c_w.l(libinit2.o)
    0x080001c2   0x00000000   Code   RO         4083    .ARM.Collect$$libinit$$00000011  c_w.l(libinit2.o)
    0x080001c2   0x00000000   Code   RO         4085    .ARM.Collect$$libinit$$00000013  c_w.l(libinit2.o)
    0x080001c2   0x00000000   Code   RO         4087    .ARM.Collect$$libinit$$00000015  c_w.l(libinit2.o)
    0x080001c2   0x00000000   Code   RO         4089    .ARM.Collect$$libinit$$00000017  c_w.l(libinit2.o)
    0x080001c2   0x00000000   Code   RO         4091    .ARM.Collect$$libinit$$00000019  c_w.l(libinit2.o)
    0x080001c2   0x00000000   Code   RO         4093    .ARM.Collect$$libinit$$0000001B  c_w.l(libinit2.o)
    0x080001c2   0x00000000   Code   RO         4095    .ARM.Collect$$libinit$$0000001D  c_w.l(libinit2.o)
    0x080001c2   0x00000000   Code   RO         4097    .ARM.Collect$$libinit$$0000001F  c_w.l(libinit2.o)
    0x080001c2   0x00000000   Code   RO         4099    .ARM.Collect$$libinit$$00000021  c_w.l(libinit2.o)
    0x080001c2   0x00000000   Code   RO         4101    .ARM.Collect$$libinit$$00000023  c_w.l(libinit2.o)
    0x080001c2   0x00000000   Code   RO         4103    .ARM.Collect$$libinit$$00000025  c_w.l(libinit2.o)
    0x080001c2   0x00000000   Code   RO         4107    .ARM.Collect$$libinit$$0000002C  c_w.l(libinit2.o)
    0x080001c2   0x00000000   Code   RO         4109    .ARM.Collect$$libinit$$0000002E  c_w.l(libinit2.o)
    0x080001c2   0x00000000   Code   RO         4111    .ARM.Collect$$libinit$$00000030  c_w.l(libinit2.o)
    0x080001c2   0x00000000   Code   RO         4113    .ARM.Collect$$libinit$$00000032  c_w.l(libinit2.o)
    0x080001c2   0x00000002   Code   RO         4114    .ARM.Collect$$libinit$$00000033  c_w.l(libinit2.o)
    0x080001c4   0x00000002   Code   RO         4267    .ARM.Collect$$libshutdown$$00000000  c_w.l(libshutdown.o)
    0x080001c6   0x00000000   Code   RO         4116    .ARM.Collect$$libshutdown$$00000002  c_w.l(libshutdown2.o)
    0x080001c6   0x00000000   Code   RO         4118    .ARM.Collect$$libshutdown$$00000004  c_w.l(libshutdown2.o)
    0x080001c6   0x00000000   Code   RO         4121    .ARM.Collect$$libshutdown$$00000007  c_w.l(libshutdown2.o)
    0x080001c6   0x00000000   Code   RO         4124    .ARM.Collect$$libshutdown$$0000000A  c_w.l(libshutdown2.o)
    0x080001c6   0x00000000   Code   RO         4126    .ARM.Collect$$libshutdown$$0000000C  c_w.l(libshutdown2.o)
    0x080001c6   0x00000000   Code   RO         4129    .ARM.Collect$$libshutdown$$0000000F  c_w.l(libshutdown2.o)
    0x080001c6   0x00000002   Code   RO         4130    .ARM.Collect$$libshutdown$$00000010  c_w.l(libshutdown2.o)
    0x080001c8   0x00000000   Code   RO         3912    .ARM.Collect$$rtentry$$00000000  c_w.l(__rtentry.o)
    0x080001c8   0x00000000   Code   RO         3942    .ARM.Collect$$rtentry$$00000002  c_w.l(__rtentry2.o)
    0x080001c8   0x00000006   Code   RO         3954    .ARM.Collect$$rtentry$$00000004  c_w.l(__rtentry4.o)
    0x080001ce   0x00000000   Code   RO         3944    .ARM.Collect$$rtentry$$00000009  c_w.l(__rtentry2.o)
    0x080001ce   0x00000004   Code   RO         3945    .ARM.Collect$$rtentry$$0000000A  c_w.l(__rtentry2.o)
    0x080001d2   0x00000000   Code   RO         3947    .ARM.Collect$$rtentry$$0000000C  c_w.l(__rtentry2.o)
    0x080001d2   0x00000008   Code   RO         3948    .ARM.Collect$$rtentry$$0000000D  c_w.l(__rtentry2.o)
    0x080001da   0x00000002   Code   RO         4139    .ARM.Collect$$rtexit$$00000000  c_w.l(rtexit.o)
    0x080001dc   0x00000000   Code   RO         4201    .ARM.Collect$$rtexit$$00000002  c_w.l(rtexit2.o)
    0x080001dc   0x00000004   Code   RO         4202    .ARM.Collect$$rtexit$$00000003  c_w.l(rtexit2.o)
    0x080001e0   0x00000006   Code   RO         4203    .ARM.Collect$$rtexit$$00000004  c_w.l(rtexit2.o)
    0x080001e6   0x00000002   PAD
    0x080001e8   0x00000034   Code   RO         3803    .text               startup_stm32f10x_md.o
    0x0800021c   0x00000048   Code   RO         3837    .text               c_w.l(llsdiv.o)
    0x08000264   0x00000028   Code   RO         3845    .text               c_w.l(noretval__2sprintf.o)
    0x0800028c   0x0000004e   Code   RO         3849    .text               c_w.l(_printf_pad.o)
    0x080002da   0x00000052   Code   RO         3851    .text               c_w.l(_printf_str.o)
    0x0800032c   0x00000078   Code   RO         3853    .text               c_w.l(_printf_dec.o)
    0x080003a4   0x00000160   Code   RO         3870    .text               c_w.l(__printf_ss_wp.o)
    0x08000504   0x00000006   Code   RO         3880    .text               c_w.l(heapauxi.o)
    0x0800050a   0x000000ee   Code   RO         3913    .text               c_w.l(lludivv7m.o)
    0x080005f8   0x000000b2   Code   RO         3915    .text               c_w.l(_printf_intcommon.o)
    0x080006aa   0x00000002   PAD
    0x080006ac   0x00000030   Code   RO         3917    .text               c_w.l(_printf_char_common.o)
    0x080006dc   0x0000000a   Code   RO         3919    .text               c_w.l(_sputc.o)
    0x080006e6   0x0000002c   Code   RO         3921    .text               c_w.l(_printf_char.o)
    0x08000712   0x0000004a   Code   RO         3983    .text               c_w.l(sys_stackheap_outer.o)
    0x0800075c   0x00000012   Code   RO         4056    .text               c_w.l(exit.o)
    0x0800076e   0x00000002   PAD
    0x08000770   0x00000008   Code   RO         4133    .text               c_w.l(libspace.o)
    0x08000778   0x00000002   Code   RO         4136    .text               c_w.l(use_no_semi.o)
    0x0800077a   0x00000000   Code   RO         4138    .text               c_w.l(indicate_semi.o)
    0x0800077a   0x00000002   PAD
    0x0800077c   0x0000000c   Code   RO         4198    .text               c_w.l(sys_exit.o)
    0x08000788   0x00000004   Code   RO          909    i.BusFault_Handler  stm32f10x_it.o
    0x0800078c   0x00000044   Code   RO          529    i.DATAIN            lcd.o
    0x080007d0   0x00000054   Code   RO          530    i.DATAOUT           lcd.o
    0x08000824   0x00000002   Code   RO          910    i.DebugMon_Handler  stm32f10x_it.o
    0x08000826   0x0000001c   Code   RO          531    i.EXTI1_IRQHandler  lcd.o
    0x08000842   0x0000001c   Code   RO          532    i.EXTI2_IRQHandler  lcd.o
    0x0800085e   0x00000002   PAD
    0x08000860   0x00000020   Code   RO          259    i.EXTI9_5_IRQHandler  exti.o
    0x08000880   0x0000000c   Code   RO         3010    i.EXTI_ClearITPendingBit  stm32f10x_exti.o
    0x0800088c   0x00000028   Code   RO         3014    i.EXTI_GetITStatus  stm32f10x_exti.o
    0x080008b4   0x000000b8   Code   RO         3015    i.EXTI_Init         stm32f10x_exti.o
    0x0800096c   0x00000040   Code   RO         1561    i.GPIO_EXTILineConfig  stm32f10x_gpio.o
    0x080009ac   0x00000116   Code   RO         1564    i.GPIO_Init         stm32f10x_gpio.o
    0x08000ac2   0x00000004   Code   RO         1571    i.GPIO_ResetBits    stm32f10x_gpio.o
    0x08000ac6   0x00000004   Code   RO         1572    i.GPIO_SetBits      stm32f10x_gpio.o
    0x08000aca   0x00000004   Code   RO          911    i.HardFault_Handler  stm32f10x_it.o
    0x08000ace   0x00000002   PAD
    0x08000ad0   0x00000050   Code   RO          533    i.LCD_Clear         lcd.o
    0x08000b20   0x00000044   Code   RO          535    i.LCD_Config_DIN    lcd.o
    0x08000b64   0x00000038   Code   RO          536    i.LCD_Config_DOUT   lcd.o
    0x08000b9c   0x00000078   Code   RO          537    i.LCD_Configuration  lcd.o
    0x08000c14   0x00000068   Code   RO          540    i.LCD_Display_Dir   lcd.o
    0x08000c7c   0x000000b0   Code   RO          541    i.LCD_DrawLine      lcd.o
    0x08000d2c   0x00000040   Code   RO          542    i.LCD_DrawPoint     lcd.o
    0x08000d6c   0x00000040   Code   RO          543    i.LCD_DrawRectangle  lcd.o
    0x08000dac   0x000000f8   Code   RO          545    i.LCD_Fast_DrawPoint  lcd.o
    0x08000ea4   0x00000070   Code   RO          546    i.LCD_Fill          lcd.o
    0x08000f14   0x000002ac   Code   RO          547    i.LCD_Init          lcd.o
    0x080011c0   0x00000038   Code   RO          549    i.LCD_RD_DATA       lcd.o
    0x080011f8   0x00000010   Code   RO          551    i.LCD_ReadReg       lcd.o
    0x08001208   0x00000064   Code   RO          553    i.LCD_Scan_Dir      lcd.o
    0x0800126c   0x000000b0   Code   RO          554    i.LCD_SetCursor     lcd.o
    0x0800131c   0x00000128   Code   RO          556    i.LCD_ShowChar      lcd.o
    0x08001444   0x00000066   Code   RO          558    i.LCD_ShowString    lcd.o
    0x080014aa   0x00000002   PAD
    0x080014ac   0x0000002c   Code   RO          560    i.LCD_WR_DATAX      lcd.o
    0x080014d8   0x00000028   Code   RO          561    i.LCD_WR_REG        lcd.o
    0x08001500   0x00000010   Code   RO          563    i.LCD_WriteRAM_Prepare  lcd.o
    0x08001510   0x00000034   Code   RO          564    i.LCD_WriteReg      lcd.o
    0x08001544   0x00000004   Code   RO          912    i.MemManage_Handler  stm32f10x_it.o
    0x08001548   0x00000002   Code   RO          913    i.NMI_Handler       stm32f10x_it.o
    0x0800154a   0x00000034   Code   RO          391    i.NVIC_Configuration  uart.o
    0x0800157e   0x00000002   PAD
    0x08001580   0x00000070   Code   RO         1523    i.NVIC_Init         misc.o
    0x080015f0   0x00000014   Code   RO         1524    i.NVIC_PriorityGroupConfig  misc.o
    0x08001604   0x00000014   Code   RO         1525    i.NVIC_SetVectorTable  misc.o
    0x08001618   0x00000002   Code   RO          914    i.PendSV_Handler    stm32f10x_it.o
    0x0800161a   0x00000002   PAD
    0x0800161c   0x00000020   Code   RO         1671    i.RCC_APB2PeriphClockCmd  stm32f10x_rcc.o
    0x0800163c   0x000000d4   Code   RO         1679    i.RCC_GetClocksFreq  stm32f10x_rcc.o
    0x08001710   0x000000b4   Code   RO          392    i.RS232_Configuration  uart.o
    0x080017c4   0x000000e0   Code   RO          566    i.SPI_X             lcd.o
    0x080018a4   0x000000e0   Code   RO          567    i.SPI_Y             lcd.o
    0x08001984   0x00000002   Code   RO          915    i.SVC_Handler       stm32f10x_it.o
    0x08001986   0x00000008   Code   RO         3807    i.SetSysClock       system_stm32f10x.o
    0x0800198e   0x00000002   PAD
    0x08001990   0x000000e4   Code   RO         3808    i.SetSysClockTo72   system_stm32f10x.o
    0x08001a74   0x00000028   Code   RO         1527    i.SysTick_CLKSourceConfig  misc.o
    0x08001a9c   0x00000008   Code   RO          360    i.SysTick_Handler   systick.o
    0x08001aa4   0x00000050   Code   RO         3809    i.SystemInit        system_stm32f10x.o
    0x08001af4   0x000000c4   Code   RO          916    i.TIM3_IRQHandler   stm32f10x_it.o
    0x08001bb8   0x00000006   Code   RO          986    i.TIM_ClearITPendingBit  stm32f10x_tim.o
    0x08001bbe   0x00000006   Code   RO         1006    i.TIM_GetCapture1   stm32f10x_tim.o
    0x08001bc4   0x00000064   Code   RO          568    i.TOUCH_INT_EXIT_Init  lcd.o
    0x08001c28   0x0000002c   Code   RO          569    i.TOUCH_INT_config  lcd.o
    0x08001c54   0x00000030   Code   RO          570    i.TOUCH_InterruptConfig  lcd.o
    0x08001c84   0x00000098   Code   RO          571    i.TOUCH_SCREEN_INIT  lcd.o
    0x08001d1c   0x000000a8   Code   RO          572    i.TP_Read_AD        lcd.o
    0x08001dc4   0x00000054   Code   RO          573    i.TP_Write_Byte     lcd.o
    0x08001e18   0x000000fc   Code   RO          574    i.TouchScreen       lcd.o
    0x08001f14   0x0000023c   Code   RO          575    i.Touch_AutoWireIfNeeded  lcd.o
    0x08002150   0x00000d44   Code   RO          577    i.Touch_Debug_Show_OnePage  lcd.o
    0x08002e94   0x00000014   Code   RO          578    i.Touch_Init        lcd.o
    0x08002ea8   0x0000001c   Code   RO          579    i.Touch_PenDown     lcd.o
    0x08002ec4   0x00000020   Code   RO          580    i.Touch_PenDownAny  lcd.o
    0x08002ee4   0x0000008c   Code   RO          395    i.USART1_IRQHandler  uart.o
    0x08002f70   0x00000014   Code   RO         2575    i.USART_ClearITPendingBit  stm32f10x_usart.o
    0x08002f84   0x00000018   Code   RO         2578    i.USART_Cmd         stm32f10x_usart.o
    0x08002f9c   0x0000004c   Code   RO         2582    i.USART_GetITStatus  stm32f10x_usart.o
    0x08002fe8   0x00000040   Code   RO         2584    i.USART_ITConfig    stm32f10x_usart.o
    0x08003028   0x0000009c   Code   RO         2585    i.USART_Init        stm32f10x_usart.o
    0x080030c4   0x0000000a   Code   RO         2590    i.USART_ReceiveData  stm32f10x_usart.o
    0x080030ce   0x00000008   Code   RO         2593    i.USART_SendData    stm32f10x_usart.o
    0x080030d6   0x00000004   Code   RO          917    i.UsageFault_Handler  stm32f10x_it.o
    0x080030da   0x0000000e   Code   RO         3865    i._is_digit         c_w.l(__printf_wp.o)
    0x080030e8   0x0000000e   Code   RO            1    i.abs_i             main.o
    0x080030f6   0x00000002   PAD
    0x080030f8   0x00000164   Code   RO            2    i.ai_turn           main.o
    0x0800325c   0x000000ba   Code   RO            3    i.apply_captures    main.o
    0x08003316   0x00000004   Code   RO            4    i.board_x0          main.o
    0x0800331a   0x00000004   Code   RO            5    i.board_y0          main.o
    0x0800331e   0x00000004   Code   RO            8    i.cell_size         main.o
    0x08003322   0x00000002   PAD
    0x08003324   0x00000090   Code   RO            9    i.check_game_end    main.o
    0x080033b4   0x0000001e   Code   RO           10    i.col_occupied_count  main.o
    0x080033d2   0x00000042   Code   RO           11    i.count_pieces      main.o
    0x08003414   0x00000018   Code   RO          306    i.delay_ms          sys.o
    0x0800342c   0x00000098   Code   RO           12    i.draw_board_lines  main.o
    0x080034c4   0x000000a8   Code   RO           13    i.draw_button       main.o
    0x0800356c   0x000000ec   Code   RO           14    i.draw_piece_at     main.o
    0x08003658   0x00000238   Code   RO           15    i.draw_scene        main.o
    0x08003890   0x0000009c   Code   RO           16    i.draw_start_screen  main.o
    0x0800392c   0x0000016c   Code   RO           17    i.handle_touch      main.o
    0x08003a98   0x00000070   Code   RO           18    i.has_any_move      main.o
    0x08003b08   0x0000001a   Code   RO           19    i.in_bounds         main.o
    0x08003b22   0x00000002   PAD
    0x08003b24   0x00000178   Code   RO           20    i.main              main.o
    0x08003c9c   0x00000074   Code   RO           21    i.reset_board       main.o
    0x08003d10   0x00000024   Code   RO           22    i.rng_next          main.o
    0x08003d34   0x0000001e   Code   RO           23    i.row_occupied_count  main.o
    0x08003d52   0x00000002   PAD
    0x08003d54   0x00000040   Code   RO           24    i.set_game_over     main.o
    0x08003d94   0x00000010   Code   RO           25    i.start_game        main.o
    0x08003da4   0x0000006c   Code   RO          361    i.systick_init      systick.o
    0x08003e10   0x00000068   Code   RO          362    i.time_handle       systick.o
    0x08003e78   0x0000009c   Code   RO          584    i.touch_apply_wiring  lcd.o
    0x08003f14   0x000000b8   Code   RO          585    i.touch_config_pen_exti  lcd.o
    0x08003fcc   0x00000018   Code   RO          586    i.touch_delay_ms    lcd.o
    0x08003fe4   0x00000020   Code   RO          587    i.touch_delay_us    lcd.o
    0x08004004   0x00000038   Code   RO           26    i.touch_in_rect     main.o
    0x0800403c   0x00000020   Code   RO          588    i.touch_pin_to_index  lcd.o
    0x0800405c   0x00000008   Code   RO          589    i.touch_raw_to_value  lcd.o
    0x08004064   0x0000000c   Code   RO          590    i.touch_read_axis_raw  lcd.o
    0x08004070   0x00000064   Code   RO           27    i.touch_to_cell     main.o
    0x080040d4   0x000000a4   Code   RO           28    i.try_move          main.o
    0x08004178   0x00000184   Code   RO         3897    x$fpl$fdiv          fz_ws.l(fdiv.o)
    0x080042fc   0x00000036   Code   RO         3900    x$fpl$ffix          fz_ws.l(ffix.o)
    0x08004332   0x00000002   PAD
    0x08004334   0x00000030   Code   RO         3905    x$fpl$fflt          fz_ws.l(fflt_clz.o)
    0x08004364   0x00000102   Code   RO         3910    x$fpl$fmul          fz_ws.l(fmul.o)
    0x08004466   0x0000008c   Code   RO         3936    x$fpl$fnaninf       fz_ws.l(fnaninf.o)
    0x080044f2   0x0000000a   Code   RO         3938    x$fpl$fretinf       fz_ws.l(fretinf.o)
    0x080044fc   0x00000000   Code   RO         3940    x$fpl$usenofp       fz_ws.l(usenofp.o)
    0x080044fc   0x00000040   Data   RO           30    .constdata          main.o
    0x0800453c   0x00001814   Data   RO          593    .constdata          lcd.o
    0x08005d50   0x00000020   Data   RO         4284    Region$$Table       anon$$obj.o


    Execution Region RW_IRAM1 (Base: 0x20000000, Size: 0x00000530, Max: 0x0000c000, ABSOLUTE)

    Base Addr    Size         Type   Attr      Idx    E Section Name        Object

    0x20000000   0x00000014   Data   RW           31    .data               main.o
    0x20000014   0x00000004   Data   RW          263    .data               exti.o
    0x20000018   0x00000010   Data   RW          363    .data               systick.o
    0x20000028   0x0000000c   Data   RW          397    .data               uart.o
    0x20000034   0x00000079   Data   RW          594    .data               lcd.o
    0x200000ad   0x00000003   PAD
    0x200000b0   0x00000018   Data   RW          918    .data               stm32f10x_it.o
    0x200000c8   0x00000014   Data   RW         1699    .data               stm32f10x_rcc.o
    0x200000dc   0x00000034   Zero   RW           29    .bss                main.o
    0x20000110   0x00000190   Zero   RW          396    .bss                uart.o
    0x200002a0   0x0000002e   Zero   RW          592    .bss                lcd.o
    0x200002ce   0x00000002   PAD
    0x200002d0   0x00000060   Zero   RW         4134    .bss                c_w.l(libspace.o)
    0x20000330   0x00000000   Zero   RW         3801    HEAP                startup_stm32f10x_md.o
    0x20000330   0x00000200   Zero   RW         3800    STACK               startup_stm32f10x_md.o


==============================================================================

Image component sizes


      Code (inc. data)   RO Data    RW Data    ZI Data      Debug   Object Name

        32          4          0          4          0       2833   exti.o
      8674       1206       6164        121         46      35766   lcd.o
      3548        502         64         20         52     261285   main.o
       192         30          0          0          0       2807   misc.o
        52         18        304          0        512        852   startup_stm32f10x_md.o
       236         22          0          0          0       2236   stm32f10x_exti.o
       350          4          0          0          0       3714   stm32f10x_gpio.o
       220         32          0         24          0       4490   stm32f10x_it.o
       244         26          0         20          0       4029   stm32f10x_rcc.o
        12          0          0          0          0       4190   stm32f10x_tim.o
       358          6          0          0          0       6397   stm32f10x_usart.o
        24          6          0          0          0        479   sys.o
       316         20          0          0          0       2001   system_stm32f10x.o
       220         32          0         16          0       6693   systick.o
       372         38          0         12        400       9209   uart.o

    ----------------------------------------------------------------------
     14870       1946       6564        220       1012     346981   Object Totals
         0          0         32          0          0          0   (incl. Generated)
        20          0          0          3          2          0   (incl. Padding)

    ----------------------------------------------------------------------

      Code (inc. data)   RO Data    RW Data    ZI Data      Debug   Library Member Name

         8          0          0          0          0         68   __main.o
       352          0          0          0          0         88   __printf_ss_wp.o
        14          0          0          0          0         68   __printf_wp.o
         0          0          0          0          0          0   __rtentry.o
        12          0          0          0          0          0   __rtentry2.o
         6          0          0          0          0          0   __rtentry4.o
        52          8          0          0          0          0   __scatter.o
        26          0          0          0          0          0   __scatter_copy.o
        28          0          0          0          0          0   __scatter_zi.o
         6          0          0          0          0          0   _printf_c.o
        44          0          0          0          0        108   _printf_char.o
        48          6          0          0          0         96   _printf_char_common.o
         6          0          0          0          0          0   _printf_d.o
       120         16          0          0          0         92   _printf_dec.o
       178          0          0          0          0         88   _printf_intcommon.o
        78          0          0          0          0        108   _printf_pad.o
         0          0          0          0          0          0   _printf_percent.o
         4          0          0          0          0          0   _printf_percent_end.o
         6          0          0          0          0          0   _printf_s.o
        82          0          0          0          0         80   _printf_str.o
         6          0          0          0          0          0   _printf_u.o
        10          0          0          0          0         68   _sputc.o
        18          0          0          0          0         80   exit.o
         6          0          0          0          0        152   heapauxi.o
         0          0          0          0          0          0   indicate_semi.o
         2          0          0          0          0          0   libinit.o
         2          0          0          0          0          0   libinit2.o
         2          0          0          0          0          0   libshutdown.o
         2          0          0          0          0          0   libshutdown2.o
         8          4          0          0         96         68   libspace.o
        72          0          0          0          0         76   llsdiv.o
       238          0          0          0          0        100   lludivv7m.o
        40          6          0          0          0         84   noretval__2sprintf.o
         2          0          0          0          0          0   rtexit.o
        10          0          0          0          0          0   rtexit2.o
        12          4          0          0          0         68   sys_exit.o
        74          0          0          0          0         80   sys_stackheap_outer.o
         2          0          0          0          0         68   use_no_semi.o
       388         76          0          0          0         96   fdiv.o
        54          4          0          0          0         84   ffix.o
        48          0          0          0          0         68   fflt_clz.o
       258          4          0          0          0         84   fmul.o
       140          4          0          0          0         84   fnaninf.o
        10          0          0          0          0         68   fretinf.o
         0          0          0          0          0          0   usenofp.o

    ----------------------------------------------------------------------
      2486        132          0          0         96       2124   Library Totals
        12          0          0          0          0          0   (incl. Padding)

    ----------------------------------------------------------------------

      Code (inc. data)   RO Data    RW Data    ZI Data      Debug   Library Name

      1576         44          0          0         96       1640   c_w.l
       898         88          0          0          0        484   fz_ws.l

    ----------------------------------------------------------------------
      2486        132          0          0         96       2124   Library Totals

    ----------------------------------------------------------------------

==============================================================================


      Code (inc. data)   RO Data    RW Data    ZI Data      Debug   

     17356       2078       6564        220       1108     342289   Grand Totals
     17356       2078       6564        220       1108     342289   ELF Image Totals
     17356       2078       6564        220          0          0   ROM Totals

==============================================================================

    Total RO  Size (Code + RO Data)                23920 (  23.36kB)
    Total RW  Size (RW Data + ZI Data)              1328 (   1.30kB)
    Total ROM Size (Code + RO Data + RW Data)      24140 (  23.57kB)

==============================================================================

